<?xml version="1.0" encoding="UTF-8"?>
<map:map xmlns:map="http://www.indy.com/v2/map" id="_2zc9cH1FEe6F_fnQESD-eA" internalVersion="7" tech="resource.tech#_waYSMH8VEd2__Mzb_dB76A?fileId=_waYSMH8VEd2__Mzb_dB76A$type=tech$name=flow?">
  <datastore id="_ILEjkIUoEe6_ZKlljuliUA" alias="F_CLIENT_20231110" dataset="_ILQw0IUoEe6_ZKlljuliUA" ref="resource.md#_bxdw0IUnEe6_ZKlljuliUA?fileId=_aelzsIUnEe6_ZKlljuliUA$type=md$name=F_CLIENT_20231110?">
    <field id="_ILOUlYUoEe6_ZKlljuliUA" fullAlias="CHAMP4" name="CHAMP4" parent="_ILOUkIUoEe6_ZKlljuliUA" ref="resource.md#_lVGDOIUnEe6_ZKlljuliUA?fileId=_aelzsIUnEe6_ZKlljuliUA$type=md$name=CHAMP4?"/>
    <field id="_ILOUmYUoEe6_ZKlljuliUA" fullAlias="CHAMP8" name="CHAMP8" parent="_ILOUkIUoEe6_ZKlljuliUA" ref="resource.md#_sHqjMIUnEe6_ZKlljuliUA?fileId=_aelzsIUnEe6_ZKlljuliUA$type=md$name=CHAMP8?"/>
    <field id="_ILOUloUoEe6_ZKlljuliUA" fullAlias="CHAMP5" name="CHAMP5" parent="_ILOUkIUoEe6_ZKlljuliUA" ref="resource.md#_lVGDPYUnEe6_ZKlljuliUA?fileId=_aelzsIUnEe6_ZKlljuliUA$type=md$name=CHAMP5?"/>
    <field id="_ILOUkIUoEe6_ZKlljuliUA" expand="true" name="F_CLIENT_20231110" ref="resource.md#_bxdw0IUnEe6_ZKlljuliUA?fileId=_aelzsIUnEe6_ZKlljuliUA$type=md$name=F_CLIENT_20231110?" updateKey="true"/>
    <field id="_ILOUnoUoEe6_ZKlljuliUA" fullAlias="CHAMP13" name="CHAMP13" parent="_ILOUkIUoEe6_ZKlljuliUA" ref="resource.md#_sdBvMIUnEe6_ZKlljuliUA?fileId=_aelzsIUnEe6_ZKlljuliUA$type=md$name=CHAMP13?"/>
    <field id="_ILOUmoUoEe6_ZKlljuliUA" fullAlias="CHAMP9" name="CHAMP9" parent="_ILOUkIUoEe6_ZKlljuliUA" ref="resource.md#_sLxAEIUnEe6_ZKlljuliUA?fileId=_aelzsIUnEe6_ZKlljuliUA$type=md$name=CHAMP9?"/>
    <field id="_ILOUkoUoEe6_ZKlljuliUA" fullAlias="CHAMP1" name="CHAMP1" parent="_ILOUkIUoEe6_ZKlljuliUA" ref="resource.md#_lVC_4IUnEe6_ZKlljuliUA?fileId=_aelzsIUnEe6_ZKlljuliUA$type=md$name=CHAMP1?"/>
    <field id="_ILOUl4UoEe6_ZKlljuliUA" fullAlias="CHAMP6" name="CHAMP6" parent="_ILOUkIUoEe6_ZKlljuliUA" ref="resource.md#_lVGDQYUnEe6_ZKlljuliUA?fileId=_aelzsIUnEe6_ZKlljuliUA$type=md$name=CHAMP6?"/>
    <field id="_ILOUkYUoEe6_ZKlljuliUA" fullAlias="file_name" name="file_name" parent="_ILOUkIUoEe6_ZKlljuliUA" ref="resource.md#_-dK65IUnEe6_ZKlljuliUA?fileId=_aelzsIUnEe6_ZKlljuliUA$type=md$name=file_name?"/>
    <field id="_ILOUmIUoEe6_ZKlljuliUA" fullAlias="CHAMP7" name="CHAMP7" parent="_ILOUkIUoEe6_ZKlljuliUA" ref="resource.md#_sD7SsIUnEe6_ZKlljuliUA?fileId=_aelzsIUnEe6_ZKlljuliUA$type=md$name=CHAMP7?"/>
    <field id="_ILOUlIUoEe6_ZKlljuliUA" fullAlias="CHAMP3" name="CHAMP3" parent="_ILOUkIUoEe6_ZKlljuliUA" ref="resource.md#_lVGDNIUnEe6_ZKlljuliUA?fileId=_aelzsIUnEe6_ZKlljuliUA$type=md$name=CHAMP3?"/>
    <field id="_ILOUnYUoEe6_ZKlljuliUA" fullAlias="CHAMP12" name="CHAMP12" parent="_ILOUkIUoEe6_ZKlljuliUA" ref="resource.md#_sYo-cIUnEe6_ZKlljuliUA?fileId=_aelzsIUnEe6_ZKlljuliUA$type=md$name=CHAMP12?"/>
    <field id="_ILOUk4UoEe6_ZKlljuliUA" fullAlias="CHAMP2" name="CHAMP2" parent="_ILOUkIUoEe6_ZKlljuliUA" ref="resource.md#_lVGDMIUnEe6_ZKlljuliUA?fileId=_aelzsIUnEe6_ZKlljuliUA$type=md$name=CHAMP2?"/>
    <field id="_ILOUm4UoEe6_ZKlljuliUA" fullAlias="CHAMP10" name="CHAMP10" parent="_ILOUkIUoEe6_ZKlljuliUA" ref="resource.md#_sQGGcIUnEe6_ZKlljuliUA?fileId=_aelzsIUnEe6_ZKlljuliUA$type=md$name=CHAMP10?"/>
    <field id="_ILOUnIUoEe6_ZKlljuliUA" fullAlias="CHAMP11" name="CHAMP11" parent="_ILOUkIUoEe6_ZKlljuliUA" ref="resource.md#_sUdpEIUnEe6_ZKlljuliUA?fileId=_aelzsIUnEe6_ZKlljuliUA$type=md$name=CHAMP11?"/>
  </datastore>
  <datastore id="_JhY2QIUoEe6_ZKlljuliUA" alias="FILE_CONTROL" dataset="_JhcgoIUoEe6_ZKlljuliUA" ref="resource.md#_1Y35wIUwEe6_ZKlljuliUA?fileId=_jy4uQIPiEe6_ZKlljuliUA$type=md$name=FILE_CONTROL?" subExpression="[A]">
    <field id="_JhZdU4UoEe6_ZKlljuliUA" enable="true" insert="true" name="CHAMP4" ref="resource.md#_1eLQgIUwEe6_ZKlljuliUA?fileId=_jy4uQIPiEe6_ZKlljuliUA$type=md$name=CHAMP4?" update="true">
      <expression id="_Pl5WYIUoEe6_ZKlljuliUA" setDescriptorRef="_Pl4vUIUoEe6_ZKlljuliUA">
        <expression>F_CLIENT_20231110.CHAMP4</expression>
      </expression>
    </field>
    <field id="_JhZdUIUoEe6_ZKlljuliUA" enable="true" insert="true" name="CHAMP1" ref="resource.md#_1eINMIUwEe6_ZKlljuliUA?fileId=_jy4uQIPiEe6_ZKlljuliUA$type=md$name=CHAMP1?" update="true">
      <expression id="_Pl59cIUoEe6_ZKlljuliUA" setDescriptorRef="_Pl4vUIUoEe6_ZKlljuliUA">
        <expression>F_CLIENT_20231110.CHAMP1</expression>
      </expression>
    </field>
    <field id="_JharcIUoEe6_ZKlljuliUA" enable="true" insert="true" name="CHAMP11" ref="resource.md#_1eRXIIUwEe6_ZKlljuliUA?fileId=_jy4uQIPiEe6_ZKlljuliUA$type=md$name=CHAMP11?" update="true">
      <expression id="_Pl59cYUoEe6_ZKlljuliUA" setDescriptorRef="_Pl4vUIUoEe6_ZKlljuliUA">
        <expression>F_CLIENT_20231110.CHAMP11</expression>
      </expression>
    </field>
    <field id="_JharcoUoEe6_ZKlljuliUA" enable="true" insert="true" name="CHAMP13" ref="resource.md#_1eTMUIUwEe6_ZKlljuliUA?fileId=_jy4uQIPiEe6_ZKlljuliUA$type=md$name=CHAMP13?" update="true">
      <expression id="_Pl59coUoEe6_ZKlljuliUA" setDescriptorRef="_Pl4vUIUoEe6_ZKlljuliUA">
        <expression>F_CLIENT_20231110.CHAMP13</expression>
      </expression>
    </field>
    <field id="_JhaEYYUoEe6_ZKlljuliUA" enable="true" insert="true" name="CHAMP6" ref="resource.md#_1eNFsIUwEe6_ZKlljuliUA?fileId=_jy4uQIPiEe6_ZKlljuliUA$type=md$name=CHAMP6?" update="true">
      <expression id="_Pl59c4UoEe6_ZKlljuliUA" setDescriptorRef="_Pl4vUIUoEe6_ZKlljuliUA">
        <expression>F_CLIENT_20231110.CHAMP6</expression>
      </expression>
    </field>
    <field id="_JhaEY4UoEe6_ZKlljuliUA" enable="true" insert="true" name="CHAMP8" ref="resource.md#_1eO64IUwEe6_ZKlljuliUA?fileId=_jy4uQIPiEe6_ZKlljuliUA$type=md$name=CHAMP8?" update="true">
      <expression id="_Pl6kgIUoEe6_ZKlljuliUA" setDescriptorRef="_Pl4vUIUoEe6_ZKlljuliUA">
        <expression>F_CLIENT_20231110.CHAMP8</expression>
      </expression>
    </field>
    <field id="_JhaEZIUoEe6_ZKlljuliUA" enable="true" insert="true" name="CHAMP9" ref="resource.md#_1eQJAIUwEe6_ZKlljuliUA?fileId=_jy4uQIPiEe6_ZKlljuliUA$type=md$name=CHAMP9?" update="true">
      <expression id="_Pl6kgYUoEe6_ZKlljuliUA" setDescriptorRef="_Pl4vUIUoEe6_ZKlljuliUA">
        <expression>F_CLIENT_20231110.CHAMP9</expression>
      </expression>
    </field>
    <field id="_JhaEZYUoEe6_ZKlljuliUA" enable="true" insert="true" name="CHAMP10" ref="resource.md#_1eQwEIUwEe6_ZKlljuliUA?fileId=_jy4uQIPiEe6_ZKlljuliUA$type=md$name=CHAMP10?" update="true">
      <expression id="_Pl6kgoUoEe6_ZKlljuliUA" setDescriptorRef="_Pl4vUIUoEe6_ZKlljuliUA">
        <expression>F_CLIENT_20231110.CHAMP10</expression>
      </expression>
    </field>
    <field id="_Jharc4UoEe6_ZKlljuliUA" enable="true" insert="true" name="SOURCE" ref="resource.md#_1eUacIUwEe6_ZKlljuliUA?fileId=_jy4uQIPiEe6_ZKlljuliUA$type=md$name=SOURCE?" update="true">
      <expression id="_Pl6kg4UoEe6_ZKlljuliUA" setDescriptorRef="_Pl4vUIUoEe6_ZKlljuliUA">
        <expression>F_CLIENT_20231110.file_name</expression>
      </expression>
    </field>
    <field id="_JhaEYoUoEe6_ZKlljuliUA" enable="true" insert="true" name="CHAMP7" ref="resource.md#_1eOT0IUwEe6_ZKlljuliUA?fileId=_jy4uQIPiEe6_ZKlljuliUA$type=md$name=CHAMP7?" update="true">
      <expression id="_Pl7LkIUoEe6_ZKlljuliUA" setDescriptorRef="_Pl4vUIUoEe6_ZKlljuliUA">
        <expression>F_CLIENT_20231110.CHAMP7</expression>
      </expression>
    </field>
    <field id="_JhZdUYUoEe6_ZKlljuliUA" enable="true" insert="true" name="CHAMP2" ref="resource.md#_1eI0QIUwEe6_ZKlljuliUA?fileId=_jy4uQIPiEe6_ZKlljuliUA$type=md$name=CHAMP2?" update="true">
      <expression id="_Pl7LkYUoEe6_ZKlljuliUA" setDescriptorRef="_Pl4vUIUoEe6_ZKlljuliUA">
        <expression>F_CLIENT_20231110.CHAMP2</expression>
      </expression>
    </field>
    <field id="_JhaEYIUoEe6_ZKlljuliUA" enable="true" insert="true" name="CHAMP5" ref="resource.md#_1eMeoIUwEe6_ZKlljuliUA?fileId=_jy4uQIPiEe6_ZKlljuliUA$type=md$name=CHAMP5?" update="true">
      <expression id="_Pl7LkoUoEe6_ZKlljuliUA" setDescriptorRef="_Pl4vUIUoEe6_ZKlljuliUA">
        <expression>F_CLIENT_20231110.CHAMP5</expression>
      </expression>
    </field>
    <field id="_JharcYUoEe6_ZKlljuliUA" enable="true" insert="true" name="CHAMP12" ref="resource.md#_1eSlQIUwEe6_ZKlljuliUA?fileId=_jy4uQIPiEe6_ZKlljuliUA$type=md$name=CHAMP12?" update="true">
      <expression id="_Pl7Lk4UoEe6_ZKlljuliUA" setDescriptorRef="_Pl4vUIUoEe6_ZKlljuliUA">
        <expression>F_CLIENT_20231110.CHAMP12</expression>
      </expression>
    </field>
    <field id="_JhZdUoUoEe6_ZKlljuliUA" enable="true" insert="true" name="CHAMP3" ref="resource.md#_1eKCYIUwEe6_ZKlljuliUA?fileId=_jy4uQIPiEe6_ZKlljuliUA$type=md$name=CHAMP3?" update="true">
      <expression id="_Pl7yoIUoEe6_ZKlljuliUA" setDescriptorRef="_Pl4vUIUoEe6_ZKlljuliUA">
        <expression>F_CLIENT_20231110.CHAMP3</expression>
      </expression>
    </field>
    <setDescriptor id="_Pl4vUIUoEe6_ZKlljuliUA" label="A"/>
  </datastore>
  <template id="_PmAEEIUoEe6_ZKlljuliUA" name="I_FILE_CONTROL" process="resource.proc#_jkWgEFEJEeO7Vo9WeM2sCg?fileId=_jkWgEFEJEeO7Vo9WeM2sCg$type=proc$name=INTEGRATION%20Oracle?" targetId="_JhY2QIUoEe6_ZKlljuliUA">
    <parameter id="_V7-usIUoEe6_ZKlljuliUA" name="truncateTargetTable" value="true"/>
  </template>
  <template id="_PmUNIIUoEe6_ZKlljuliUA" name="L1_FILE_CONTROL" process="resource.proc#_a-mEoaIhEd68f8w2ej5O-w?fileId=_a-mEoaIhEd68f8w2ej5O-w$type=proc$name=LOAD%20File%20to%20Rdbms?" sourceId="_ILEjkIUoEe6_ZKlljuliUA" targetId="_JhY2QIUoEe6_ZKlljuliUA"/>
  <dataSet id="_ILQw0IUoEe6_ZKlljuliUA">
    <container>_ILEjkIUoEe6_ZKlljuliUA</container>
  </dataSet>
  <dataSet id="_JhcgoIUoEe6_ZKlljuliUA">
    <container>_JhY2QIUoEe6_ZKlljuliUA</container>
  </dataSet>
  <hint>
    <usedField>#_ILOUlYUoEe6_ZKlljuliUA</usedField>
    <usedField>#_ILOUmYUoEe6_ZKlljuliUA</usedField>
    <usedField>#_ILOUloUoEe6_ZKlljuliUA</usedField>
    <usedField>#_ILOUnoUoEe6_ZKlljuliUA</usedField>
    <usedField>#_ILOUmoUoEe6_ZKlljuliUA</usedField>
    <usedField>#_ILOUkoUoEe6_ZKlljuliUA</usedField>
    <usedField>#_ILOUl4UoEe6_ZKlljuliUA</usedField>
    <usedField>#_ILOUkYUoEe6_ZKlljuliUA</usedField>
    <usedField>#_ILOUmIUoEe6_ZKlljuliUA</usedField>
    <usedField>#_ILOUlIUoEe6_ZKlljuliUA</usedField>
    <usedField>#_ILOUnYUoEe6_ZKlljuliUA</usedField>
    <usedField>#_ILOUk4UoEe6_ZKlljuliUA</usedField>
    <usedField>#_ILOUm4UoEe6_ZKlljuliUA</usedField>
    <usedField>#_ILOUnIUoEe6_ZKlljuliUA</usedField>
  </hint>
  <diagram><![CDATA[<?xml version="1.0" encoding="UTF-8"?>
<notation:Diagram xmi:version="2.0" xmlns:xmi="http://www.omg.org/XMI" xmlns:xsi="http://www.w3.org/2001/XMLSchema-instance" xmlns:map="http://www.indy.com/v2/map" xmlns:notation="http://www.eclipse.org/gmf/runtime/1.0.1/notation" xsi:schemaLocation="http://www.eclipse.org/gmf/runtime/1.0.1/notation " xmi:id="_20QOsH1FEe6F_fnQESD-eA" type="Map" measurementUnit="Pixel">
  <children xmi:type="notation:Shape" xmi:id="_ILdlOYUoEe6_ZKlljuliUA" type="2004" fontName="Segoe UI">
    <children xmi:type="notation:DecorationNode" xmi:id="_ILeMMIUoEe6_ZKlljuliUA" type="5005"/>
    <children xmi:type="notation:DecorationNode" xmi:id="_ILeMMYUoEe6_ZKlljuliUA" type="5007"/>
    <children xmi:type="notation:DecorationNode" xmi:id="_ILeMMoUoEe6_ZKlljuliUA" type="7003"/>
    <children xmi:type="notation:DecorationNode" xmi:id="_ILeMM4UoEe6_ZKlljuliUA" type="7009"/>
    <children xmi:type="notation:BasicCompartment" xmi:id="_ILeMNIUoEe6_ZKlljuliUA" type="7004">
      <styles xmi:type="notation:SortingStyle" xmi:id="_ILeMNYUoEe6_ZKlljuliUA"/>
      <styles xmi:type="notation:FilteringStyle" xmi:id="_ILeMNoUoEe6_ZKlljuliUA"/>
    </children>
    <children xmi:type="notation:DecorationNode" xmi:id="_ILeMN4UoEe6_ZKlljuliUA" type="5009">
      <styles xmi:type="notation:DrawerStyle" xmi:id="_ILeMOIUoEe6_ZKlljuliUA"/>
    </children>
    <children xmi:type="notation:DecorationNode" xmi:id="_ILeMOYUoEe6_ZKlljuliUA" type="7005">
      <styles xmi:type="notation:SortingStyle" xmi:id="_ILeMOoUoEe6_ZKlljuliUA"/>
      <styles xmi:type="notation:FilteringStyle" xmi:id="_ILeMO4UoEe6_ZKlljuliUA"/>
    </children>
    <children xmi:type="notation:BasicCompartment" xmi:id="_ILeMPIUoEe6_ZKlljuliUA" type="7007"/>
    <element xmi:type="map:Datastore" href="resource.map#_ILEjkIUoEe6_ZKlljuliUA?fileId=_2zc9cH1FEe6F_fnQESD-eA$type=map?"/>
    <layoutConstraint xmi:type="notation:Bounds" xmi:id="_ILdlOoUoEe6_ZKlljuliUA" x="62" y="169"/>
  </children>
  <children xmi:type="notation:Shape" xmi:id="_Jhot_IUoEe6_ZKlljuliUA" type="2004" fontName="Segoe UI">
    <children xmi:type="notation:DecorationNode" xmi:id="_Jhot_oUoEe6_ZKlljuliUA" type="5005"/>
    <children xmi:type="notation:DecorationNode" xmi:id="_Jhot_4UoEe6_ZKlljuliUA" type="5007"/>
    <children xmi:type="notation:DecorationNode" xmi:id="_JhouAIUoEe6_ZKlljuliUA" type="7003"/>
    <children xmi:type="notation:DecorationNode" xmi:id="_JhpU8IUoEe6_ZKlljuliUA" type="7009"/>
    <children xmi:type="notation:BasicCompartment" xmi:id="_JhpU8YUoEe6_ZKlljuliUA" type="7004">
      <styles xmi:type="notation:SortingStyle" xmi:id="_JhpU8oUoEe6_ZKlljuliUA"/>
      <styles xmi:type="notation:FilteringStyle" xmi:id="_JhpU84UoEe6_ZKlljuliUA"/>
    </children>
    <children xmi:type="notation:DecorationNode" xmi:id="_JhpU9IUoEe6_ZKlljuliUA" type="5009">
      <styles xmi:type="notation:DrawerStyle" xmi:id="_JhpU9YUoEe6_ZKlljuliUA"/>
    </children>
    <children xmi:type="notation:DecorationNode" xmi:id="_JhpU9oUoEe6_ZKlljuliUA" type="7005">
      <styles xmi:type="notation:SortingStyle" xmi:id="_JhpU94UoEe6_ZKlljuliUA"/>
      <styles xmi:type="notation:FilteringStyle" xmi:id="_JhpU-IUoEe6_ZKlljuliUA"/>
    </children>
    <children xmi:type="notation:BasicCompartment" xmi:id="_JhpU-YUoEe6_ZKlljuliUA" type="7007"/>
    <element xmi:type="map:Datastore" href="resource.map#_JhY2QIUoEe6_ZKlljuliUA?fileId=_2zc9cH1FEe6F_fnQESD-eA$type=map?"/>
    <layoutConstraint xmi:type="notation:Bounds" xmi:id="_Jhot_YUoEe6_ZKlljuliUA" x="471" y="166"/>
  </children>
  <styles xmi:type="notation:DiagramStyle" xmi:id="_20QOsX1FEe6F_fnQESD-eA"/>
  <element xmi:type="map:Map" href="resource.map#_2zc9cH1FEe6F_fnQESD-eA?fileId=_2zc9cH1FEe6F_fnQESD-eA$type=map$name=LOAD_FILE_CONTROL?"/>
  <edges xmi:type="notation:Edge" xmi:id="_PmOtkIUoEe6_ZKlljuliUA" type="targetLink" source="_Jhot_IUoEe6_ZKlljuliUA" target="_ILdlOYUoEe6_ZKlljuliUA">
    <element xsi:nil="true"/>
    <bendpoints xmi:type="notation:RelativeBendpoints" xmi:id="_PmOtkYUoEe6_ZKlljuliUA" points="[-78, 3, 295, -9]$[-259, 8, 114, -4]"/>
  </edges>
  <edges xmi:type="notation:Edge" xmi:id="_PmP7sIUoEe6_ZKlljuliUA" type="targetDataSetLink" source="_Jhot_IUoEe6_ZKlljuliUA" target="_Jhot_IUoEe6_ZKlljuliUA">
    <element xmi:type="map:DataSet" href="resource.map#_ILQw0IUoEe6_ZKlljuliUA?fileId=_2zc9cH1FEe6F_fnQESD-eA$type=map?"/>
    <bendpoints xmi:type="notation:RelativeBendpoints" xmi:id="_PmP7sYUoEe6_ZKlljuliUA" points="[0, 0, 0, 0]$[0, 0, 0, 0]"/>
  </edges>
  <edges xmi:type="notation:Edge" xmi:id="_PmQiwIUoEe6_ZKlljuliUA" type="targetSetLink" source="_Jhot_IUoEe6_ZKlljuliUA" target="_Jhot_IUoEe6_ZKlljuliUA">
    <element xmi:type="map:SetDescriptor" href="resource.map#_Pl4vUIUoEe6_ZKlljuliUA?fileId=_2zc9cH1FEe6F_fnQESD-eA$type=map?"/>
    <bendpoints xmi:type="notation:RelativeBendpoints" xmi:id="_PmQiwYUoEe6_ZKlljuliUA" points="[0, 0, 0, 0]$[0, 0, 0, 0]"/>
  </edges>
</notation:Diagram>
]]></diagram>
</map:map>