<?xml version="1.0" encoding="UTF-8"?>
<map:map xmlns:map="http://www.indy.com/v2/map" id="__rWxQH1QEe6F_fnQESD-eA" internalVersion="7" tech="resource.tech#_waYSMH8VEd2__Mzb_dB76A?fileId=_waYSMH8VEd2__Mzb_dB76A$type=tech$name=flow?">
  <datastore id="_Au-xcH1REe6F_fnQESD-eA" alias="FILE_CONTROL" dataset="_0FhAAYUmEe6_ZKlljuliUA" ref="resource.md#_1Y35wIUwEe6_ZKlljuliUA?fileId=_jy4uQIPiEe6_ZKlljuliUA$type=md$name=FILE_CONTROL?">
    <field id="_AvAmoX1REe6F_fnQESD-eA" fullAlias="CHAMP2" name="CHAMP2" ref="resource.md#_1eI0QIUwEe6_ZKlljuliUA?fileId=_jy4uQIPiEe6_ZKlljuliUA$type=md$name=CHAMP2?"/>
    <field id="_AvAmon1REe6F_fnQESD-eA" fullAlias="CHAMP3" name="CHAMP3" ref="resource.md#_1eKCYIUwEe6_ZKlljuliUA?fileId=_jy4uQIPiEe6_ZKlljuliUA$type=md$name=CHAMP3?"/>
    <field id="_AvAmo31REe6F_fnQESD-eA" fullAlias="CHAMP4" name="CHAMP4" ref="resource.md#_1eLQgIUwEe6_ZKlljuliUA?fileId=_jy4uQIPiEe6_ZKlljuliUA$type=md$name=CHAMP4?"/>
    <field id="_AvAmoH1REe6F_fnQESD-eA" fullAlias="CHAMP1" name="CHAMP1" ref="resource.md#_1eINMIUwEe6_ZKlljuliUA?fileId=_jy4uQIPiEe6_ZKlljuliUA$type=md$name=CHAMP1?"/>
    <field id="_AvAmpH1REe6F_fnQESD-eA" fullAlias="CHAMP5" name="CHAMP5" ref="resource.md#_1eMeoIUwEe6_ZKlljuliUA?fileId=_jy4uQIPiEe6_ZKlljuliUA$type=md$name=CHAMP5?"/>
    <field id="_AvAmpX1REe6F_fnQESD-eA" fullAlias="CHAMP6" name="CHAMP6" ref="resource.md#_1eNFsIUwEe6_ZKlljuliUA?fileId=_jy4uQIPiEe6_ZKlljuliUA$type=md$name=CHAMP6?"/>
    <field id="_CilVsn1UEe6F_fnQESD-eA" fullAlias="CHAMP9" name="CHAMP9" ref="resource.md#_1eQJAIUwEe6_ZKlljuliUA?fileId=_jy4uQIPiEe6_ZKlljuliUA$type=md$name=CHAMP9?"/>
    <field id="_CilVs31UEe6F_fnQESD-eA" fullAlias="CHAMP10" name="CHAMP10" ref="resource.md#_1eQwEIUwEe6_ZKlljuliUA?fileId=_jy4uQIPiEe6_ZKlljuliUA$type=md$name=CHAMP10?"/>
    <field id="_CilVsH1UEe6F_fnQESD-eA" fullAlias="CHAMP7" name="CHAMP7" ref="resource.md#_1eOT0IUwEe6_ZKlljuliUA?fileId=_jy4uQIPiEe6_ZKlljuliUA$type=md$name=CHAMP7?"/>
    <field id="_Cil8wH1UEe6F_fnQESD-eA" fullAlias="CHAMP11" name="CHAMP11" ref="resource.md#_1eRXIIUwEe6_ZKlljuliUA?fileId=_jy4uQIPiEe6_ZKlljuliUA$type=md$name=CHAMP11?"/>
    <field id="_Cil8wX1UEe6F_fnQESD-eA" fullAlias="CHAMP12" name="CHAMP12" ref="resource.md#_1eSlQIUwEe6_ZKlljuliUA?fileId=_jy4uQIPiEe6_ZKlljuliUA$type=md$name=CHAMP12?"/>
    <field id="_CilVsX1UEe6F_fnQESD-eA" fullAlias="CHAMP8" name="CHAMP8" ref="resource.md#_1eO64IUwEe6_ZKlljuliUA?fileId=_jy4uQIPiEe6_ZKlljuliUA$type=md$name=CHAMP8?"/>
    <field id="_d5GlcH1VEe6F_fnQESD-eA" fullAlias="CHAMP13" name="CHAMP13" ref="resource.md#_1eTMUIUwEe6_ZKlljuliUA?fileId=_jy4uQIPiEe6_ZKlljuliUA$type=md$name=CHAMP13?"/>
    <field id="_Id2FUH13Ee6F_fnQESD-eA" fullAlias="SOURCE" name="SOURCE" ref="resource.md#_1eUacIUwEe6_ZKlljuliUA?fileId=_jy4uQIPiEe6_ZKlljuliUA$type=md$name=SOURCE?"/>
  </datastore>
  <datastore id="_eSpCMIUpEe6_ZKlljuliUA" alias="SOURCE" dataset="_0FhAAIUmEe6_ZKlljuliUA" ref="resource.md#_MPQCUIU2Ee6_ZKlljuliUA?fileId=_jy4uQIPiEe6_ZKlljuliUA$type=md$name=SOURCE?" subExpression="[A]">
    <field id="_eSppQYUpEe6_ZKlljuliUA" fullAlias="ID_SOURCE" name="ID_SOURCE" ref="resource.md#_MYzm8IU2Ee6_ZKlljuliUA?fileId=_jy4uQIPiEe6_ZKlljuliUA$type=md$name=ID_SOURCE?" updateKey="false">
      <expression id="_uThr4YUpEe6_ZKlljuliUA" setDescriptorRef="_uThr4IUpEe6_ZKlljuliUA">
        <expression></expression>
      </expression>
    </field>
    <field id="_eSqQUYUpEe6_ZKlljuliUA" enable="true" insert="true" name="DATE_INTEGRATION" ref="resource.md#_MY2DMIU2Ee6_ZKlljuliUA?fileId=_jy4uQIPiEe6_ZKlljuliUA$type=md$name=DATE_INTEGRATION?" update="false">
      <expression id="_uThr4oUpEe6_ZKlljuliUA" location="TRG" setDescriptorRef="_uThr4IUpEe6_ZKlljuliUA">
        <expression>CURRENT_TIMESTAMP</expression>
      </expression>
    </field>
    <field id="_eSqQUIUpEe6_ZKlljuliUA" enable="true" fullAlias="SOURCE" insert="true" name="SOURCE" ref="resource.md#_MY01EIU2Ee6_ZKlljuliUA?fileId=_jy4uQIPiEe6_ZKlljuliUA$type=md$name=SOURCE?" update="true" updateKey="true">
      <expression id="_uTiS8IUpEe6_ZKlljuliUA" setDescriptorRef="_uThr4IUpEe6_ZKlljuliUA">
        <expression>FILE_CONTROL.SOURCE</expression>
      </expression>
    </field>
    <constraint id="_eSw-AIUpEe6_ZKlljuliUA" name="PK_SAS_SOURCE" ref="resource.md#_MY_0MIU2Ee6_ZKlljuliUA?fileId=_jy4uQIPiEe6_ZKlljuliUA$type=md$name=PK_SAS_SOURCE?" reject="true"/>
    <setDescriptor id="_uThr4IUpEe6_ZKlljuliUA" label="A"/>
  </datastore>
  <datastore id="_0FV5gIUpEe6_ZKlljuliUA" alias="SAS_COMPTE" dataset="_0FY80IUpEe6_ZKlljuliUA" priorityOrder="3" ref="resource.md#_kvLqAIU4Ee6_ZKlljuliUA?fileId=_jy4uQIPiEe6_ZKlljuliUA$type=md$name=SAS_COMPTE?" subExpression="[A]">
    <field id="_0FXHooUpEe6_ZKlljuliUA" enable="true" insert="true" name="TYPE" ref="resource.md#_k1d4MIU4Ee6_ZKlljuliUA?fileId=_jy4uQIPiEe6_ZKlljuliUA$type=md$name=TYPE?" update="true">
      <expression id="_BfH-EYUqEe6_ZKlljuliUA" setDescriptorRef="_BfH-EIUqEe6_ZKlljuliUA">
        <expression>stage.CHAMP5</expression>
      </expression>
    </field>
    <field id="_0FXHoYUpEe6_ZKlljuliUA" enable="true" insert="true" name="STATUS" ref="resource.md#_k1dRIIU4Ee6_ZKlljuliUA?fileId=_jy4uQIPiEe6_ZKlljuliUA$type=md$name=STATUS?" update="true">
      <expression id="_BfH-EoUqEe6_ZKlljuliUA" setDescriptorRef="_BfH-EIUqEe6_ZKlljuliUA">
        <expression>stage.CHAMP4</expression>
      </expression>
    </field>
    <field id="_0FXusIUpEe6_ZKlljuliUA" enable="true" insert="true" name="DATE_CREATION" ref="resource.md#_k1gUcIU4Ee6_ZKlljuliUA?fileId=_jy4uQIPiEe6_ZKlljuliUA$type=md$name=DATE_CREATION?" update="true">
      <expression id="_BfH-E4UqEe6_ZKlljuliUA" setDescriptorRef="_BfH-EIUqEe6_ZKlljuliUA">
        <expression>current_timestamp</expression>
      </expression>
    </field>
    <field id="_0FXHoIUpEe6_ZKlljuliUA" enable="true" insert="true" name="ACTION" ref="resource.md#_k1cDAIU4Ee6_ZKlljuliUA?fileId=_jy4uQIPiEe6_ZKlljuliUA$type=md$name=ACTION?" update="true">
      <expression id="_BfH-FIUqEe6_ZKlljuliUA" setDescriptorRef="_BfH-EIUqEe6_ZKlljuliUA">
        <expression>stage.CHAMP2</expression>
      </expression>
    </field>
    <field id="_0FXHo4UpEe6_ZKlljuliUA" enable="true" insert="true" name="CABINET" ref="resource.md#_k1fGUIU4Ee6_ZKlljuliUA?fileId=_jy4uQIPiEe6_ZKlljuliUA$type=md$name=CABINET?" update="true">
      <expression id="_BfH-FYUqEe6_ZKlljuliUA" setDescriptorRef="_BfH-EIUqEe6_ZKlljuliUA">
        <expression>stage.CHAMP6</expression>
      </expression>
    </field>
    <field id="_0FXusYUpEe6_ZKlljuliUA" enable="true" insert="true" name="ID_SOURCE" ref="resource.md#_k1g7gIU4Ee6_ZKlljuliUA?fileId=_jy4uQIPiEe6_ZKlljuliUA$type=md$name=ID_SOURCE?" update="true">
      <expression id="_BfH-FoUqEe6_ZKlljuliUA" setDescriptorRef="_BfH-EIUqEe6_ZKlljuliUA">
        <expression>SOURCE.ID_SOURCE</expression>
      </expression>
    </field>
    <field id="_0FWgkYUpEe6_ZKlljuliUA" enable="true" insert="true" name="CLE_COMPTE" ref="resource.md#_k1a04IU4Ee6_ZKlljuliUA?fileId=_jy4uQIPiEe6_ZKlljuliUA$type=md$name=CLE_COMPTE?" update="true" updateKey="true">
      <expression id="_BfHXAIUqEe6_ZKlljuliUA" setDescriptorRef="_BfH-EIUqEe6_ZKlljuliUA">
        <expression>stage.CHAMP3</expression>
      </expression>
    </field>
    <constraint id="_0FXusoUpEe6_ZKlljuliUA" name="PK_SAS_COMPTE" ref="resource.md#_k1o3UIU4Ee6_ZKlljuliUA?fileId=_jy4uQIPiEe6_ZKlljuliUA$type=md$name=PK_SAS_COMPTE?" reject="true"/>
    <setDescriptor id="_BfH-EIUqEe6_ZKlljuliUA" label="A"/>
    <targetFilter id="_Ek8NkIUsEe6_ZKlljuliUA" enable="true" aggregate="false">
      <expression>stage.CHAMP1 = '100'</expression>
    </targetFilter>
  </datastore>
  <datastore id="_0icsQIUpEe6_ZKlljuliUA" alias="SAS_CLIENT" dataset="_0igWoIUpEe6_ZKlljuliUA" priorityOrder="3" ref="resource.md#_knCaoYU4Ee6_ZKlljuliUA?fileId=_jy4uQIPiEe6_ZKlljuliUA$type=md$name=SAS_CLIENT?" subExpression="[A]">
    <field id="_0id6ZYUpEe6_ZKlljuliUA" enable="true" insert="true" name="PRENOM" ref="resource.md#_ku2S0IU4Ee6_ZKlljuliUA?fileId=_jy4uQIPiEe6_ZKlljuliUA$type=md$name=PRENOM?" update="true">
      <expression id="_lW4rkoUqEe6_ZKlljuliUA" setDescriptorRef="_lW4rkYUqEe6_ZKlljuliUA">
        <expression>stage.CHAMP8</expression>
      </expression>
    </field>
    <field id="_0iehcYUpEe6_ZKlljuliUA" enable="true" insert="true" name="DATE_ANNIVERSAIRE" ref="resource.md#_ku3g8IU4Ee6_ZKlljuliUA?fileId=_jy4uQIPiEe6_ZKlljuliUA$type=md$name=DATE_ANNIVERSAIRE?" update="true">
      <expression id="_lW4rk4UqEe6_ZKlljuliUA" setDescriptorRef="_lW4rkYUqEe6_ZKlljuliUA">
        <expression>to_date ('01-01-1970', 'DD-MM-YYYY') + to_number (stage.CHAMP10)</expression>
      </expression>
    </field>
    <field id="_0id6YYUpEe6_ZKlljuliUA" enable="true" insert="true" name="ACTION" ref="resource.md#_kuzPgoU4Ee6_ZKlljuliUA?fileId=_jy4uQIPiEe6_ZKlljuliUA$type=md$name=ACTION?" update="true">
      <expression id="_lW4rlIUqEe6_ZKlljuliUA" setDescriptorRef="_lW4rkYUqEe6_ZKlljuliUA">
        <expression>stage.CHAMP2</expression>
      </expression>
    </field>
    <field id="_0iehc4UpEe6_ZKlljuliUA" enable="true" insert="true" name="MUTUELLE" ref="resource.md#_ku4vEIU4Ee6_ZKlljuliUA?fileId=_jy4uQIPiEe6_ZKlljuliUA$type=md$name=MUTUELLE?" update="true">
      <expression id="_lW4rlYUqEe6_ZKlljuliUA" setDescriptorRef="_lW4rkYUqEe6_ZKlljuliUA">
        <expression>stage.CHAMP12</expression>
      </expression>
    </field>
    <field id="_0id6ZIUpEe6_ZKlljuliUA" enable="true" insert="true" name="CIVILITE" ref="resource.md#_ku1rwIU4Ee6_ZKlljuliUA?fileId=_jy4uQIPiEe6_ZKlljuliUA$type=md$name=CIVILITE?" update="true">
      <expression id="_lW4rloUqEe6_ZKlljuliUA" setDescriptorRef="_lW4rkYUqEe6_ZKlljuliUA">
        <expression>stage.CHAMP7</expression>
      </expression>
    </field>
    <field id="_0iehdYUpEe6_ZKlljuliUA" enable="true" insert="true" name="ID_SOURCE" ref="resource.md#_ku59MIU4Ee6_ZKlljuliUA?fileId=_jy4uQIPiEe6_ZKlljuliUA$type=md$name=ID_SOURCE?" update="true">
      <expression id="_lW4rl4UqEe6_ZKlljuliUA" setDescriptorRef="_lW4rkYUqEe6_ZKlljuliUA">
        <expression>SOURCE.ID_SOURCE</expression>
      </expression>
    </field>
    <field id="_0idTUYUpEe6_ZKlljuliUA" enable="true" insert="true" name="CLE_CLIENT" ref="resource.md#_kuyBYIU4Ee6_ZKlljuliUA?fileId=_jy4uQIPiEe6_ZKlljuliUA$type=md$name=CLE_CLIENT?" update="true" updateKey="true">
      <expression id="_lW4rkIUqEe6_ZKlljuliUA" setDescriptorRef="_lW4rkYUqEe6_ZKlljuliUA">
        <expression>stage.CHAMP3</expression>
      </expression>
    </field>
    <field id="_0iehcoUpEe6_ZKlljuliUA" enable="true" insert="true" name="SEXE" ref="resource.md#_ku4IAIU4Ee6_ZKlljuliUA?fileId=_jy4uQIPiEe6_ZKlljuliUA$type=md$name=SEXE?" update="true">
      <expression id="_lW4rmIUqEe6_ZKlljuliUA" setDescriptorRef="_lW4rkYUqEe6_ZKlljuliUA">
        <expression>stage.CHAMP11</expression>
      </expression>
    </field>
    <field id="_0id6Y4UpEe6_ZKlljuliUA" enable="true" insert="true" name="TYPE" ref="resource.md#_ku1EsIU4Ee6_ZKlljuliUA?fileId=_jy4uQIPiEe6_ZKlljuliUA$type=md$name=TYPE?" update="true">
      <expression id="_lW4rmYUqEe6_ZKlljuliUA" setDescriptorRef="_lW4rkYUqEe6_ZKlljuliUA">
        <expression>stage.CHAMP6</expression>
      </expression>
    </field>
    <field id="_0iehcIUpEe6_ZKlljuliUA" enable="true" insert="true" name="NOM" ref="resource.md#_ku254IU4Ee6_ZKlljuliUA?fileId=_jy4uQIPiEe6_ZKlljuliUA$type=md$name=NOM?" update="true">
      <expression id="_lW4rmoUqEe6_ZKlljuliUA" setDescriptorRef="_lW4rkYUqEe6_ZKlljuliUA">
        <expression>stage.CHAMP9</expression>
      </expression>
    </field>
    <field id="_0iehdIUpEe6_ZKlljuliUA" enable="true" insert="true" name="DATE_CREATION" ref="resource.md#_ku5WIIU4Ee6_ZKlljuliUA?fileId=_jy4uQIPiEe6_ZKlljuliUA$type=md$name=DATE_CREATION?" update="false">
      <expression id="_lW4rm4UqEe6_ZKlljuliUA" location="TRG" setDescriptorRef="_lW4rkYUqEe6_ZKlljuliUA">
        <expression>current_timestamp</expression>
      </expression>
    </field>
    <field id="_0id6YoUpEe6_ZKlljuliUA" enable="true" insert="true" name="STATUS" ref="resource.md#_kuz2k4U4Ee6_ZKlljuliUA?fileId=_jy4uQIPiEe6_ZKlljuliUA$type=md$name=STATUS?" update="true">
      <expression id="_lW4rnIUqEe6_ZKlljuliUA" setDescriptorRef="_lW4rkYUqEe6_ZKlljuliUA">
        <expression>stage.CHAMP5</expression>
      </expression>
    </field>
    <field id="_0id6YIUpEe6_ZKlljuliUA" enable="true" insert="true" name="CLE_COMPTE" ref="resource.md#_kuyocIU4Ee6_ZKlljuliUA?fileId=_jy4uQIPiEe6_ZKlljuliUA$type=md$name=CLE_COMPTE?" update="true">
      <expression id="_lW4rnYUqEe6_ZKlljuliUA" setDescriptorRef="_lW4rkYUqEe6_ZKlljuliUA">
        <expression>stage.CHAMP4</expression>
      </expression>
    </field>
    <constraint id="_0iehdoUpEe6_ZKlljuliUA" name="PK_SAS_CLIENT" ref="resource.md#_kvB5AIU4Ee6_ZKlljuliUA?fileId=_jy4uQIPiEe6_ZKlljuliUA$type=md$name=PK_SAS_CLIENT?" reject="true"/>
    <setDescriptor id="_lW4rkYUqEe6_ZKlljuliUA" label="A"/>
    <targetFilter id="_Uy97YIUsEe6_ZKlljuliUA" enable="true" aggregate="false">
      <expression>stage.CHAMP1 = '200'</expression>
    </targetFilter>
  </datastore>
  <datastore id="_1kFvcIUpEe6_ZKlljuliUA" alias="SAS_ADRESSE" dataset="_1kJZ0IUpEe6_ZKlljuliUA" priorityOrder="3" ref="resource.md#_k8iwkIU4Ee6_ZKlljuliUA?fileId=_jy4uQIPiEe6_ZKlljuliUA$type=md$name=SAS_ADRESSE?" subExpression="[A]">
    <field id="_1kHko4UpEe6_ZKlljuliUA" enable="true" insert="true" name="DATE_CREATION" ref="resource.md#_lDP1gIU4Ee6_ZKlljuliUA?fileId=_jy4uQIPiEe6_ZKlljuliUA$type=md$name=DATE_CREATION?" update="false">
      <expression id="_-RH7koUqEe6_ZKlljuliUA" location="TRG" setDescriptorRef="_-RH7kYUqEe6_ZKlljuliUA">
        <expression>current_timestamp</expression>
      </expression>
    </field>
    <field id="_1kGWgYUpEe6_ZKlljuliUA" enable="true" insert="true" name="ACTION" ref="resource.md#_lDGEgIU4Ee6_ZKlljuliUA?fileId=_jy4uQIPiEe6_ZKlljuliUA$type=md$name=ACTION?" update="true">
      <expression id="_-RH7k4UqEe6_ZKlljuliUA" setDescriptorRef="_-RH7kYUqEe6_ZKlljuliUA">
        <expression>stage.CHAMP2</expression>
      </expression>
    </field>
    <field id="_1kHkooUpEe6_ZKlljuliUA" enable="true" insert="true" name="QUALITE" ref="resource.md#_lDPOcIU4Ee6_ZKlljuliUA?fileId=_jy4uQIPiEe6_ZKlljuliUA$type=md$name=QUALITE?" update="true">
      <expression id="_-RH7lIUqEe6_ZKlljuliUA" setDescriptorRef="_-RH7kYUqEe6_ZKlljuliUA">
        <expression>stage.CHAMP13</expression>
      </expression>
    </field>
    <field id="_1kGWgIUpEe6_ZKlljuliUA" enable="true" insert="true" name="CLE_CLIENT" ref="resource.md#_lDDoQIU4Ee6_ZKlljuliUA?fileId=_jy4uQIPiEe6_ZKlljuliUA$type=md$name=CLE_CLIENT?" update="true" updateKey="true">
      <expression id="_-RH7kIUqEe6_ZKlljuliUA" setDescriptorRef="_-RH7kYUqEe6_ZKlljuliUA">
        <expression>stage.CHAMP3</expression>
      </expression>
    </field>
    <field id="_1kGWg4UpEe6_ZKlljuliUA" enable="true" insert="true" name="LIGNE_1" ref="resource.md#_lDHSoIU4Ee6_ZKlljuliUA?fileId=_jy4uQIPiEe6_ZKlljuliUA$type=md$name=LIGNE_1?" update="true">
      <expression id="_-RH7lYUqEe6_ZKlljuliUA" setDescriptorRef="_-RH7kYUqEe6_ZKlljuliUA">
        <expression>stage.CHAMP5</expression>
      </expression>
    </field>
    <field id="_1kGWgoUpEe6_ZKlljuliUA" enable="true" insert="true" name="STATUS" ref="resource.md#_lDGrkIU4Ee6_ZKlljuliUA?fileId=_jy4uQIPiEe6_ZKlljuliUA$type=md$name=STATUS?" update="true">
      <expression id="_-RH7loUqEe6_ZKlljuliUA" setDescriptorRef="_-RH7kYUqEe6_ZKlljuliUA">
        <expression>stage.CHAMP4</expression>
      </expression>
    </field>
    <field id="_1kG9kYUpEe6_ZKlljuliUA" name="LIGNE_3" ref="resource.md#_lDJH0IU4Ee6_ZKlljuliUA?fileId=_jy4uQIPiEe6_ZKlljuliUA$type=md$name=LIGNE_3?">
      <expression id="_-RH7l4UqEe6_ZKlljuliUA" setDescriptorRef="_-RH7kYUqEe6_ZKlljuliUA"/>
    </field>
    <field id="_1kHkoIUpEe6_ZKlljuliUA" enable="true" insert="true" name="CODE_POSTAL" ref="resource.md#_lDMyMIU4Ee6_ZKlljuliUA?fileId=_jy4uQIPiEe6_ZKlljuliUA$type=md$name=CODE_POSTAL?" update="true">
      <expression id="_-RIioIUqEe6_ZKlljuliUA" setDescriptorRef="_-RH7kYUqEe6_ZKlljuliUA">
        <expression>stage.CHAMP11</expression>
      </expression>
    </field>
    <field id="_1kHkpIUpEe6_ZKlljuliUA" enable="true" insert="true" name="ID_SOURCE" ref="resource.md#_lDRDoIU4Ee6_ZKlljuliUA?fileId=_jy4uQIPiEe6_ZKlljuliUA$type=md$name=ID_SOURCE?" update="true">
      <expression id="_-RIioYUqEe6_ZKlljuliUA" setDescriptorRef="_-RH7kYUqEe6_ZKlljuliUA">
        <expression>SOURCE.ID_SOURCE</expression>
      </expression>
    </field>
    <field id="_1kG9kIUpEe6_ZKlljuliUA" enable="true" insert="true" name="LIGNE_2" ref="resource.md#_lDIgwIU4Ee6_ZKlljuliUA?fileId=_jy4uQIPiEe6_ZKlljuliUA$type=md$name=LIGNE_2?" update="true">
      <expression id="_-RIiooUqEe6_ZKlljuliUA" setDescriptorRef="_-RH7kYUqEe6_ZKlljuliUA">
        <expression>stage.CHAMP6</expression>
      </expression>
    </field>
    <field id="_1kHkoYUpEe6_ZKlljuliUA" enable="true" insert="true" name="PAYS" ref="resource.md#_lDOAUIU4Ee6_ZKlljuliUA?fileId=_jy4uQIPiEe6_ZKlljuliUA$type=md$name=PAYS?" update="true">
      <expression id="_-RIio4UqEe6_ZKlljuliUA" setDescriptorRef="_-RH7kYUqEe6_ZKlljuliUA">
        <expression>stage.CHAMP12</expression>
      </expression>
    </field>
    <field id="_1kG9koUpEe6_ZKlljuliUA" name="LIGNE_4" ref="resource.md#_lDKV8IU4Ee6_ZKlljuliUA?fileId=_jy4uQIPiEe6_ZKlljuliUA$type=md$name=LIGNE_4?">
      <expression id="_-RIipIUqEe6_ZKlljuliUA" setDescriptorRef="_-RH7kYUqEe6_ZKlljuliUA"/>
    </field>
    <field id="_1kG9lIUpEe6_ZKlljuliUA" enable="true" insert="true" name="VILLE" ref="resource.md#_lDMLIIU4Ee6_ZKlljuliUA?fileId=_jy4uQIPiEe6_ZKlljuliUA$type=md$name=VILLE?" update="true">
      <expression id="_-RIipYUqEe6_ZKlljuliUA" setDescriptorRef="_-RH7kYUqEe6_ZKlljuliUA">
        <expression>stage.CHAMP10</expression>
      </expression>
    </field>
    <field id="_1kG9k4UpEe6_ZKlljuliUA" name="LIGNE_5" ref="resource.md#_lDK9AIU4Ee6_ZKlljuliUA?fileId=_jy4uQIPiEe6_ZKlljuliUA$type=md$name=LIGNE_5?">
      <expression id="_-RIipoUqEe6_ZKlljuliUA" setDescriptorRef="_-RH7kYUqEe6_ZKlljuliUA"/>
    </field>
    <constraint id="_1kHkpYUpEe6_ZKlljuliUA" name="PK_SAS_ADRESSE" ref="resource.md#_lDV8IIU4Ee6_ZKlljuliUA?fileId=_jy4uQIPiEe6_ZKlljuliUA$type=md$name=PK_SAS_ADRESSE?" reject="true"/>
    <setDescriptor id="_-RH7kYUqEe6_ZKlljuliUA" label="A"/>
    <targetFilter id="_Yxx6UIUsEe6_ZKlljuliUA" enable="true" aggregate="false">
      <expression>stage.CHAMP1 = '204'</expression>
    </targetFilter>
  </datastore>
  <datastore id="_4Sku8IUpEe6_ZKlljuliUA" alias="SAS_EMAIL" dataset="_4SnLMIUpEe6_ZKlljuliUA" priorityOrder="3" ref="resource.md#_lDlMsYU4Ee6_ZKlljuliUA?fileId=_jy4uQIPiEe6_ZKlljuliUA$type=md$name=SAS_EMAIL?" subExpression="[A]">
    <field id="_4SlWAYUpEe6_ZKlljuliUA" enable="true" insert="true" name="ACTION" ref="resource.md#_lJckJoU4Ee6_ZKlljuliUA?fileId=_jy4uQIPiEe6_ZKlljuliUA$type=md$name=ACTION?" update="true">
      <expression id="_MiDDgoUrEe6_ZKlljuliUA" setDescriptorRef="_MiDDgYUrEe6_ZKlljuliUA">
        <expression>stage.CHAMP2</expression>
      </expression>
    </field>
    <field id="_4Sl9EIUpEe6_ZKlljuliUA" enable="true" insert="true" name="DATE_CREATION" ref="resource.md#_lJdyQIU4Ee6_ZKlljuliUA?fileId=_jy4uQIPiEe6_ZKlljuliUA$type=md$name=DATE_CREATION?" update="true">
      <expression id="_MiDDg4UrEe6_ZKlljuliUA" location="TRG" setDescriptorRef="_MiDDgYUrEe6_ZKlljuliUA">
        <expression>current_timestamp</expression>
      </expression>
    </field>
    <field id="_4SlWAIUpEe6_ZKlljuliUA" enable="true" insert="true" name="CLE_CLIENT" ref="resource.md#_lJckIIU4Ee6_ZKlljuliUA?fileId=_jy4uQIPiEe6_ZKlljuliUA$type=md$name=CLE_CLIENT?" update="true" updateKey="true">
      <expression id="_MiDDgIUrEe6_ZKlljuliUA" setDescriptorRef="_MiDDgYUrEe6_ZKlljuliUA">
        <expression>stage.CHAMP3</expression>
      </expression>
    </field>
    <field id="_4SlWA4UpEe6_ZKlljuliUA" enable="true" insert="true" name="STATUS" ref="resource.md#_lJdLNoU4Ee6_ZKlljuliUA?fileId=_jy4uQIPiEe6_ZKlljuliUA$type=md$name=STATUS?" update="true">
      <expression id="_MiDDhIUrEe6_ZKlljuliUA" setDescriptorRef="_MiDDgYUrEe6_ZKlljuliUA">
        <expression>stage.CHAMP5</expression>
      </expression>
    </field>
    <field id="_4Sl9EYUpEe6_ZKlljuliUA" enable="true" insert="true" name="ID_SOURCE" ref="resource.md#_lJdyR4U4Ee6_ZKlljuliUA?fileId=_jy4uQIPiEe6_ZKlljuliUA$type=md$name=ID_SOURCE?" update="true">
      <expression id="_MiDDhYUrEe6_ZKlljuliUA" setDescriptorRef="_MiDDgYUrEe6_ZKlljuliUA">
        <expression>SOURCE.ID_SOURCE</expression>
      </expression>
    </field>
    <field id="_4SlWAoUpEe6_ZKlljuliUA" enable="true" insert="true" name="EMAIL" ref="resource.md#_lJdLMIU4Ee6_ZKlljuliUA?fileId=_jy4uQIPiEe6_ZKlljuliUA$type=md$name=EMAIL?" update="true">
      <expression id="_MiDDhoUrEe6_ZKlljuliUA" setDescriptorRef="_MiDDgYUrEe6_ZKlljuliUA">
        <expression>stage.CHAMP4</expression>
      </expression>
    </field>
    <constraint id="_4Sl9EoUpEe6_ZKlljuliUA" name="PK_SAS_EMAIL" ref="resource.md#_lJkf8IU4Ee6_ZKlljuliUA?fileId=_jy4uQIPiEe6_ZKlljuliUA$type=md$name=PK_SAS_EMAIL?" reject="true"/>
    <setDescriptor id="_MiDDgYUrEe6_ZKlljuliUA" label="A"/>
    <targetFilter id="_cPQGwIUsEe6_ZKlljuliUA" enable="true" aggregate="false">
      <expression>stage.CHAMP1 = '203'</expression>
    </targetFilter>
  </datastore>
  <datastore id="_4w0xMIUpEe6_ZKlljuliUA" alias="SAS_TELEPHONE" dataset="_4w30gIUpEe6_ZKlljuliUA" priorityOrder="3" ref="resource.md#_k1z2cYU4Ee6_ZKlljuliUA?fileId=_jy4uQIPiEe6_ZKlljuliUA$type=md$name=SAS_TELEPHONE?" subExpression="[A]">
    <field id="_4w1YQIUpEe6_ZKlljuliUA" enable="true" insert="true" name="TYPE" ref="resource.md#_k8BzMIU4Ee6_ZKlljuliUA?fileId=_jy4uQIPiEe6_ZKlljuliUA$type=md$name=TYPE?" update="true" updateKey="true">
      <expression id="_WTpgcoUrEe6_ZKlljuliUA" setDescriptorRef="_WTpgcYUrEe6_ZKlljuliUA">
        <expression>stage.CHAMP7</expression>
      </expression>
    </field>
    <field id="_4w1_U4UpEe6_ZKlljuliUA" enable="true" insert="true" name="ID_SOURCE" ref="resource.md#_k8GrsIU4Ee6_ZKlljuliUA?fileId=_jy4uQIPiEe6_ZKlljuliUA$type=md$name=ID_SOURCE?" update="true">
      <expression id="_WTpgc4UrEe6_ZKlljuliUA" setDescriptorRef="_WTpgcYUrEe6_ZKlljuliUA">
        <expression>SOURCE.ID_SOURCE</expression>
      </expression>
    </field>
    <field id="_4w1YQoUpEe6_ZKlljuliUA" enable="true" insert="true" name="PHONE" ref="resource.md#_k8DoYIU4Ee6_ZKlljuliUA?fileId=_jy4uQIPiEe6_ZKlljuliUA$type=md$name=PHONE?" update="true">
      <expression id="_WTpgdIUrEe6_ZKlljuliUA" setDescriptorRef="_WTpgcYUrEe6_ZKlljuliUA">
        <expression>stage.CHAMP4</expression>
      </expression>
    </field>
    <field id="_4w1YQYUpEe6_ZKlljuliUA" enable="true" insert="true" name="ACTION" ref="resource.md#_k8CaQIU4Ee6_ZKlljuliUA?fileId=_jy4uQIPiEe6_ZKlljuliUA$type=md$name=ACTION?" update="true">
      <expression id="_WTpgdYUrEe6_ZKlljuliUA" setDescriptorRef="_WTpgcYUrEe6_ZKlljuliUA">
        <expression>stage.CHAMP2</expression>
      </expression>
    </field>
    <field id="_4w1_UYUpEe6_ZKlljuliUA" enable="true" insert="true" name="FAVORI" ref="resource.md#_k8FdkIU4Ee6_ZKlljuliUA?fileId=_jy4uQIPiEe6_ZKlljuliUA$type=md$name=FAVORI?" update="true">
      <expression id="_WTpgdoUrEe6_ZKlljuliUA" setDescriptorRef="_WTpgcYUrEe6_ZKlljuliUA">
        <expression>stage.CHAMP6</expression>
      </expression>
    </field>
    <field id="_4w0xMoUpEe6_ZKlljuliUA" enable="true" insert="true" name="CLE_CLIENT" ref="resource.md#_k8AlEIU4Ee6_ZKlljuliUA?fileId=_jy4uQIPiEe6_ZKlljuliUA$type=md$name=CLE_CLIENT?" update="true" updateKey="true">
      <expression id="_WTpgcIUrEe6_ZKlljuliUA" setDescriptorRef="_WTpgcYUrEe6_ZKlljuliUA">
        <expression>stage.CHAMP3</expression>
      </expression>
    </field>
    <field id="_4w1_UIUpEe6_ZKlljuliUA" enable="true" insert="true" name="STATUS" ref="resource.md#_k8EPcIU4Ee6_ZKlljuliUA?fileId=_jy4uQIPiEe6_ZKlljuliUA$type=md$name=STATUS?" update="true">
      <expression id="_WTpgd4UrEe6_ZKlljuliUA" setDescriptorRef="_WTpgcYUrEe6_ZKlljuliUA">
        <expression>stage.CHAMP5</expression>
      </expression>
    </field>
    <field id="_4w1_UoUpEe6_ZKlljuliUA" enable="true" insert="true" name="DATE_CREATION" ref="resource.md#_k8GEoIU4Ee6_ZKlljuliUA?fileId=_jy4uQIPiEe6_ZKlljuliUA$type=md$name=DATE_CREATION?" update="true">
      <expression id="_WTpgeIUrEe6_ZKlljuliUA" location="TRG" setDescriptorRef="_WTpgcYUrEe6_ZKlljuliUA">
        <expression>current_timestamp</expression>
      </expression>
    </field>
    <constraint id="_4w1_VIUpEe6_ZKlljuliUA" name="PK_SAS_TELEPHONE" ref="resource.md#_k8WjUIU4Ee6_ZKlljuliUA?fileId=_jy4uQIPiEe6_ZKlljuliUA$type=md$name=PK_SAS_TELEPHONE?" reject="true"/>
    <setDescriptor id="_WTpgcYUrEe6_ZKlljuliUA" label="A"/>
    <targetFilter id="_fVW8EIUsEe6_ZKlljuliUA" enable="true" aggregate="false">
      <expression>stage.CHAMP1 = '205'</expression>
    </targetFilter>
  </datastore>
  <join id="_LeqJUIUqEe6_ZKlljuliUA" location="SRC" left="_eSpCMIUpEe6_ZKlljuliUA" order="10" right="_CjDz0H11Ee6F_fnQESD-eA">
    <expression>SOURCE.SOURCE = stage.SOURCE</expression>
  </join>
  <template id="_C0kakH11Ee6F_fnQESD-eA" name="I_stage" process="resource.proc#_8zSzQdu8EeWIdu0rdnx7VQ?fileId=_8zSzQdu8EeWIdu0rdnx7VQ$type=proc$name=STAGING%20Oracle%20As%20Table?" targetId="_CjDz0H11Ee6F_fnQESD-eA"/>
  <template id="_6ulaMIUwEe6_ZKlljuliUA" name="I_SAS_COMPTE" process="resource.proc#_jkWgEFEJEeO7Vo9WeM2sCg?fileId=_jkWgEFEJEeO7Vo9WeM2sCg$type=proc$name=INTEGRATION%20Oracle?" targetId="_0FV5gIUpEe6_ZKlljuliUA"/>
  <template id="_MxDH0IU2Ee6_ZKlljuliUA" name="I_SOURCE" process="resource.proc#_jkWgEFEJEeO7Vo9WeM2sCg?fileId=_jkWgEFEJEeO7Vo9WeM2sCg$type=proc$name=INTEGRATION%20Oracle?" targetId="_eSpCMIUpEe6_ZKlljuliUA"/>
  <template id="_uGtaEIU4Ee6_ZKlljuliUA" name="I_SAS_TELEPHONE" process="resource.proc#_jkWgEFEJEeO7Vo9WeM2sCg?fileId=_jkWgEFEJEeO7Vo9WeM2sCg$type=proc$name=INTEGRATION%20Oracle?" targetId="_4w0xMIUpEe6_ZKlljuliUA"/>
  <template id="_uuz74IU4Ee6_ZKlljuliUA" name="I_SAS_CLIENT" process="resource.proc#_jkWgEFEJEeO7Vo9WeM2sCg?fileId=_jkWgEFEJEeO7Vo9WeM2sCg$type=proc$name=INTEGRATION%20Oracle?" targetId="_0icsQIUpEe6_ZKlljuliUA"/>
  <template id="_vQwyYIU4Ee6_ZKlljuliUA" name="I_SAS_EMAIL" process="resource.proc#_jkWgEFEJEeO7Vo9WeM2sCg?fileId=_jkWgEFEJEeO7Vo9WeM2sCg$type=proc$name=INTEGRATION%20Oracle?" targetId="_4Sku8IUpEe6_ZKlljuliUA"/>
  <template id="_v0cuQIU4Ee6_ZKlljuliUA" name="I_SAS_ADRESSE" process="resource.proc#_jkWgEFEJEeO7Vo9WeM2sCg?fileId=_jkWgEFEJEeO7Vo9WeM2sCg$type=proc$name=INTEGRATION%20Oracle?" targetId="_1kFvcIUpEe6_ZKlljuliUA"/>
  <query id="_CjDz0H11Ee6F_fnQESD-eA" alias="stage" dataset="_0FhAAIUmEe6_ZKlljuliUA" priorityOrder="2" stagingArea="resource.md#_Amy08HyEEe6F_fnQESD-eA?fileId=_wdWFIHyDEe6F_fnQESD-eA$type=md$name=CSG1_ORA4?" subExpression="[A]">
    <field id="_C0fiEH11Ee6F_fnQESD-eA" name="CHAMP1">
      <expression id="_C0gJIX11Ee6F_fnQESD-eA" location="WRK" setDescriptorRef="_C0gJIH11Ee6F_fnQESD-eA">
        <expression>FILE_CONTROL.CHAMP1</expression>
      </expression>
    </field>
    <field id="_D75PAH11Ee6F_fnQESD-eA" name="CHAMP2">
      <expression id="_D75PAX11Ee6F_fnQESD-eA" location="WRK" setDescriptorRef="_C0gJIH11Ee6F_fnQESD-eA">
        <expression>FILE_CONTROL.CHAMP2</expression>
      </expression>
    </field>
    <field id="_ENNogH11Ee6F_fnQESD-eA" name="CHAMP3">
      <expression id="_ENNogX11Ee6F_fnQESD-eA" location="WRK" setDescriptorRef="_C0gJIH11Ee6F_fnQESD-eA">
        <expression>FILE_CONTROL.CHAMP3</expression>
      </expression>
    </field>
    <field id="_EbHhoH11Ee6F_fnQESD-eA" name="CHAMP4">
      <expression id="_EbHhoX11Ee6F_fnQESD-eA" location="WRK" setDescriptorRef="_C0gJIH11Ee6F_fnQESD-eA">
        <expression>FILE_CONTROL.CHAMP4</expression>
      </expression>
    </field>
    <field id="_Eur94H11Ee6F_fnQESD-eA" name="CHAMP5">
      <expression id="_Eur94X11Ee6F_fnQESD-eA" location="WRK" setDescriptorRef="_C0gJIH11Ee6F_fnQESD-eA">
        <expression>FILE_CONTROL.CHAMP5</expression>
      </expression>
    </field>
    <field id="_HrpeQH11Ee6F_fnQESD-eA" name="CHAMP6">
      <expression id="_HrpeQX11Ee6F_fnQESD-eA" location="WRK" setDescriptorRef="_C0gJIH11Ee6F_fnQESD-eA">
        <expression>FILE_CONTROL.CHAMP6</expression>
      </expression>
    </field>
    <field id="_H8UXgH11Ee6F_fnQESD-eA" name="CHAMP7">
      <expression id="_H8UXgX11Ee6F_fnQESD-eA" location="WRK" setDescriptorRef="_C0gJIH11Ee6F_fnQESD-eA">
        <expression>FILE_CONTROL.CHAMP7</expression>
      </expression>
    </field>
    <field id="_IOE14H11Ee6F_fnQESD-eA" name="CHAMP8">
      <expression id="_IOE14X11Ee6F_fnQESD-eA" location="WRK" setDescriptorRef="_C0gJIH11Ee6F_fnQESD-eA">
        <expression>FILE_CONTROL.CHAMP8</expression>
      </expression>
    </field>
    <field id="_Ie6uQH11Ee6F_fnQESD-eA" name="CHAMP9">
      <expression id="_Ie6uQX11Ee6F_fnQESD-eA" location="WRK" setDescriptorRef="_C0gJIH11Ee6F_fnQESD-eA">
        <expression>FILE_CONTROL.CHAMP9</expression>
      </expression>
    </field>
    <field id="_Iv_QIH11Ee6F_fnQESD-eA" name="CHAMP10">
      <expression id="_Iv_QIX11Ee6F_fnQESD-eA" location="WRK" setDescriptorRef="_C0gJIH11Ee6F_fnQESD-eA">
        <expression>FILE_CONTROL.CHAMP10</expression>
      </expression>
    </field>
    <field id="_JEp4kH11Ee6F_fnQESD-eA" name="CHAMP11">
      <expression id="_JEqfoH11Ee6F_fnQESD-eA" location="WRK" setDescriptorRef="_C0gJIH11Ee6F_fnQESD-eA">
        <expression>FILE_CONTROL.CHAMP11</expression>
      </expression>
    </field>
    <field id="_JcJLgH11Ee6F_fnQESD-eA" name="CHAMP12">
      <expression id="_JcJLgX11Ee6F_fnQESD-eA" location="WRK" setDescriptorRef="_C0gJIH11Ee6F_fnQESD-eA">
        <expression>FILE_CONTROL.CHAMP12</expression>
      </expression>
    </field>
    <field id="_KM0agH11Ee6F_fnQESD-eA" name="CHAMP13">
      <expression id="_KM0agX11Ee6F_fnQESD-eA" location="WRK" setDescriptorRef="_C0gJIH11Ee6F_fnQESD-eA">
        <expression>FILE_CONTROL.CHAMP13</expression>
      </expression>
    </field>
    <field id="_FP4a4H1_Ee6F_fnQESD-eA" name="SOURCE">
      <expression id="_FP4a4X1_Ee6F_fnQESD-eA" location="WRK" setDescriptorRef="_C0gJIH11Ee6F_fnQESD-eA">
        <expression>FILE_CONTROL.SOURCE</expression>
      </expression>
    </field>
    <setDescriptor id="_C0gJIH11Ee6F_fnQESD-eA" label="A"/>
  </query>
  <dataSet id="_0FhAAIUmEe6_ZKlljuliUA">
    <container>_CjDz0H11Ee6F_fnQESD-eA</container>
    <container>_eSpCMIUpEe6_ZKlljuliUA</container>
  </dataSet>
  <dataSet id="_0FhAAYUmEe6_ZKlljuliUA">
    <container>_Au-xcH1REe6F_fnQESD-eA</container>
  </dataSet>
  <dataSet id="_0FY80IUpEe6_ZKlljuliUA">
    <container>_0FV5gIUpEe6_ZKlljuliUA</container>
  </dataSet>
  <dataSet id="_0igWoIUpEe6_ZKlljuliUA">
    <container>_0icsQIUpEe6_ZKlljuliUA</container>
  </dataSet>
  <dataSet id="_1kJZ0IUpEe6_ZKlljuliUA">
    <container>_1kFvcIUpEe6_ZKlljuliUA</container>
  </dataSet>
  <dataSet id="_4SnLMIUpEe6_ZKlljuliUA">
    <container>_4Sku8IUpEe6_ZKlljuliUA</container>
  </dataSet>
  <dataSet id="_4w30gIUpEe6_ZKlljuliUA">
    <container>_4w0xMIUpEe6_ZKlljuliUA</container>
  </dataSet>
  <hint>
    <usedField>#_AvAmoX1REe6F_fnQESD-eA</usedField>
    <usedField>#_AvAmon1REe6F_fnQESD-eA</usedField>
    <usedField>#_AvAmo31REe6F_fnQESD-eA</usedField>
    <usedField>#_AvAmoH1REe6F_fnQESD-eA</usedField>
    <usedField>#_AvAmpH1REe6F_fnQESD-eA</usedField>
    <usedField>#_AvAmpX1REe6F_fnQESD-eA</usedField>
    <usedField>#_CilVsn1UEe6F_fnQESD-eA</usedField>
    <usedField>#_CilVs31UEe6F_fnQESD-eA</usedField>
    <usedField>#_CilVsH1UEe6F_fnQESD-eA</usedField>
    <usedField>#_Cil8wH1UEe6F_fnQESD-eA</usedField>
    <usedField>#_Cil8wX1UEe6F_fnQESD-eA</usedField>
    <usedField>#_CilVsX1UEe6F_fnQESD-eA</usedField>
    <usedField>#_d5GlcH1VEe6F_fnQESD-eA</usedField>
    <usedField>#_Id2FUH13Ee6F_fnQESD-eA</usedField>
    <usedField>#_eSppQYUpEe6_ZKlljuliUA</usedField>
    <usedField>#_eSqQUIUpEe6_ZKlljuliUA</usedField>
  </hint>
  <diagram><![CDATA[<?xml version="1.0" encoding="UTF-8"?>
<notation:Diagram xmi:version="2.0" xmlns:xmi="http://www.omg.org/XMI" xmlns:xsi="http://www.w3.org/2001/XMLSchema-instance" xmlns:map="http://www.indy.com/v2/map" xmlns:mapNot="http://www.indy.com/v2/map/notation" xmlns:notation="http://www.eclipse.org/gmf/runtime/1.0.1/notation" xsi:schemaLocation="http://www.eclipse.org/gmf/runtime/1.0.1/notation " xmi:id="__sMewH1QEe6F_fnQESD-eA" type="Map" measurementUnit="Pixel">
  <children xmi:type="mapNot:NodeView" xmi:id="_Ek-p0IUsEe6_ZKlljuliUA" type="2006">
    <styles xmi:type="notation:DescriptionStyle" xmi:id="_Ek-p0YUsEe6_ZKlljuliUA"/>
    <styles xmi:type="notation:FontStyle" xmi:id="_Ek-p0oUsEe6_ZKlljuliUA" fontName="Segoe UI"/>
    <styles xmi:type="notation:FillStyle" xmi:id="_Ek-p04UsEe6_ZKlljuliUA"/>
    <element xmi:type="map:TargetFilter" href="resource.map#_Ek8NkIUsEe6_ZKlljuliUA?fileId=__rWxQH1QEe6F_fnQESD-eA$type=map?"/>
    <layoutConstraint xmi:type="notation:Bounds" xmi:id="_Ek-p1IUsEe6_ZKlljuliUA" x="1231" y="587"/>
    <subElement xmi:type="map:DataSet" href="resource.map#_0FhAAIUmEe6_ZKlljuliUA?fileId=__rWxQH1QEe6F_fnQESD-eA$type=map?"/>
  </children>
  <children xmi:type="notation:Node" xmi:id="_Lj1kQIUqEe6_ZKlljuliUA" type="2005">
    <styles xmi:type="notation:DescriptionStyle" xmi:id="_Lj1kQYUqEe6_ZKlljuliUA"/>
    <styles xmi:type="notation:FontStyle" xmi:id="_Lj1kQoUqEe6_ZKlljuliUA" fontName="Segoe UI"/>
    <styles xmi:type="notation:FillStyle" xmi:id="_Lj1kQ4UqEe6_ZKlljuliUA"/>
    <element xmi:type="map:Join" href="resource.map#_LeqJUIUqEe6_ZKlljuliUA?fileId=__rWxQH1QEe6F_fnQESD-eA$type=map?"/>
    <layoutConstraint xmi:type="notation:Bounds" xmi:id="_Lj1kRIUqEe6_ZKlljuliUA" x="726" y="675"/>
  </children>
  <children xmi:type="notation:Shape" xmi:id="_eS-ZYIUpEe6_ZKlljuliUA" type="2004" fontName="Segoe UI">
    <children xmi:type="notation:DecorationNode" xmi:id="_eS-ZYoUpEe6_ZKlljuliUA" type="5005"/>
    <children xmi:type="notation:DecorationNode" xmi:id="_eS-ZY4UpEe6_ZKlljuliUA" type="5007"/>
    <children xmi:type="notation:DecorationNode" xmi:id="_eS-ZZIUpEe6_ZKlljuliUA" type="7003"/>
    <children xmi:type="notation:DecorationNode" xmi:id="_eS-ZZYUpEe6_ZKlljuliUA" type="7009"/>
    <children xmi:type="notation:BasicCompartment" xmi:id="_eS-ZZoUpEe6_ZKlljuliUA" type="7004">
      <styles xmi:type="notation:SortingStyle" xmi:id="_eS-ZZ4UpEe6_ZKlljuliUA"/>
      <styles xmi:type="notation:FilteringStyle" xmi:id="_eS-ZaIUpEe6_ZKlljuliUA"/>
    </children>
    <children xmi:type="notation:DecorationNode" xmi:id="_eS-ZaYUpEe6_ZKlljuliUA" type="5009">
      <styles xmi:type="notation:DrawerStyle" xmi:id="_eS-ZaoUpEe6_ZKlljuliUA"/>
    </children>
    <children xmi:type="notation:DecorationNode" xmi:id="_eS-Za4UpEe6_ZKlljuliUA" type="7005">
      <styles xmi:type="notation:SortingStyle" xmi:id="_eS-ZbIUpEe6_ZKlljuliUA"/>
      <styles xmi:type="notation:FilteringStyle" xmi:id="_eS-ZbYUpEe6_ZKlljuliUA"/>
    </children>
    <children xmi:type="notation:BasicCompartment" xmi:id="_eS-ZboUpEe6_ZKlljuliUA" type="7007"/>
    <element xmi:type="map:Datastore" href="resource.map#_eSpCMIUpEe6_ZKlljuliUA?fileId=__rWxQH1QEe6F_fnQESD-eA$type=map?"/>
    <layoutConstraint xmi:type="notation:Bounds" xmi:id="_eS-ZYYUpEe6_ZKlljuliUA" x="259" y="497"/>
  </children>
  <children xmi:type="notation:Shape" xmi:id="_4S0mkIUpEe6_ZKlljuliUA" type="2004" fontName="Segoe UI">
    <children xmi:type="notation:DecorationNode" xmi:id="_4S1NoYUpEe6_ZKlljuliUA" type="5005"/>
    <children xmi:type="notation:DecorationNode" xmi:id="_4S1NooUpEe6_ZKlljuliUA" type="5007"/>
    <children xmi:type="notation:DecorationNode" xmi:id="_4S1No4UpEe6_ZKlljuliUA" type="7003"/>
    <children xmi:type="notation:DecorationNode" xmi:id="_4S1NpIUpEe6_ZKlljuliUA" type="7009"/>
    <children xmi:type="notation:BasicCompartment" xmi:id="_4S1NpYUpEe6_ZKlljuliUA" type="7004">
      <styles xmi:type="notation:SortingStyle" xmi:id="_4S1NpoUpEe6_ZKlljuliUA"/>
      <styles xmi:type="notation:FilteringStyle" xmi:id="_4S1Np4UpEe6_ZKlljuliUA"/>
    </children>
    <children xmi:type="notation:DecorationNode" xmi:id="_4S1NqIUpEe6_ZKlljuliUA" type="5009">
      <styles xmi:type="notation:DrawerStyle" xmi:id="_4S1NqYUpEe6_ZKlljuliUA"/>
    </children>
    <children xmi:type="notation:DecorationNode" xmi:id="_4S1NqoUpEe6_ZKlljuliUA" type="7005">
      <styles xmi:type="notation:SortingStyle" xmi:id="_4S1Nq4UpEe6_ZKlljuliUA"/>
      <styles xmi:type="notation:FilteringStyle" xmi:id="_4S1NrIUpEe6_ZKlljuliUA"/>
    </children>
    <children xmi:type="notation:BasicCompartment" xmi:id="_4S1NrYUpEe6_ZKlljuliUA" type="7007"/>
    <element xmi:type="map:Datastore" href="resource.map#_4Sku8IUpEe6_ZKlljuliUA?fileId=__rWxQH1QEe6F_fnQESD-eA$type=map?"/>
    <layoutConstraint xmi:type="notation:Bounds" xmi:id="_4S1NoIUpEe6_ZKlljuliUA" x="820" y="899"/>
  </children>
  <children xmi:type="notation:Shape" xmi:id="_0FnmUIUpEe6_ZKlljuliUA" type="2004" fontName="Segoe UI">
    <children xmi:type="notation:DecorationNode" xmi:id="_0FnmUoUpEe6_ZKlljuliUA" type="5005"/>
    <children xmi:type="notation:DecorationNode" xmi:id="_0FnmU4UpEe6_ZKlljuliUA" type="5007"/>
    <children xmi:type="notation:DecorationNode" xmi:id="_0FnmVIUpEe6_ZKlljuliUA" type="7003"/>
    <children xmi:type="notation:DecorationNode" xmi:id="_0FnmVYUpEe6_ZKlljuliUA" type="7009"/>
    <children xmi:type="notation:BasicCompartment" xmi:id="_0FnmVoUpEe6_ZKlljuliUA" type="7004">
      <styles xmi:type="notation:SortingStyle" xmi:id="_0FnmV4UpEe6_ZKlljuliUA"/>
      <styles xmi:type="notation:FilteringStyle" xmi:id="_0FnmWIUpEe6_ZKlljuliUA"/>
    </children>
    <children xmi:type="notation:DecorationNode" xmi:id="_0FnmWYUpEe6_ZKlljuliUA" type="5009">
      <styles xmi:type="notation:DrawerStyle" xmi:id="_0FnmWoUpEe6_ZKlljuliUA"/>
    </children>
    <children xmi:type="notation:DecorationNode" xmi:id="_0FoNYIUpEe6_ZKlljuliUA" type="7005">
      <styles xmi:type="notation:SortingStyle" xmi:id="_0FoNYYUpEe6_ZKlljuliUA"/>
      <styles xmi:type="notation:FilteringStyle" xmi:id="_0FoNYoUpEe6_ZKlljuliUA"/>
    </children>
    <children xmi:type="notation:BasicCompartment" xmi:id="_0FoNY4UpEe6_ZKlljuliUA" type="7007"/>
    <element xmi:type="map:Datastore" href="resource.map#_0FV5gIUpEe6_ZKlljuliUA?fileId=__rWxQH1QEe6F_fnQESD-eA$type=map?"/>
    <layoutConstraint xmi:type="notation:Bounds" xmi:id="_0FnmUYUpEe6_ZKlljuliUA" x="820" y="30"/>
  </children>
  <children xmi:type="notation:Shape" xmi:id="_4xHFEIUpEe6_ZKlljuliUA" type="2004" fontName="Segoe UI">
    <children xmi:type="notation:DecorationNode" xmi:id="_4xHFEoUpEe6_ZKlljuliUA" type="5005"/>
    <children xmi:type="notation:DecorationNode" xmi:id="_4xHFE4UpEe6_ZKlljuliUA" type="5007"/>
    <children xmi:type="notation:DecorationNode" xmi:id="_4xHFFIUpEe6_ZKlljuliUA" type="7003"/>
    <children xmi:type="notation:DecorationNode" xmi:id="_4xHFFYUpEe6_ZKlljuliUA" type="7009"/>
    <children xmi:type="notation:BasicCompartment" xmi:id="_4xHFFoUpEe6_ZKlljuliUA" type="7004">
      <styles xmi:type="notation:SortingStyle" xmi:id="_4xHFF4UpEe6_ZKlljuliUA"/>
      <styles xmi:type="notation:FilteringStyle" xmi:id="_4xHFGIUpEe6_ZKlljuliUA"/>
    </children>
    <children xmi:type="notation:DecorationNode" xmi:id="_4xHFGYUpEe6_ZKlljuliUA" type="5009">
      <styles xmi:type="notation:DrawerStyle" xmi:id="_4xHFGoUpEe6_ZKlljuliUA"/>
    </children>
    <children xmi:type="notation:DecorationNode" xmi:id="_4xHFG4UpEe6_ZKlljuliUA" type="7005">
      <styles xmi:type="notation:SortingStyle" xmi:id="_4xHFHIUpEe6_ZKlljuliUA"/>
      <styles xmi:type="notation:FilteringStyle" xmi:id="_4xHFHYUpEe6_ZKlljuliUA"/>
    </children>
    <children xmi:type="notation:BasicCompartment" xmi:id="_4xHFHoUpEe6_ZKlljuliUA" type="7007"/>
    <element xmi:type="map:Datastore" href="resource.map#_4w0xMIUpEe6_ZKlljuliUA?fileId=__rWxQH1QEe6F_fnQESD-eA$type=map?"/>
    <layoutConstraint xmi:type="notation:Bounds" xmi:id="_4xHFEYUpEe6_ZKlljuliUA" x="820" y="273"/>
  </children>
  <children xmi:type="notation:Shape" xmi:id="_0ityAIUpEe6_ZKlljuliUA" type="2004" fontName="Segoe UI">
    <children xmi:type="notation:DecorationNode" xmi:id="_0ityAoUpEe6_ZKlljuliUA" type="5005"/>
    <children xmi:type="notation:DecorationNode" xmi:id="_0iuZEIUpEe6_ZKlljuliUA" type="5007"/>
    <children xmi:type="notation:DecorationNode" xmi:id="_0iuZEYUpEe6_ZKlljuliUA" type="7003"/>
    <children xmi:type="notation:DecorationNode" xmi:id="_0iuZEoUpEe6_ZKlljuliUA" type="7009"/>
    <children xmi:type="notation:BasicCompartment" xmi:id="_0iuZE4UpEe6_ZKlljuliUA" type="7004">
      <styles xmi:type="notation:SortingStyle" xmi:id="_0iuZFIUpEe6_ZKlljuliUA"/>
      <styles xmi:type="notation:FilteringStyle" xmi:id="_0iuZFYUpEe6_ZKlljuliUA"/>
    </children>
    <children xmi:type="notation:DecorationNode" xmi:id="_0iuZFoUpEe6_ZKlljuliUA" type="5009">
      <styles xmi:type="notation:DrawerStyle" xmi:id="_0iuZF4UpEe6_ZKlljuliUA"/>
    </children>
    <children xmi:type="notation:DecorationNode" xmi:id="_0iuZGIUpEe6_ZKlljuliUA" type="7005">
      <styles xmi:type="notation:SortingStyle" xmi:id="_0iuZGYUpEe6_ZKlljuliUA"/>
      <styles xmi:type="notation:FilteringStyle" xmi:id="_0iuZGoUpEe6_ZKlljuliUA"/>
    </children>
    <children xmi:type="notation:BasicCompartment" xmi:id="_0iuZG4UpEe6_ZKlljuliUA" type="7007"/>
    <element xmi:type="map:Datastore" href="resource.map#_0icsQIUpEe6_ZKlljuliUA?fileId=__rWxQH1QEe6F_fnQESD-eA$type=map?"/>
    <layoutConstraint xmi:type="notation:Bounds" xmi:id="_0ityAYUpEe6_ZKlljuliUA" x="820" y="536"/>
  </children>
  <children xmi:type="notation:Shape" xmi:id="_AvDC4H1REe6F_fnQESD-eA" type="2004" fontName="Segoe UI">
    <children xmi:type="notation:DecorationNode" xmi:id="_AvDC4n1REe6F_fnQESD-eA" type="5005"/>
    <children xmi:type="notation:DecorationNode" xmi:id="_AvDC431REe6F_fnQESD-eA" type="5007"/>
    <children xmi:type="notation:DecorationNode" xmi:id="_AvDC5H1REe6F_fnQESD-eA" type="7003"/>
    <children xmi:type="notation:DecorationNode" xmi:id="_AvDC5X1REe6F_fnQESD-eA" type="7009"/>
    <children xmi:type="notation:BasicCompartment" xmi:id="_AvDC5n1REe6F_fnQESD-eA" type="7004">
      <styles xmi:type="notation:SortingStyle" xmi:id="_AvDC531REe6F_fnQESD-eA"/>
      <styles xmi:type="notation:FilteringStyle" xmi:id="_AvDC6H1REe6F_fnQESD-eA"/>
    </children>
    <children xmi:type="notation:DecorationNode" xmi:id="_AvDC6X1REe6F_fnQESD-eA" type="5009">
      <styles xmi:type="notation:DrawerStyle" xmi:id="_AvDC6n1REe6F_fnQESD-eA"/>
    </children>
    <children xmi:type="notation:DecorationNode" xmi:id="_AvDC631REe6F_fnQESD-eA" type="7005">
      <styles xmi:type="notation:SortingStyle" xmi:id="_AvDC7H1REe6F_fnQESD-eA"/>
      <styles xmi:type="notation:FilteringStyle" xmi:id="_AvDC7X1REe6F_fnQESD-eA"/>
    </children>
    <children xmi:type="notation:BasicCompartment" xmi:id="_AvDC7n1REe6F_fnQESD-eA" type="7007"/>
    <element xmi:type="map:Datastore" href="resource.map#_Au-xcH1REe6F_fnQESD-eA?fileId=__rWxQH1QEe6F_fnQESD-eA$type=map?"/>
    <layoutConstraint xmi:type="notation:Bounds" xmi:id="_AvDC4X1REe6F_fnQESD-eA" x="30" y="527"/>
  </children>
  <children xmi:type="notation:Shape" xmi:id="_1kXcQIUpEe6_ZKlljuliUA" type="2004" fontName="Segoe UI">
    <children xmi:type="notation:DecorationNode" xmi:id="_1kXcQoUpEe6_ZKlljuliUA" type="5005"/>
    <children xmi:type="notation:DecorationNode" xmi:id="_1kYDUIUpEe6_ZKlljuliUA" type="5007"/>
    <children xmi:type="notation:DecorationNode" xmi:id="_1kYDUYUpEe6_ZKlljuliUA" type="7003"/>
    <children xmi:type="notation:DecorationNode" xmi:id="_1kYDUoUpEe6_ZKlljuliUA" type="7009"/>
    <children xmi:type="notation:BasicCompartment" xmi:id="_1kYDU4UpEe6_ZKlljuliUA" type="7004">
      <styles xmi:type="notation:SortingStyle" xmi:id="_1kYDVIUpEe6_ZKlljuliUA"/>
      <styles xmi:type="notation:FilteringStyle" xmi:id="_1kYDVYUpEe6_ZKlljuliUA"/>
    </children>
    <children xmi:type="notation:DecorationNode" xmi:id="_1kYDVoUpEe6_ZKlljuliUA" type="5009">
      <styles xmi:type="notation:DrawerStyle" xmi:id="_1kYDV4UpEe6_ZKlljuliUA"/>
    </children>
    <children xmi:type="notation:DecorationNode" xmi:id="_1kYDWIUpEe6_ZKlljuliUA" type="7005">
      <styles xmi:type="notation:SortingStyle" xmi:id="_1kYDWYUpEe6_ZKlljuliUA"/>
      <styles xmi:type="notation:FilteringStyle" xmi:id="_1kYDWoUpEe6_ZKlljuliUA"/>
    </children>
    <children xmi:type="notation:BasicCompartment" xmi:id="_1kYDW4UpEe6_ZKlljuliUA" type="7007"/>
    <element xmi:type="map:Datastore" href="resource.map#_1kFvcIUpEe6_ZKlljuliUA?fileId=__rWxQH1QEe6F_fnQESD-eA$type=map?"/>
    <layoutConstraint xmi:type="notation:Bounds" xmi:id="_1kXcQYUpEe6_ZKlljuliUA" x="820" y="1122"/>
  </children>
  <children xmi:type="notation:Shape" xmi:id="_CjJ6cH11Ee6F_fnQESD-eA" type="2001" fontName="Segoe UI">
    <children xmi:type="notation:DecorationNode" xmi:id="_CjJ6cn11Ee6F_fnQESD-eA" type="5001"/>
    <children xmi:type="notation:DecorationNode" xmi:id="_CjJ6c311Ee6F_fnQESD-eA" type="5007"/>
    <children xmi:type="notation:DecorationNode" xmi:id="_CjKhgH11Ee6F_fnQESD-eA" type="7001"/>
    <children xmi:type="notation:DecorationNode" xmi:id="_CjKhgX11Ee6F_fnQESD-eA" type="7011"/>
    <children xmi:type="notation:BasicCompartment" xmi:id="_CjKhgn11Ee6F_fnQESD-eA" type="7002">
      <styles xmi:type="notation:SortingStyle" xmi:id="_CjKhg311Ee6F_fnQESD-eA"/>
      <styles xmi:type="notation:FilteringStyle" xmi:id="_CjKhhH11Ee6F_fnQESD-eA"/>
    </children>
    <children xmi:type="notation:DecorationNode" xmi:id="_CjKhhX11Ee6F_fnQESD-eA" type="5008">
      <styles xmi:type="notation:DrawerStyle" xmi:id="_CjKhhn11Ee6F_fnQESD-eA"/>
    </children>
    <children xmi:type="notation:BasicCompartment" xmi:id="_CjKhh311Ee6F_fnQESD-eA" type="7007"/>
    <element xmi:type="map:Query" href="resource.map#_CjDz0H11Ee6F_fnQESD-eA?fileId=__rWxQH1QEe6F_fnQESD-eA$type=map?"/>
    <layoutConstraint xmi:type="notation:Bounds" xmi:id="_CjJ6cX11Ee6F_fnQESD-eA" x="259" y="657"/>
  </children>
  <children xmi:type="mapNot:NodeView" xmi:id="_Uy_JgIUsEe6_ZKlljuliUA" type="2006">
    <styles xmi:type="notation:DescriptionStyle" xmi:id="_Uy_JgYUsEe6_ZKlljuliUA"/>
    <styles xmi:type="notation:FontStyle" xmi:id="_Uy_JgoUsEe6_ZKlljuliUA" fontName="Segoe UI"/>
    <styles xmi:type="notation:FillStyle" xmi:id="_Uy_Jg4UsEe6_ZKlljuliUA"/>
    <element xmi:type="map:TargetFilter" href="resource.map#_Uy97YIUsEe6_ZKlljuliUA?fileId=__rWxQH1QEe6F_fnQESD-eA$type=map?"/>
    <layoutConstraint xmi:type="notation:Bounds" xmi:id="_Uy_JhIUsEe6_ZKlljuliUA" x="1450" y="687"/>
    <subElement xmi:type="map:DataSet" href="resource.map#_0FhAAIUmEe6_ZKlljuliUA?fileId=__rWxQH1QEe6F_fnQESD-eA$type=map?"/>
  </children>
  <children xmi:type="mapNot:NodeView" xmi:id="_YxzIcIUsEe6_ZKlljuliUA" type="2006">
    <styles xmi:type="notation:DescriptionStyle" xmi:id="_YxzIcYUsEe6_ZKlljuliUA"/>
    <styles xmi:type="notation:FontStyle" xmi:id="_YxzIcoUsEe6_ZKlljuliUA" fontName="Segoe UI"/>
    <styles xmi:type="notation:FillStyle" xmi:id="_YxzIc4UsEe6_ZKlljuliUA"/>
    <element xmi:type="map:TargetFilter" href="resource.map#_Yxx6UIUsEe6_ZKlljuliUA?fileId=__rWxQH1QEe6F_fnQESD-eA$type=map?"/>
    <layoutConstraint xmi:type="notation:Bounds" xmi:id="_YxzIdIUsEe6_ZKlljuliUA" x="1450" y="687"/>
    <subElement xmi:type="map:DataSet" href="resource.map#_0FhAAIUmEe6_ZKlljuliUA?fileId=__rWxQH1QEe6F_fnQESD-eA$type=map?"/>
  </children>
  <children xmi:type="mapNot:NodeView" xmi:id="_cPSjAIUsEe6_ZKlljuliUA" type="2006">
    <styles xmi:type="notation:DescriptionStyle" xmi:id="_cPSjAYUsEe6_ZKlljuliUA"/>
    <styles xmi:type="notation:FontStyle" xmi:id="_cPSjAoUsEe6_ZKlljuliUA" fontName="Segoe UI"/>
    <styles xmi:type="notation:FillStyle" xmi:id="_cPSjA4UsEe6_ZKlljuliUA"/>
    <element xmi:type="map:TargetFilter" href="resource.map#_cPQGwIUsEe6_ZKlljuliUA?fileId=__rWxQH1QEe6F_fnQESD-eA$type=map?"/>
    <layoutConstraint xmi:type="notation:Bounds" xmi:id="_cPSjBIUsEe6_ZKlljuliUA" x="1450" y="687"/>
    <subElement xmi:type="map:DataSet" href="resource.map#_0FhAAIUmEe6_ZKlljuliUA?fileId=__rWxQH1QEe6F_fnQESD-eA$type=map?"/>
  </children>
  <styles xmi:type="notation:DiagramStyle" xmi:id="__sMewX1QEe6F_fnQESD-eA"/>
  <element xmi:type="map:Map" href="resource.map#__rWxQH1QEe6F_fnQESD-eA?fileId=__rWxQH1QEe6F_fnQESD-eA$type=map$name=LOAD_SAS_TABLE?"/>
  <edges xmi:type="notation:Edge" xmi:id="_C038kH11Ee6F_fnQESD-eA" type="targetLink" source="_CjJ6cH11Ee6F_fnQESD-eA" target="_AvDC4H1REe6F_fnQESD-eA">
    <element xsi:nil="true"/>
    <bendpoints xmi:type="notation:RelativeBendpoints" xmi:id="_C038kX11Ee6F_fnQESD-eA" points="[0, 0, 60, 0]$[-60, 0, 0, 0]"/>
    <sourceAnchor xmi:type="notation:IdentityAnchor" xmi:id="_f38XRH2CEe6F_fnQESD-eA" id="(0.0,0.08823529411764706)"/>
    <targetAnchor xmi:type="notation:IdentityAnchor" xmi:id="_f38XRX2CEe6F_fnQESD-eA" id="(1.0,0.5)"/>
  </edges>
  <edges xmi:type="notation:Edge" xmi:id="_C05xwH11Ee6F_fnQESD-eA" type="targetSetLink" source="_CjJ6cH11Ee6F_fnQESD-eA" target="_CjJ6cH11Ee6F_fnQESD-eA">
    <element xmi:type="map:SetDescriptor" href="resource.map#_C0gJIH11Ee6F_fnQESD-eA?fileId=__rWxQH1QEe6F_fnQESD-eA$type=map?"/>
    <bendpoints xmi:type="notation:RelativeBendpoints" xmi:id="_C05xwX11Ee6F_fnQESD-eA" points="[0, 0, 0, 0]$[0, 0, 0, 0]"/>
  </edges>
  <edges xmi:type="notation:Edge" xmi:id="_0FntsIUmEe6_ZKlljuliUA" type="targetDataSetLink" source="_CjJ6cH11Ee6F_fnQESD-eA" target="_CjJ6cH11Ee6F_fnQESD-eA">
    <element xmi:type="map:DataSet" href="resource.map#_0FhAAYUmEe6_ZKlljuliUA?fileId=__rWxQH1QEe6F_fnQESD-eA$type=map?"/>
    <bendpoints xmi:type="notation:RelativeBendpoints" xmi:id="_0FntsYUmEe6_ZKlljuliUA" points="[0, 0, 0, 0]$[0, 0, 0, 0]"/>
  </edges>
  <edges xmi:type="notation:Edge" xmi:id="_uT1N4IUpEe6_ZKlljuliUA" type="targetLink" source="_eS-ZYIUpEe6_ZKlljuliUA" target="_AvDC4H1REe6F_fnQESD-eA">
    <element xsi:nil="true"/>
    <bendpoints xmi:type="notation:RelativeBendpoints" xmi:id="_uT1N4YUpEe6_ZKlljuliUA" points="[0, 0, 60, 0]$[-60, 0, 0, 0]"/>
    <sourceAnchor xmi:type="notation:IdentityAnchor" xmi:id="_QCqOEIUsEe6_ZKlljuliUA" id="(0.0,0.5)"/>
    <targetAnchor xmi:type="notation:IdentityAnchor" xmi:id="_QCqOEYUsEe6_ZKlljuliUA" id="(1.0,0.0625)"/>
  </edges>
  <edges xmi:type="notation:Edge" xmi:id="_uT2cAIUpEe6_ZKlljuliUA" type="targetDataSetLink" source="_eS-ZYIUpEe6_ZKlljuliUA" target="_eS-ZYIUpEe6_ZKlljuliUA">
    <element xmi:type="map:DataSet" href="resource.map#_0FhAAYUmEe6_ZKlljuliUA?fileId=__rWxQH1QEe6F_fnQESD-eA$type=map?"/>
    <bendpoints xmi:type="notation:RelativeBendpoints" xmi:id="_uT2cAYUpEe6_ZKlljuliUA" points="[0, 0, 0, 0]$[0, 0, 0, 0]"/>
  </edges>
  <edges xmi:type="notation:Edge" xmi:id="_uT2cAoUpEe6_ZKlljuliUA" type="targetSetLink" source="_eS-ZYIUpEe6_ZKlljuliUA" target="_eS-ZYIUpEe6_ZKlljuliUA">
    <element xmi:type="map:SetDescriptor" href="resource.map#_uThr4IUpEe6_ZKlljuliUA?fileId=__rWxQH1QEe6F_fnQESD-eA$type=map?"/>
    <bendpoints xmi:type="notation:RelativeBendpoints" xmi:id="_uT2cA4UpEe6_ZKlljuliUA" points="[0, 0, 0, 0]$[0, 0, 0, 0]"/>
  </edges>
  <edges xmi:type="notation:Edge" xmi:id="_Bfjb4IUqEe6_ZKlljuliUA" type="targetLink" source="_0FnmUIUpEe6_ZKlljuliUA" target="_CjJ6cH11Ee6F_fnQESD-eA">
    <element xsi:nil="true"/>
    <bendpoints xmi:type="notation:RelativeBendpoints" xmi:id="_BfkC8IUqEe6_ZKlljuliUA" points="[0, 0, 215, -574]$[-61, 476, 154, -98]$[-155, 553, 60, -21]$[-215, 574, 0, 0]"/>
    <sourceAnchor xmi:type="notation:IdentityAnchor" xmi:id="_QCsqU4UsEe6_ZKlljuliUA" id="(0.0,0.3989071038251366)"/>
    <targetAnchor xmi:type="notation:IdentityAnchor" xmi:id="_QCtRYIUsEe6_ZKlljuliUA" id="(1.0,0.058823529411764705)"/>
  </edges>
  <edges xmi:type="notation:Edge" xmi:id="_BfkC8YUqEe6_ZKlljuliUA" type="targetDataSetLink" source="_0FnmUIUpEe6_ZKlljuliUA" target="_0FnmUIUpEe6_ZKlljuliUA">
    <element xmi:type="map:DataSet" href="resource.map#_0FhAAIUmEe6_ZKlljuliUA?fileId=__rWxQH1QEe6F_fnQESD-eA$type=map?"/>
    <bendpoints xmi:type="notation:RelativeBendpoints" xmi:id="_BfkC8oUqEe6_ZKlljuliUA" points="[0, 0, 0, 0]$[0, 0, 0, 0]"/>
  </edges>
  <edges xmi:type="notation:Edge" xmi:id="_BfkqAIUqEe6_ZKlljuliUA" type="targetSetLink" source="_0FnmUIUpEe6_ZKlljuliUA" target="_0FnmUIUpEe6_ZKlljuliUA">
    <element xmi:type="map:SetDescriptor" href="resource.map#_BfH-EIUqEe6_ZKlljuliUA?fileId=__rWxQH1QEe6F_fnQESD-eA$type=map?"/>
    <bendpoints xmi:type="notation:RelativeBendpoints" xmi:id="_BfkqAYUqEe6_ZKlljuliUA" points="[0, 0, 0, 0]$[0, 0, 0, 0]"/>
  </edges>
  <edges xmi:type="notation:Edge" xmi:id="_KA5K0IUqEe6_ZKlljuliUA" type="targetLink" source="_0FnmUIUpEe6_ZKlljuliUA" target="_eS-ZYIUpEe6_ZKlljuliUA">
    <element xsi:nil="true"/>
    <bendpoints xmi:type="notation:RelativeBendpoints" xmi:id="_KA5K0YUqEe6_ZKlljuliUA" points="[0, 0, 154, -445]$[-154, 445, 0, 0]"/>
    <sourceAnchor xmi:type="notation:IdentityAnchor" xmi:id="_QCrcMIUsEe6_ZKlljuliUA" id="(0.0,0.19672131147540983)"/>
    <targetAnchor xmi:type="notation:IdentityAnchor" xmi:id="_QCrcMYUsEe6_ZKlljuliUA" id="(1.0,0.14)"/>
  </edges>
  <edges xmi:type="notation:Edge" xmi:id="_Lj3ZcIUqEe6_ZKlljuliUA" type="joinLink" source="_Lj1kQIUqEe6_ZKlljuliUA" target="_CjJ6cH11Ee6F_fnQESD-eA">
    <element xsi:nil="true"/>
    <bendpoints xmi:type="notation:RelativeBendpoints" xmi:id="_Lj3ZcYUqEe6_ZKlljuliUA" points="[17, -3, -888, 648]$[77, -252, -828, 399]"/>
    <sourceAnchor xmi:type="notation:IdentityAnchor" xmi:id="_QCo_8oUsEe6_ZKlljuliUA" id="(1.0,0.36)"/>
    <targetAnchor xmi:type="notation:IdentityAnchor" xmi:id="_QCpnAIUsEe6_ZKlljuliUA" id="(1.0,0.08823529411764706)"/>
  </edges>
  <edges xmi:type="notation:Edge" xmi:id="_Lj4AgIUqEe6_ZKlljuliUA" type="joinLink" source="_Lj1kQIUqEe6_ZKlljuliUA" target="_eS-ZYIUpEe6_ZKlljuliUA">
    <element xsi:nil="true"/>
    <bendpoints xmi:type="notation:RelativeBendpoints" xmi:id="_Lj4AgYUqEe6_ZKlljuliUA" points="[17, -6, 128, 408]$[77, -293, 188, 121]"/>
    <sourceAnchor xmi:type="notation:IdentityAnchor" xmi:id="_QCo_8IUsEe6_ZKlljuliUA" id="(1.0,0.24)"/>
    <targetAnchor xmi:type="notation:IdentityAnchor" xmi:id="_QCo_8YUsEe6_ZKlljuliUA" id="(1.0,0.57)"/>
  </edges>
  <edges xmi:type="notation:Edge" xmi:id="_lXAAUIUqEe6_ZKlljuliUA" type="targetLink" source="_0ityAIUpEe6_ZKlljuliUA" target="_CjJ6cH11Ee6F_fnQESD-eA">
    <element xsi:nil="true"/>
    <bendpoints xmi:type="notation:RelativeBendpoints" xmi:id="_lXAAUYUqEe6_ZKlljuliUA" points="[0, 0, 215, 0]$[-215, 0, 0, 0]"/>
    <sourceAnchor xmi:type="notation:IdentityAnchor" xmi:id="_QCtRYYUsEe6_ZKlljuliUA" id="(0.0,0.9603960396039604)"/>
    <targetAnchor xmi:type="notation:IdentityAnchor" xmi:id="_QCtRYoUsEe6_ZKlljuliUA" id="(1.0,0.5)"/>
  </edges>
  <edges xmi:type="notation:Edge" xmi:id="_lXAAUoUqEe6_ZKlljuliUA" type="targetDataSetLink" source="_0ityAIUpEe6_ZKlljuliUA" target="_0ityAIUpEe6_ZKlljuliUA">
    <element xmi:type="map:DataSet" href="resource.map#_0FhAAIUmEe6_ZKlljuliUA?fileId=__rWxQH1QEe6F_fnQESD-eA$type=map?"/>
    <bendpoints xmi:type="notation:RelativeBendpoints" xmi:id="_lXAAU4UqEe6_ZKlljuliUA" points="[0, 0, 0, 0]$[0, 0, 0, 0]"/>
  </edges>
  <edges xmi:type="notation:Edge" xmi:id="_lXAAVIUqEe6_ZKlljuliUA" type="targetSetLink" source="_0ityAIUpEe6_ZKlljuliUA" target="_0ityAIUpEe6_ZKlljuliUA">
    <element xmi:type="map:SetDescriptor" href="resource.map#_lW4rkYUqEe6_ZKlljuliUA?fileId=__rWxQH1QEe6F_fnQESD-eA$type=map?"/>
    <bendpoints xmi:type="notation:RelativeBendpoints" xmi:id="_lXAAVYUqEe6_ZKlljuliUA" points="[0, 0, 0, 0]$[0, 0, 0, 0]"/>
  </edges>
  <edges xmi:type="notation:Edge" xmi:id="_6Ej0gIUqEe6_ZKlljuliUA" type="targetLink" source="_0ityAIUpEe6_ZKlljuliUA" target="_eS-ZYIUpEe6_ZKlljuliUA">
    <element xsi:nil="true"/>
    <bendpoints xmi:type="notation:RelativeBendpoints" xmi:id="_6Ej0gYUqEe6_ZKlljuliUA" points="[0, 0, 154, 9]$[-94, 0, 60, 9]$[-154, -9, 0, 0]"/>
    <sourceAnchor xmi:type="notation:IdentityAnchor" xmi:id="_QCrcMoUsEe6_ZKlljuliUA" id="(0.0,0.039603960396039604)"/>
    <targetAnchor xmi:type="notation:IdentityAnchor" xmi:id="_QCsDQIUsEe6_ZKlljuliUA" id="(1.0,0.42)"/>
  </edges>
  <edges xmi:type="notation:Edge" xmi:id="_-RhkMIUqEe6_ZKlljuliUA" type="targetLink" source="_1kXcQIUpEe6_ZKlljuliUA" target="_CjJ6cH11Ee6F_fnQESD-eA">
    <element xsi:nil="true"/>
    <bendpoints xmi:type="notation:RelativeBendpoints" xmi:id="_-RhkMYUqEe6_ZKlljuliUA" points="[0, 0, 215, 440]$[-215, -440, 0, 0]"/>
    <sourceAnchor xmi:type="notation:IdentityAnchor" xmi:id="_QCtRZYUsEe6_ZKlljuliUA" id="(0.0,0.7987616099071208)"/>
    <targetAnchor xmi:type="notation:IdentityAnchor" xmi:id="_QCt4cIUsEe6_ZKlljuliUA" id="(1.0,0.8323529411764706)"/>
  </edges>
  <edges xmi:type="notation:Edge" xmi:id="_-RhkMoUqEe6_ZKlljuliUA" type="targetDataSetLink" source="_1kXcQIUpEe6_ZKlljuliUA" target="_1kXcQIUpEe6_ZKlljuliUA">
    <element xmi:type="map:DataSet" href="resource.map#_0FhAAIUmEe6_ZKlljuliUA?fileId=__rWxQH1QEe6F_fnQESD-eA$type=map?"/>
    <bendpoints xmi:type="notation:RelativeBendpoints" xmi:id="_-RhkM4UqEe6_ZKlljuliUA" points="[0, 0, 0, 0]$[0, 0, 0, 0]"/>
  </edges>
  <edges xmi:type="notation:Edge" xmi:id="_-RhkNIUqEe6_ZKlljuliUA" type="targetSetLink" source="_1kXcQIUpEe6_ZKlljuliUA" target="_1kXcQIUpEe6_ZKlljuliUA">
    <element xmi:type="map:SetDescriptor" href="resource.map#_-RH7kYUqEe6_ZKlljuliUA?fileId=__rWxQH1QEe6F_fnQESD-eA$type=map?"/>
    <bendpoints xmi:type="notation:RelativeBendpoints" xmi:id="_-RhkNYUqEe6_ZKlljuliUA" points="[0, 0, 0, 0]$[0, 0, 0, 0]"/>
  </edges>
  <edges xmi:type="notation:Edge" xmi:id="_K9gHkIUrEe6_ZKlljuliUA" type="targetLink" source="_1kXcQIUpEe6_ZKlljuliUA" target="_eS-ZYIUpEe6_ZKlljuliUA">
    <element xsi:nil="true"/>
    <bendpoints xmi:type="notation:RelativeBendpoints" xmi:id="_K9gHkYUrEe6_ZKlljuliUA" points="[0, 0, 154, 733]$[-61, -406, 93, 327]$[-154, -733, 0, 0]"/>
    <sourceAnchor xmi:type="notation:IdentityAnchor" xmi:id="_QCsDQ4UsEe6_ZKlljuliUA" id="(0.0,0.5975232198142415)"/>
    <targetAnchor xmi:type="notation:IdentityAnchor" xmi:id="_QCsqUIUsEe6_ZKlljuliUA" id="(1.0,0.85)"/>
  </edges>
  <edges xmi:type="notation:Edge" xmi:id="_MiPQwIUrEe6_ZKlljuliUA" type="targetLink" source="_4S0mkIUpEe6_ZKlljuliUA" target="_CjJ6cH11Ee6F_fnQESD-eA">
    <element xsi:nil="true"/>
    <bendpoints xmi:type="notation:RelativeBendpoints" xmi:id="_MiPQwYUrEe6_ZKlljuliUA" points="[0, 0, 215, 146]$[-215, -146, 0, 0]"/>
    <sourceAnchor xmi:type="notation:IdentityAnchor" xmi:id="_QCt4cYUsEe6_ZKlljuliUA" id="(0.0,0.7975460122699386)"/>
    <targetAnchor xmi:type="notation:IdentityAnchor" xmi:id="_QCt4coUsEe6_ZKlljuliUA" id="(1.0,0.6647058823529411)"/>
  </edges>
  <edges xmi:type="notation:Edge" xmi:id="_MiPQwoUrEe6_ZKlljuliUA" type="targetDataSetLink" source="_4S0mkIUpEe6_ZKlljuliUA" target="_4S0mkIUpEe6_ZKlljuliUA">
    <element xmi:type="map:DataSet" href="resource.map#_0FhAAIUmEe6_ZKlljuliUA?fileId=__rWxQH1QEe6F_fnQESD-eA$type=map?"/>
    <bendpoints xmi:type="notation:RelativeBendpoints" xmi:id="_MiPQw4UrEe6_ZKlljuliUA" points="[0, 0, 0, 0]$[0, 0, 0, 0]"/>
  </edges>
  <edges xmi:type="notation:Edge" xmi:id="_MiP30IUrEe6_ZKlljuliUA" type="targetSetLink" source="_4S0mkIUpEe6_ZKlljuliUA" target="_4S0mkIUpEe6_ZKlljuliUA">
    <element xmi:type="map:SetDescriptor" href="resource.map#_MiDDgYUrEe6_ZKlljuliUA?fileId=__rWxQH1QEe6F_fnQESD-eA$type=map?"/>
    <bendpoints xmi:type="notation:RelativeBendpoints" xmi:id="_MiP30YUrEe6_ZKlljuliUA" points="[0, 0, 0, 0]$[0, 0, 0, 0]"/>
  </edges>
  <edges xmi:type="notation:Edge" xmi:id="_U8XkcIUrEe6_ZKlljuliUA" type="targetLink" source="_4S0mkIUpEe6_ZKlljuliUA" target="_eS-ZYIUpEe6_ZKlljuliUA">
    <element xsi:nil="true"/>
    <bendpoints xmi:type="notation:RelativeBendpoints" xmi:id="_U8XkcYUrEe6_ZKlljuliUA" points="[0, 0, 154, 428]$[-61, -235, 93, 193]$[-94, -252, 60, 176]$[-154, -428, 0, 0]"/>
    <sourceAnchor xmi:type="notation:IdentityAnchor" xmi:id="_QCsqUYUsEe6_ZKlljuliUA" id="(0.0,0.5950920245398773)"/>
    <targetAnchor xmi:type="notation:IdentityAnchor" xmi:id="_QCsqUoUsEe6_ZKlljuliUA" id="(1.0,0.71)"/>
  </edges>
  <edges xmi:type="notation:Edge" xmi:id="_WTvnEIUrEe6_ZKlljuliUA" type="targetLink" source="_4xHFEIUpEe6_ZKlljuliUA" target="_CjJ6cH11Ee6F_fnQESD-eA">
    <element xsi:nil="true"/>
    <bendpoints xmi:type="notation:RelativeBendpoints" xmi:id="_WTvnEYUrEe6_ZKlljuliUA" points="[0, 0, 215, -313]$[-61, 121, 154, -192]$[-155, 287, 60, -26]$[-215, 313, 0, 0]"/>
    <sourceAnchor xmi:type="notation:IdentityAnchor" xmi:id="_QCtRY4UsEe6_ZKlljuliUA" id="(0.0,0.39901477832512317)"/>
    <targetAnchor xmi:type="notation:IdentityAnchor" xmi:id="_QCtRZIUsEe6_ZKlljuliUA" id="(1.0,0.029411764705882353)"/>
  </edges>
  <edges xmi:type="notation:Edge" xmi:id="_WTwOIIUrEe6_ZKlljuliUA" type="targetDataSetLink" source="_4xHFEIUpEe6_ZKlljuliUA" target="_4xHFEIUpEe6_ZKlljuliUA">
    <element xmi:type="map:DataSet" href="resource.map#_0FhAAIUmEe6_ZKlljuliUA?fileId=__rWxQH1QEe6F_fnQESD-eA$type=map?"/>
    <bendpoints xmi:type="notation:RelativeBendpoints" xmi:id="_WTwOIYUrEe6_ZKlljuliUA" points="[0, 0, 0, 0]$[0, 0, 0, 0]"/>
  </edges>
  <edges xmi:type="notation:Edge" xmi:id="_WTwOIoUrEe6_ZKlljuliUA" type="targetSetLink" source="_4xHFEIUpEe6_ZKlljuliUA" target="_4xHFEIUpEe6_ZKlljuliUA">
    <element xmi:type="map:SetDescriptor" href="resource.map#_WTpgcYUrEe6_ZKlljuliUA?fileId=__rWxQH1QEe6F_fnQESD-eA$type=map?"/>
    <bendpoints xmi:type="notation:RelativeBendpoints" xmi:id="_WTwOI4UrEe6_ZKlljuliUA" points="[0, 0, 0, 0]$[0, 0, 0, 0]"/>
  </edges>
  <edges xmi:type="notation:Edge" xmi:id="_xNBWoIUrEe6_ZKlljuliUA" type="targetLink" source="_4xHFEIUpEe6_ZKlljuliUA" target="_eS-ZYIUpEe6_ZKlljuliUA">
    <element xsi:nil="true"/>
    <bendpoints xmi:type="notation:RelativeBendpoints" xmi:id="_xNBWoYUrEe6_ZKlljuliUA" points="[0, 0, 154, -212]$[-154, 212, 0, 0]"/>
    <sourceAnchor xmi:type="notation:IdentityAnchor" xmi:id="_QCsDQYUsEe6_ZKlljuliUA" id="(0.0,0.19704433497536947)"/>
    <targetAnchor xmi:type="notation:IdentityAnchor" xmi:id="_QCsDQoUsEe6_ZKlljuliUA" id="(1.0,0.28)"/>
  </edges>
  <edges xmi:type="notation:Edge" xmi:id="_ElBGEIUsEe6_ZKlljuliUA" type="joinLink" source="_Ek-p0IUsEe6_ZKlljuliUA" target="_0FnmUIUpEe6_ZKlljuliUA">
    <element xmi:type="map:DataSet" href="resource.map#_0FhAAIUmEe6_ZKlljuliUA?fileId=__rWxQH1QEe6F_fnQESD-eA$type=map?"/>
    <bendpoints xmi:type="notation:RelativeBendpoints" xmi:id="_ElBGEYUsEe6_ZKlljuliUA" points="[0, 0, 304, 0]$[-304, 0, 0, 0]"/>
    <sourceAnchor xmi:type="notation:IdentityAnchor" xmi:id="_QCpnAYUsEe6_ZKlljuliUA" id="(0.0,0.5)"/>
    <targetAnchor xmi:type="notation:IdentityAnchor" xmi:id="_QCpnAoUsEe6_ZKlljuliUA" id="(1.0,0.4972677595628415)"/>
  </edges>
  <edges xmi:type="notation:Edge" xmi:id="_UzBlwIUsEe6_ZKlljuliUA" type="joinLink" source="_Uy_JgIUsEe6_ZKlljuliUA" target="_0ityAIUpEe6_ZKlljuliUA">
    <element xmi:type="map:DataSet" href="resource.map#_0FhAAIUmEe6_ZKlljuliUA?fileId=__rWxQH1QEe6F_fnQESD-eA$type=map?"/>
    <bendpoints xmi:type="notation:RelativeBendpoints" xmi:id="_UzBlwYUsEe6_ZKlljuliUA" points="[0, 0, -840, -515]$[654, 402, -186, -113]"/>
  </edges>
  <edges xmi:type="notation:Edge" xmi:id="_Yx0WkIUsEe6_ZKlljuliUA" type="joinLink" source="_YxzIcIUsEe6_ZKlljuliUA" target="_1kXcQIUpEe6_ZKlljuliUA">
    <element xmi:type="map:DataSet" href="resource.map#_0FhAAIUmEe6_ZKlljuliUA?fileId=__rWxQH1QEe6F_fnQESD-eA$type=map?"/>
    <bendpoints xmi:type="notation:RelativeBendpoints" xmi:id="_Yx0WkYUsEe6_ZKlljuliUA" points="[0, 0, -748, -962]$[654, 841, -94, -121]"/>
  </edges>
  <edges xmi:type="notation:Edge" xmi:id="_cPTxIIUsEe6_ZKlljuliUA" type="joinLink" source="_cPSjAIUsEe6_ZKlljuliUA" target="_4S0mkIUpEe6_ZKlljuliUA">
    <element xmi:type="map:DataSet" href="resource.map#_0FhAAIUmEe6_ZKlljuliUA?fileId=__rWxQH1QEe6F_fnQESD-eA$type=map?"/>
    <bendpoints xmi:type="notation:RelativeBendpoints" xmi:id="_cPTxIYUsEe6_ZKlljuliUA" points="[0, 0, -748, -735]$[686, 674, -62, -61]"/>
  </edges>
  <edges xmi:type="notation:Edge" xmi:id="_sLmYQIU4Ee6_ZKlljuliUA" type="joinLink" source="_sLjU8IU4Ee6_ZKlljuliUA" target="_4xHFEIUpEe6_ZKlljuliUA">
    <element xmi:type="map:DataSet" href="resource.map#_0FhAAIUmEe6_ZKlljuliUA?fileId=__rWxQH1QEe6F_fnQESD-eA$type=map?"/>
    <bendpoints xmi:type="notation:RelativeBendpoints" xmi:id="_sLmYQYU4Ee6_ZKlljuliUA" points="[0, 0, 0, 0]$[0, 0, 0, 0]"/>
  </edges>
</notation:Diagram>
]]></diagram>
</map:map>