<?xml version="1.0" encoding="UTF-8"?>
<map:map xmlns:map="http://www.indy.com/v2/map" id="_2zc9cH1FEe6F_fnQESD-eA" internalVersion="7" tech="resource.tech#_waYSMH8VEd2__Mzb_dB76A?fileId=_waYSMH8VEd2__Mzb_dB76A$type=tech$name=flow?">
  <datastore id="_R1kOAH1IEe6F_fnQESD-eA" alias="F_CLIENT_20231001_2" dataset="_R1mDMH1IEe6F_fnQESD-eA" ref="resource.md#_lN_SIHpREe6QncsbWkl3eg?fileId=_FaryAHokEe6cgaTnMFlv7A$type=md$name=F_CLIENT_20231001_2?">
    <field id="_R1k1E31IEe6F_fnQESD-eA" fullAlias="F1" name="F1" parent="_R1k1EX1IEe6F_fnQESD-eA" ref="resource.md#_lN_5OXpREe6QncsbWkl3eg?fileId=_FaryAHokEe6cgaTnMFlv7A$type=md$name=F1?"/>
    <field id="_R1k1Fn1IEe6F_fnQESD-eA" fullAlias="F4" name="F4" parent="_R1k1EX1IEe6F_fnQESD-eA" ref="resource.md#_lN_SLHpREe6QncsbWkl3eg?fileId=_FaryAHokEe6cgaTnMFlv7A$type=md$name=F4?"/>
    <field id="_R1k1GH1IEe6F_fnQESD-eA" fullAlias="F6" name="F6" parent="_R1k1EX1IEe6F_fnQESD-eA" ref="resource.md#_lN_SMXpREe6QncsbWkl3eg?fileId=_FaryAHokEe6cgaTnMFlv7A$type=md$name=F6?"/>
    <field id="_R1k1En1IEe6F_fnQESD-eA" fullAlias="file_name" name="file_name" parent="_R1k1EX1IEe6F_fnQESD-eA" ref="resource.md#_6BmfBH1GEe6F_fnQESD-eA?fileId=_FaryAHokEe6cgaTnMFlv7A$type=md$name=file_name?"/>
    <field id="_R1k1FH1IEe6F_fnQESD-eA" fullAlias="F2" name="F2" parent="_R1k1EX1IEe6F_fnQESD-eA" ref="resource.md#_lN_5NXpREe6QncsbWkl3eg?fileId=_FaryAHokEe6cgaTnMFlv7A$type=md$name=F2?"/>
    <field id="_R1k1F31IEe6F_fnQESD-eA" fullAlias="F5" name="F5" parent="_R1k1EX1IEe6F_fnQESD-eA" ref="resource.md#_lN_5PXpREe6QncsbWkl3eg?fileId=_FaryAHokEe6cgaTnMFlv7A$type=md$name=F5?"/>
    <field id="_R1k1FX1IEe6F_fnQESD-eA" fullAlias="F3" name="F3" parent="_R1k1EX1IEe6F_fnQESD-eA" ref="resource.md#_lN_5MXpREe6QncsbWkl3eg?fileId=_FaryAHokEe6cgaTnMFlv7A$type=md$name=F3?"/>
    <field id="_R1k1EX1IEe6F_fnQESD-eA" expand="true" name="F_CLIENT_20231001_2" ref="resource.md#_lN_SIHpREe6QncsbWkl3eg?fileId=_FaryAHokEe6cgaTnMFlv7A$type=md$name=F_CLIENT_20231001_2?" updateKey="true"/>
    <field id="_3WjFo31UEe6F_fnQESD-eA" fullAlias="C10" name="C10" parent="_R1k1EX1IEe6F_fnQESD-eA" ref="resource.md#_T7BBIH1UEe6F_fnQESD-eA?fileId=_FaryAHokEe6cgaTnMFlv7A$type=md$name=C10?"/>
    <field id="_3WjFpX1UEe6F_fnQESD-eA" fullAlias="C12" name="C12" parent="_R1k1EX1IEe6F_fnQESD-eA" ref="resource.md#_U8qrYH1UEe6F_fnQESD-eA?fileId=_FaryAHokEe6cgaTnMFlv7A$type=md$name=C12?"/>
    <field id="_3WjFoX1UEe6F_fnQESD-eA" fullAlias="C8" name="C8" parent="_R1k1EX1IEe6F_fnQESD-eA" ref="resource.md#_T2YYwH1UEe6F_fnQESD-eA?fileId=_FaryAHokEe6cgaTnMFlv7A$type=md$name=C8?"/>
    <field id="_3WjFon1UEe6F_fnQESD-eA" fullAlias="C9" name="C9" parent="_R1k1EX1IEe6F_fnQESD-eA" ref="resource.md#_T40BsH1UEe6F_fnQESD-eA?fileId=_FaryAHokEe6cgaTnMFlv7A$type=md$name=C9?"/>
    <field id="_3WjFoH1UEe6F_fnQESD-eA" fullAlias="C7" name="C7" parent="_R1k1EX1IEe6F_fnQESD-eA" ref="resource.md#_TyZ3sH1UEe6F_fnQESD-eA?fileId=_FaryAHokEe6cgaTnMFlv7A$type=md$name=C7?"/>
    <field id="_3WjFpH1UEe6F_fnQESD-eA" fullAlias="C11" name="C11" parent="_R1k1EX1IEe6F_fnQESD-eA" ref="resource.md#_U4VlAH1UEe6F_fnQESD-eA?fileId=_FaryAHokEe6cgaTnMFlv7A$type=md$name=C11?"/>
    <field id="_iWJYgH1VEe6F_fnQESD-eA" fullAlias="C13" name="C13" parent="_R1k1EX1IEe6F_fnQESD-eA" ref="resource.md#_gLp24H1VEe6F_fnQESD-eA?fileId=_FaryAHokEe6cgaTnMFlv7A$type=md$name=C13?"/>
  </datastore>
  <datastore id="_jop7gH1QEe6F_fnQESD-eA" alias="FILE_CONTROL" dataset="_jorwsH1QEe6F_fnQESD-eA" ref="resource.md#_c-QgEH1QEe6F_fnQESD-eA?fileId=_wdWFIHyDEe6F_fnQESD-eA$type=md$name=FILE_CONTROL?" subExpression="[A]">
    <field id="_joqikH1QEe6F_fnQESD-eA" enable="true" insert="true" name="CHAMP2" ref="resource.md#_dZ4sIH1QEe6F_fnQESD-eA?fileId=_wdWFIHyDEe6F_fnQESD-eA$type=md$name=CHAMP2?" update="true">
      <expression id="_kThdcH1QEe6F_fnQESD-eA" setDescriptorRef="_kTg2YH1QEe6F_fnQESD-eA">
        <expression>F_CLIENT_20231001_2.F2</expression>
      </expression>
    </field>
    <field id="_joqikX1QEe6F_fnQESD-eA" enable="true" insert="true" name="CHAMP3" ref="resource.md#_dZ4sJn1QEe6F_fnQESD-eA?fileId=_wdWFIHyDEe6F_fnQESD-eA$type=md$name=CHAMP3?" update="true">
      <expression id="_kThdcX1QEe6F_fnQESD-eA" setDescriptorRef="_kTg2YH1QEe6F_fnQESD-eA">
        <expression>F_CLIENT_20231001_2.F3</expression>
      </expression>
    </field>
    <field id="_joqikn1QEe6F_fnQESD-eA" enable="true" insert="true" name="CHAMP4" ref="resource.md#_dZ4sLH1QEe6F_fnQESD-eA?fileId=_wdWFIHyDEe6F_fnQESD-eA$type=md$name=CHAMP4?" update="true">
      <expression id="_kThdcn1QEe6F_fnQESD-eA" setDescriptorRef="_kTg2YH1QEe6F_fnQESD-eA">
        <expression>F_CLIENT_20231001_2.F4</expression>
      </expression>
    </field>
    <field id="_jop7gn1QEe6F_fnQESD-eA" enable="true" insert="true" name="CHAMP1" ref="resource.md#_dZ4FEH1QEe6F_fnQESD-eA?fileId=_wdWFIHyDEe6F_fnQESD-eA$type=md$name=CHAMP1?" update="true">
      <expression id="_kThdc31QEe6F_fnQESD-eA" setDescriptorRef="_kTg2YH1QEe6F_fnQESD-eA">
        <expression>F_CLIENT_20231001_2.F1</expression>
      </expression>
    </field>
    <field id="_joqik31QEe6F_fnQESD-eA" enable="true" insert="true" name="CHAMP5" ref="resource.md#_dZ5TMH1QEe6F_fnQESD-eA?fileId=_wdWFIHyDEe6F_fnQESD-eA$type=md$name=CHAMP5?" update="true">
      <expression id="_kTiEgH1QEe6F_fnQESD-eA" setDescriptorRef="_kTg2YH1QEe6F_fnQESD-eA">
        <expression>F_CLIENT_20231001_2.F5</expression>
      </expression>
    </field>
    <field id="_joqilH1QEe6F_fnQESD-eA" enable="true" insert="true" name="CHAMP6" ref="resource.md#_dZ5TNn1QEe6F_fnQESD-eA?fileId=_wdWFIHyDEe6F_fnQESD-eA$type=md$name=CHAMP6?" update="true">
      <expression id="_kTiEgX1QEe6F_fnQESD-eA" setDescriptorRef="_kTg2YH1QEe6F_fnQESD-eA">
        <expression>F_CLIENT_20231001_2.F6</expression>
      </expression>
    </field>
    <field id="_CiE_YH1UEe6F_fnQESD-eA" enable="true" insert="true" name="CHAMP7" ref="resource.md#_B8yhAH1UEe6F_fnQESD-eA?fileId=_wdWFIHyDEe6F_fnQESD-eA$type=md$name=CHAMP7?" update="true">
      <expression id="_CiE_YX1UEe6F_fnQESD-eA" setDescriptorRef="_kTg2YH1QEe6F_fnQESD-eA">
        <expression>F_CLIENT_20231001_2.C7</expression>
      </expression>
    </field>
    <field id="_CiE_ZH1UEe6F_fnQESD-eA" enable="true" insert="true" name="CHAMP9" ref="resource.md#_B8zvIH1UEe6F_fnQESD-eA?fileId=_wdWFIHyDEe6F_fnQESD-eA$type=md$name=CHAMP9?" update="true">
      <expression id="_CiE_ZX1UEe6F_fnQESD-eA" setDescriptorRef="_kTg2YH1QEe6F_fnQESD-eA">
        <expression>F_CLIENT_20231001_2.C9</expression>
      </expression>
    </field>
    <field id="_CiE_Yn1UEe6F_fnQESD-eA" enable="true" insert="true" name="CHAMP8" ref="resource.md#_B8zIEH1UEe6F_fnQESD-eA?fileId=_wdWFIHyDEe6F_fnQESD-eA$type=md$name=CHAMP8?" update="true">
      <expression id="_CiE_Y31UEe6F_fnQESD-eA" setDescriptorRef="_kTg2YH1QEe6F_fnQESD-eA">
        <expression>F_CLIENT_20231001_2.C8</expression>
      </expression>
    </field>
    <field id="_CiFmcn1UEe6F_fnQESD-eA" enable="true" insert="true" name="CHAMP11" ref="resource.md#_B80WMn1UEe6F_fnQESD-eA?fileId=_wdWFIHyDEe6F_fnQESD-eA$type=md$name=CHAMP11?" update="true">
      <expression id="_CiFmc31UEe6F_fnQESD-eA" setDescriptorRef="_kTg2YH1QEe6F_fnQESD-eA">
        <expression>F_CLIENT_20231001_2.C11</expression>
      </expression>
    </field>
    <field id="_CiFmdH1UEe6F_fnQESD-eA" enable="true" insert="true" name="CHAMP12" ref="resource.md#_B809QH1UEe6F_fnQESD-eA?fileId=_wdWFIHyDEe6F_fnQESD-eA$type=md$name=CHAMP12?" update="true">
      <expression id="_CiFmdX1UEe6F_fnQESD-eA" setDescriptorRef="_kTg2YH1QEe6F_fnQESD-eA">
        <expression>F_CLIENT_20231001_2.C12</expression>
      </expression>
    </field>
    <field id="_CiFmcH1UEe6F_fnQESD-eA" enable="true" insert="true" name="CHAMP10" ref="resource.md#_B8zvJn1UEe6F_fnQESD-eA?fileId=_wdWFIHyDEe6F_fnQESD-eA$type=md$name=CHAMP10?" update="true">
      <expression id="_CiFmcX1UEe6F_fnQESD-eA" setDescriptorRef="_kTg2YH1QEe6F_fnQESD-eA">
        <expression>F_CLIENT_20231001_2.C10</expression>
      </expression>
    </field>
    <field id="_d4uyAH1VEe6F_fnQESD-eA" enable="true" insert="true" name="CHAMP13" ref="resource.md#_dcC2AH1VEe6F_fnQESD-eA?fileId=_wdWFIHyDEe6F_fnQESD-eA$type=md$name=CHAMP13?" update="true">
      <expression id="_d4uyAX1VEe6F_fnQESD-eA" setDescriptorRef="_kTg2YH1QEe6F_fnQESD-eA">
        <expression>F_CLIENT_20231001_2.C13</expression>
      </expression>
    </field>
    <field id="_IdHskH13Ee6F_fnQESD-eA" enable="true" insert="true" name="SOURCE" ref="resource.md#_IEB3IH13Ee6F_fnQESD-eA?fileId=_wdWFIHyDEe6F_fnQESD-eA$type=md$name=SOURCE?" update="true">
      <expression id="_IdHskX13Ee6F_fnQESD-eA" setDescriptorRef="_kTg2YH1QEe6F_fnQESD-eA">
        <expression>F_CLIENT_20231001_2.file_name</expression>
      </expression>
    </field>
    <setDescriptor id="_kTg2YH1QEe6F_fnQESD-eA" label="A"/>
  </datastore>
  <template id="_kTj5sH1QEe6F_fnQESD-eA" name="I_FILE_CONTROL" process="resource.proc#_jkWgEFEJEeO7Vo9WeM2sCg?fileId=_jkWgEFEJEeO7Vo9WeM2sCg$type=proc$name=INTEGRATION%20Oracle?" targetId="_jop7gH1QEe6F_fnQESD-eA">
    <parameter id="_Sb5p4H13Ee6F_fnQESD-eA" name="truncateTargetTable" value="true"/>
  </template>
  <template id="_kTtqsH1QEe6F_fnQESD-eA" name="L1_FILE_CONTROL" process="resource.proc#_a-mEoaIhEd68f8w2ej5O-w?fileId=_a-mEoaIhEd68f8w2ej5O-w$type=proc$name=LOAD%20File%20to%20Rdbms?" sourceId="_R1kOAH1IEe6F_fnQESD-eA" targetId="_jop7gH1QEe6F_fnQESD-eA"/>
  <dataSet id="_R1mDMH1IEe6F_fnQESD-eA">
    <container>_R1kOAH1IEe6F_fnQESD-eA</container>
  </dataSet>
  <dataSet id="_jorwsH1QEe6F_fnQESD-eA">
    <container>_jop7gH1QEe6F_fnQESD-eA</container>
  </dataSet>
  <hint>
    <usedField>#_R1k1E31IEe6F_fnQESD-eA</usedField>
    <usedField>#_R1k1Fn1IEe6F_fnQESD-eA</usedField>
    <usedField>#_R1k1GH1IEe6F_fnQESD-eA</usedField>
    <usedField>#_R1k1En1IEe6F_fnQESD-eA</usedField>
    <usedField>#_R1k1FH1IEe6F_fnQESD-eA</usedField>
    <usedField>#_R1k1F31IEe6F_fnQESD-eA</usedField>
    <usedField>#_R1k1FX1IEe6F_fnQESD-eA</usedField>
    <usedField>#_3WjFo31UEe6F_fnQESD-eA</usedField>
    <usedField>#_3WjFpX1UEe6F_fnQESD-eA</usedField>
    <usedField>#_3WjFoX1UEe6F_fnQESD-eA</usedField>
    <usedField>#_3WjFon1UEe6F_fnQESD-eA</usedField>
    <usedField>#_3WjFoH1UEe6F_fnQESD-eA</usedField>
    <usedField>#_3WjFpH1UEe6F_fnQESD-eA</usedField>
    <usedField>#_iWJYgH1VEe6F_fnQESD-eA</usedField>
  </hint>
  <diagram><![CDATA[<?xml version="1.0" encoding="UTF-8"?>
<notation:Diagram xmi:version="2.0" xmlns:xmi="http://www.omg.org/XMI" xmlns:xsi="http://www.w3.org/2001/XMLSchema-instance" xmlns:map="http://www.indy.com/v2/map" xmlns:notation="http://www.eclipse.org/gmf/runtime/1.0.1/notation" xsi:schemaLocation="http://www.eclipse.org/gmf/runtime/1.0.1/notation " xmi:id="_20QOsH1FEe6F_fnQESD-eA" type="Map" measurementUnit="Pixel">
  <children xmi:type="notation:Shape" xmi:id="_R1nRUH1IEe6F_fnQESD-eA" type="2004" fontName="Segoe UI">
    <children xmi:type="notation:DecorationNode" xmi:id="_R1nRUn1IEe6F_fnQESD-eA" type="5005"/>
    <children xmi:type="notation:DecorationNode" xmi:id="_R1nRU31IEe6F_fnQESD-eA" type="5007"/>
    <children xmi:type="notation:DecorationNode" xmi:id="_R1nRVH1IEe6F_fnQESD-eA" type="7003"/>
    <children xmi:type="notation:DecorationNode" xmi:id="_R1nRVX1IEe6F_fnQESD-eA" type="7009"/>
    <children xmi:type="notation:BasicCompartment" xmi:id="_R1nRVn1IEe6F_fnQESD-eA" type="7004">
      <styles xmi:type="notation:SortingStyle" xmi:id="_R1nRV31IEe6F_fnQESD-eA"/>
      <styles xmi:type="notation:FilteringStyle" xmi:id="_R1nRWH1IEe6F_fnQESD-eA"/>
    </children>
    <children xmi:type="notation:DecorationNode" xmi:id="_R1nRWX1IEe6F_fnQESD-eA" type="5009">
      <styles xmi:type="notation:DrawerStyle" xmi:id="_R1nRWn1IEe6F_fnQESD-eA"/>
    </children>
    <children xmi:type="notation:DecorationNode" xmi:id="_R1nRW31IEe6F_fnQESD-eA" type="7005">
      <styles xmi:type="notation:SortingStyle" xmi:id="_R1nRXH1IEe6F_fnQESD-eA"/>
      <styles xmi:type="notation:FilteringStyle" xmi:id="_R1nRXX1IEe6F_fnQESD-eA"/>
    </children>
    <children xmi:type="notation:BasicCompartment" xmi:id="_R1nRXn1IEe6F_fnQESD-eA" type="7007"/>
    <element xmi:type="map:Datastore" href="resource.map#_R1kOAH1IEe6F_fnQESD-eA?fileId=_2zc9cH1FEe6F_fnQESD-eA$type=map?"/>
    <layoutConstraint xmi:type="notation:Bounds" xmi:id="_R1nRUX1IEe6F_fnQESD-eA" x="44" y="47"/>
  </children>
  <children xmi:type="notation:Shape" xmi:id="_jouM8H1QEe6F_fnQESD-eA" type="2004" fontName="Segoe UI">
    <children xmi:type="notation:DecorationNode" xmi:id="_jouM8n1QEe6F_fnQESD-eA" type="5005"/>
    <children xmi:type="notation:DecorationNode" xmi:id="_jouM831QEe6F_fnQESD-eA" type="5007"/>
    <children xmi:type="notation:DecorationNode" xmi:id="_jouM9H1QEe6F_fnQESD-eA" type="7003"/>
    <children xmi:type="notation:DecorationNode" xmi:id="_jouM9X1QEe6F_fnQESD-eA" type="7009"/>
    <children xmi:type="notation:BasicCompartment" xmi:id="_jouM9n1QEe6F_fnQESD-eA" type="7004">
      <styles xmi:type="notation:SortingStyle" xmi:id="_jouM931QEe6F_fnQESD-eA"/>
      <styles xmi:type="notation:FilteringStyle" xmi:id="_jouM-H1QEe6F_fnQESD-eA"/>
    </children>
    <children xmi:type="notation:DecorationNode" xmi:id="_jouM-X1QEe6F_fnQESD-eA" type="5009">
      <styles xmi:type="notation:DrawerStyle" xmi:id="_jouM-n1QEe6F_fnQESD-eA"/>
    </children>
    <children xmi:type="notation:DecorationNode" xmi:id="_jouM-31QEe6F_fnQESD-eA" type="7005">
      <styles xmi:type="notation:SortingStyle" xmi:id="_jouM_H1QEe6F_fnQESD-eA"/>
      <styles xmi:type="notation:FilteringStyle" xmi:id="_jouM_X1QEe6F_fnQESD-eA"/>
    </children>
    <children xmi:type="notation:BasicCompartment" xmi:id="_jouM_n1QEe6F_fnQESD-eA" type="7007"/>
    <element xmi:type="map:Datastore" href="resource.map#_jop7gH1QEe6F_fnQESD-eA?fileId=_2zc9cH1FEe6F_fnQESD-eA$type=map?"/>
    <layoutConstraint xmi:type="notation:Bounds" xmi:id="_jouM8X1QEe6F_fnQESD-eA" x="355" y="41"/>
  </children>
  <styles xmi:type="notation:DiagramStyle" xmi:id="_20QOsX1FEe6F_fnQESD-eA"/>
  <element xmi:type="map:Map" href="resource.map#_2zc9cH1FEe6F_fnQESD-eA?fileId=_2zc9cH1FEe6F_fnQESD-eA$type=map$name=test2?"/>
  <edges xmi:type="notation:Edge" xmi:id="_kTpZQH1QEe6F_fnQESD-eA" type="targetLink" source="_jouM8H1QEe6F_fnQESD-eA" target="_R1nRUH1IEe6F_fnQESD-eA">
    <element xsi:nil="true"/>
    <bendpoints xmi:type="notation:RelativeBendpoints" xmi:id="_kTpZQX1QEe6F_fnQESD-eA" points="[-74, -6, 380, 30]$[-332, -27, 122, 9]"/>
  </edges>
  <edges xmi:type="notation:Edge" xmi:id="_kTqnYH1QEe6F_fnQESD-eA" type="targetDataSetLink" source="_jouM8H1QEe6F_fnQESD-eA" target="_jouM8H1QEe6F_fnQESD-eA">
    <element xmi:type="map:DataSet" href="resource.map#_R1mDMH1IEe6F_fnQESD-eA?fileId=_2zc9cH1FEe6F_fnQESD-eA$type=map?"/>
    <bendpoints xmi:type="notation:RelativeBendpoints" xmi:id="_kTqnYX1QEe6F_fnQESD-eA" points="[0, 0, 0, 0]$[0, 0, 0, 0]"/>
  </edges>
  <edges xmi:type="notation:Edge" xmi:id="_kTqnYn1QEe6F_fnQESD-eA" type="targetSetLink" source="_jouM8H1QEe6F_fnQESD-eA" target="_jouM8H1QEe6F_fnQESD-eA">
    <element xmi:type="map:SetDescriptor" href="resource.map#_kTg2YH1QEe6F_fnQESD-eA?fileId=_2zc9cH1FEe6F_fnQESD-eA$type=map?"/>
    <bendpoints xmi:type="notation:RelativeBendpoints" xmi:id="_kTqnY31QEe6F_fnQESD-eA" points="[0, 0, 0, 0]$[0, 0, 0, 0]"/>
  </edges>
</notation:Diagram>
]]></diagram>
</map:map>