<?xml version="1.0" encoding="UTF-8"?>
<map:map xmlns:map="http://www.indy.com/v2/map" id="__rWxQH1QEe6F_fnQESD-eA" internalVersion="7" tech="resource.tech#_waYSMH8VEd2__Mzb_dB76A?fileId=_waYSMH8VEd2__Mzb_dB76A$type=tech$name=flow?">
  <datastore id="_Au-xcH1REe6F_fnQESD-eA" alias="FILE_CONTROL" dataset="_s-D1ZX-lEe6nffOUWEHP3g" ref="resource.md#_c-QgEH1QEe6F_fnQESD-eA?fileId=_wdWFIHyDEe6F_fnQESD-eA$type=md$name=FILE_CONTROL?">
    <field id="_AvAmoX1REe6F_fnQESD-eA" fullAlias="CHAMP2" name="CHAMP2" ref="resource.md#_dZ4sIH1QEe6F_fnQESD-eA?fileId=_wdWFIHyDEe6F_fnQESD-eA$type=md$name=CHAMP2?"/>
    <field id="_AvAmon1REe6F_fnQESD-eA" fullAlias="CHAMP3" name="CHAMP3" ref="resource.md#_dZ4sJn1QEe6F_fnQESD-eA?fileId=_wdWFIHyDEe6F_fnQESD-eA$type=md$name=CHAMP3?"/>
    <field id="_AvAmo31REe6F_fnQESD-eA" fullAlias="CHAMP4" name="CHAMP4" ref="resource.md#_dZ4sLH1QEe6F_fnQESD-eA?fileId=_wdWFIHyDEe6F_fnQESD-eA$type=md$name=CHAMP4?"/>
    <field id="_AvAmoH1REe6F_fnQESD-eA" fullAlias="CHAMP1" name="CHAMP1" ref="resource.md#_dZ4FEH1QEe6F_fnQESD-eA?fileId=_wdWFIHyDEe6F_fnQESD-eA$type=md$name=CHAMP1?"/>
    <field id="_AvAmpH1REe6F_fnQESD-eA" fullAlias="CHAMP5" name="CHAMP5" ref="resource.md#_dZ5TMH1QEe6F_fnQESD-eA?fileId=_wdWFIHyDEe6F_fnQESD-eA$type=md$name=CHAMP5?"/>
    <field id="_AvAmpX1REe6F_fnQESD-eA" fullAlias="CHAMP6" name="CHAMP6" ref="resource.md#_dZ5TNn1QEe6F_fnQESD-eA?fileId=_wdWFIHyDEe6F_fnQESD-eA$type=md$name=CHAMP6?"/>
    <field id="_CilVsn1UEe6F_fnQESD-eA" fullAlias="CHAMP9" name="CHAMP9" ref="resource.md#_B8zvIH1UEe6F_fnQESD-eA?fileId=_wdWFIHyDEe6F_fnQESD-eA$type=md$name=CHAMP9?"/>
    <field id="_CilVs31UEe6F_fnQESD-eA" fullAlias="CHAMP10" name="CHAMP10" ref="resource.md#_B8zvJn1UEe6F_fnQESD-eA?fileId=_wdWFIHyDEe6F_fnQESD-eA$type=md$name=CHAMP10?"/>
    <field id="_CilVsH1UEe6F_fnQESD-eA" fullAlias="CHAMP7" name="CHAMP7" ref="resource.md#_B8yhAH1UEe6F_fnQESD-eA?fileId=_wdWFIHyDEe6F_fnQESD-eA$type=md$name=CHAMP7?"/>
    <field id="_Cil8wH1UEe6F_fnQESD-eA" fullAlias="CHAMP11" name="CHAMP11" ref="resource.md#_B80WMn1UEe6F_fnQESD-eA?fileId=_wdWFIHyDEe6F_fnQESD-eA$type=md$name=CHAMP11?"/>
    <field id="_Cil8wX1UEe6F_fnQESD-eA" fullAlias="CHAMP12" name="CHAMP12" ref="resource.md#_B809QH1UEe6F_fnQESD-eA?fileId=_wdWFIHyDEe6F_fnQESD-eA$type=md$name=CHAMP12?"/>
    <field id="_CilVsX1UEe6F_fnQESD-eA" fullAlias="CHAMP8" name="CHAMP8" ref="resource.md#_B8zIEH1UEe6F_fnQESD-eA?fileId=_wdWFIHyDEe6F_fnQESD-eA$type=md$name=CHAMP8?"/>
    <field id="_d5GlcH1VEe6F_fnQESD-eA" fullAlias="CHAMP13" name="CHAMP13" ref="resource.md#_dcC2AH1VEe6F_fnQESD-eA?fileId=_wdWFIHyDEe6F_fnQESD-eA$type=md$name=CHAMP13?"/>
    <field id="_Id2FUH13Ee6F_fnQESD-eA" fullAlias="SOURCE" name="SOURCE" ref="resource.md#_IEB3IH13Ee6F_fnQESD-eA?fileId=_wdWFIHyDEe6F_fnQESD-eA$type=md$name=SOURCE?"/>
  </datastore>
  <datastore id="_aEscgH1REe6F_fnQESD-eA" alias="SAS_COMPTE" dataset="_s-D1Zn-lEe6nffOUWEHP3g" priorityOrder="3" ref="resource.md#__8g28XyFEe6F_fnQESD-eA?fileId=_wdWFIHyDEe6F_fnQESD-eA$type=md$name=SAS_COMPTE?" subExpression="[A]">
    <field id="_aEuRsX1REe6F_fnQESD-eA" enable="true" insert="true" name="ACTION" ref="resource.md#_ABNwwHyGEe6F_fnQESD-eA?fileId=_wdWFIHyDEe6F_fnQESD-eA$type=md$name=ACTION?" update="true">
      <expression id="_PkrQAH11Ee6F_fnQESD-eA" setDescriptorRef="_Pkqo8H11Ee6F_fnQESD-eA">
        <expression>stage.CHAMP2</expression>
      </expression>
    </field>
    <field id="_aEuRs31REe6F_fnQESD-eA" enable="true" insert="true" name="TYPE" ref="resource.md#_ABOX0HyGEe6F_fnQESD-eA?fileId=_wdWFIHyDEe6F_fnQESD-eA$type=md$name=TYPE?" update="true">
      <expression id="_PkrQAX11Ee6F_fnQESD-eA" setDescriptorRef="_Pkqo8H11Ee6F_fnQESD-eA">
        <expression>stage.CHAMP5</expression>
      </expression>
    </field>
    <field id="_aEuRtn1REe6F_fnQESD-eA" enable="true" insert="true" name="ID_SOURCE" ref="resource.md#_ABO-43yGEe6F_fnQESD-eA?fileId=_wdWFIHyDEe6F_fnQESD-eA$type=md$name=ID_SOURCE?" update="true">
      <expression id="_Pkr3EH11Ee6F_fnQESD-eA" setDescriptorRef="_Pkqo8H11Ee6F_fnQESD-eA">
        <expression>SOURCE.ID_SOURCE</expression>
      </expression>
    </field>
    <field id="_aEuRsH1REe6F_fnQESD-eA" enable="true" insert="true" name="CLE_COMPTE" ref="resource.md#_ABNJsHyGEe6F_fnQESD-eA?fileId=_wdWFIHyDEe6F_fnQESD-eA$type=md$name=CLE_COMPTE?" update="true" updateKey="true">
      <expression id="_Pkr3EX11Ee6F_fnQESD-eA" setDescriptorRef="_Pkqo8H11Ee6F_fnQESD-eA">
        <expression>stage.CHAMP3</expression>
      </expression>
    </field>
    <field id="_aEuRtX1REe6F_fnQESD-eA" enable="true" insert="true" name="DATE_CREATION" ref="resource.md#_ABOX3XyGEe6F_fnQESD-eA?fileId=_wdWFIHyDEe6F_fnQESD-eA$type=md$name=DATE_CREATION?" update="false">
      <expression id="_PkseIH11Ee6F_fnQESD-eA" location="TRG" setDescriptorRef="_Pkqo8H11Ee6F_fnQESD-eA">
        <expression>current_timestamp </expression>
      </expression>
    </field>
    <field id="_aEuRtH1REe6F_fnQESD-eA" enable="true" insert="true" name="CABINET" ref="resource.md#_ABOX13yGEe6F_fnQESD-eA?fileId=_wdWFIHyDEe6F_fnQESD-eA$type=md$name=CABINET?" update="true">
      <expression id="_PkseIX11Ee6F_fnQESD-eA" setDescriptorRef="_Pkqo8H11Ee6F_fnQESD-eA">
        <expression>stage.CHAMP6</expression>
      </expression>
    </field>
    <field id="_aEuRsn1REe6F_fnQESD-eA" enable="true" insert="true" name="STATUS" ref="resource.md#_ABNwxnyGEe6F_fnQESD-eA?fileId=_wdWFIHyDEe6F_fnQESD-eA$type=md$name=STATUS?" update="true">
      <expression id="_PkseIn11Ee6F_fnQESD-eA" setDescriptorRef="_Pkqo8H11Ee6F_fnQESD-eA">
        <expression>stage.CHAMP4</expression>
      </expression>
    </field>
    <setDescriptor id="_Pkqo8H11Ee6F_fnQESD-eA" label="A"/>
    <targetFilter id="__3b9QH2DEe6F_fnQESD-eA" enable="true" aggregate="false">
      <expression>stage.CHAMP1 = '100'</expression>
    </targetFilter>
  </datastore>
  <datastore id="_kAlBMH-eEe6nffOUWEHP3g" alias="SAS_CLIENT" dataset="_s-D1Z3-lEe6nffOUWEHP3g" priorityOrder="3" ref="resource.md#__1qBAXyFEe6F_fnQESD-eA?fileId=_wdWFIHyDEe6F_fnQESD-eA$type=md$name=SAS_CLIENT?" subExpression="[A]">
    <field id="_kAlBN3-eEe6nffOUWEHP3g" enable="true" insert="true" name="PRENOM" ref="resource.md#__7oGLnyFEe6F_fnQESD-eA?fileId=_wdWFIHyDEe6F_fnQESD-eA$type=md$name=PRENOM?" update="true">
      <expression id="_lmjggX-eEe6nffOUWEHP3g" setDescriptorRef="_lmjggH-eEe6nffOUWEHP3g">
        <expression>stage.CHAMP8</expression>
      </expression>
    </field>
    <field id="_kAlBPH-eEe6nffOUWEHP3g" enable="true" insert="true" name="DATE_CREATION" ref="resource.md#__7pUTnyFEe6F_fnQESD-eA?fileId=_wdWFIHyDEe6F_fnQESD-eA$type=md$name=DATE_CREATION?" update="false">
      <expression id="_lmjggn-eEe6nffOUWEHP3g" location="TRG" setDescriptorRef="_lmjggH-eEe6nffOUWEHP3g">
        <expression>current_timestamp</expression>
      </expression>
    </field>
    <field id="_kAlBNX-eEe6nffOUWEHP3g" enable="true" insert="true" name="TYPE" ref="resource.md#__7oGIHyFEe6F_fnQESD-eA?fileId=_wdWFIHyDEe6F_fnQESD-eA$type=md$name=TYPE?" update="true">
      <expression id="_lmjgg3-eEe6nffOUWEHP3g" setDescriptorRef="_lmjggH-eEe6nffOUWEHP3g">
        <expression>stage.CHAMP6</expression>
      </expression>
    </field>
    <field id="_kAlBOX-eEe6nffOUWEHP3g" enable="true" insert="true" name="DATE_ANNIVERSAIRE" ref="resource.md#__7otNnyFEe6F_fnQESD-eA?fileId=_wdWFIHyDEe6F_fnQESD-eA$type=md$name=DATE_ANNIVERSAIRE?" update="true">
      <expression id="_lmjghH-eEe6nffOUWEHP3g" setDescriptorRef="_lmjggH-eEe6nffOUWEHP3g">
        <expression>to_date ('01-01-1970', 'DD-MM-YYYY') + to_number (stage.CHAMP10)</expression>
      </expression>
    </field>
    <field id="_kAlBPX-eEe6nffOUWEHP3g" enable="true" insert="true" name="ID_SOURCE" ref="resource.md#__7p7UHyFEe6F_fnQESD-eA?fileId=_wdWFIHyDEe6F_fnQESD-eA$type=md$name=ID_SOURCE?" update="true">
      <expression id="_lmjghX-eEe6nffOUWEHP3g" setDescriptorRef="_lmjggH-eEe6nffOUWEHP3g">
        <expression>SOURCE.ID_SOURCE</expression>
      </expression>
    </field>
    <field id="_kAlBM3-eEe6nffOUWEHP3g" enable="true" insert="true" name="CLE_COMPTE" ref="resource.md#__7nfEHyFEe6F_fnQESD-eA?fileId=_wdWFIHyDEe6F_fnQESD-eA$type=md$name=CLE_COMPTE?" update="true">
      <expression id="_lmtRgH-eEe6nffOUWEHP3g" setDescriptorRef="_lmjggH-eEe6nffOUWEHP3g">
        <expression>stage.CHAMP4</expression>
      </expression>
    </field>
    <field id="_kAlBO3-eEe6nffOUWEHP3g" enable="true" insert="true" name="MUTUELLE" ref="resource.md#__7pUR3yFEe6F_fnQESD-eA?fileId=_wdWFIHyDEe6F_fnQESD-eA$type=md$name=MUTUELLE?" update="true">
      <expression id="_lmtRgX-eEe6nffOUWEHP3g" setDescriptorRef="_lmjggH-eEe6nffOUWEHP3g">
        <expression>stage.CHAMP12</expression>
      </expression>
    </field>
    <field id="_kAlBNn-eEe6nffOUWEHP3g" enable="true" insert="true" name="CIVILITE" ref="resource.md#__7oGJ3yFEe6F_fnQESD-eA?fileId=_wdWFIHyDEe6F_fnQESD-eA$type=md$name=CIVILITE?" update="true">
      <expression id="_lmtRgn-eEe6nffOUWEHP3g" setDescriptorRef="_lmjggH-eEe6nffOUWEHP3g">
        <expression>stage.CHAMP7</expression>
      </expression>
    </field>
    <field id="_kAlBMn-eEe6nffOUWEHP3g" enable="true" insert="true" name="CLE_CLIENT" ref="resource.md#__7m4AHyFEe6F_fnQESD-eA?fileId=_wdWFIHyDEe6F_fnQESD-eA$type=md$name=CLE_CLIENT?" update="true" updateKey="true">
      <expression id="_lmtRg3-eEe6nffOUWEHP3g" setDescriptorRef="_lmjggH-eEe6nffOUWEHP3g">
        <expression>stage.CHAMP3</expression>
      </expression>
    </field>
    <field id="_kAlBNH-eEe6nffOUWEHP3g" enable="true" insert="true" name="STATUS" ref="resource.md#__7nfFnyFEe6F_fnQESD-eA?fileId=_wdWFIHyDEe6F_fnQESD-eA$type=md$name=STATUS?" update="true">
      <expression id="_lmtRhH-eEe6nffOUWEHP3g" setDescriptorRef="_lmjggH-eEe6nffOUWEHP3g">
        <expression>stage.CHAMP5</expression>
      </expression>
    </field>
    <field id="_kAlBOn-eEe6nffOUWEHP3g" enable="true" insert="true" name="SEXE" ref="resource.md#__7pUQHyFEe6F_fnQESD-eA?fileId=_wdWFIHyDEe6F_fnQESD-eA$type=md$name=SEXE?" update="true">
      <expression id="_lmtRhX-eEe6nffOUWEHP3g" setDescriptorRef="_lmjggH-eEe6nffOUWEHP3g">
        <expression>stage.CHAMP11</expression>
      </expression>
    </field>
    <field id="_kAlBOH-eEe6nffOUWEHP3g" enable="true" insert="true" name="NOM" ref="resource.md#__7otMHyFEe6F_fnQESD-eA?fileId=_wdWFIHyDEe6F_fnQESD-eA$type=md$name=NOM?" update="true">
      <expression id="_lmtRhn-eEe6nffOUWEHP3g" setDescriptorRef="_lmjggH-eEe6nffOUWEHP3g">
        <expression>stage.CHAMP9</expression>
      </expression>
    </field>
    <setDescriptor id="_lmjggH-eEe6nffOUWEHP3g" label="A"/>
    <targetFilter id="_1_YwIH-eEe6nffOUWEHP3g" enable="true" aggregate="false">
      <expression>stage.CHAMP1 = '200'</expression>
    </targetFilter>
  </datastore>
  <datastore id="_86v7kH-lEe6nffOUWEHP3g" alias="SOURCE" dataset="_865sl3-lEe6nffOUWEHP3g" ref="resource.md#_1VT0MX-lEe6nffOUWEHP3g?fileId=_wdWFIHyDEe6F_fnQESD-eA$type=md$name=SOURCE?" subExpression="[A]">
    <field id="_865skX-lEe6nffOUWEHP3g" fullAlias="ID_SOURCE" name="ID_SOURCE" ref="resource.md#_1aFmgH-lEe6nffOUWEHP3g?fileId=_wdWFIHyDEe6F_fnQESD-eA$type=md$name=ID_SOURCE?">
      <expression id="_Cuqa8X-mEe6nffOUWEHP3g" setDescriptorRef="_Cuqa8H-mEe6nffOUWEHP3g">
        <expression></expression>
      </expression>
    </field>
    <field id="_865sk3-lEe6nffOUWEHP3g" enable="true" insert="true" name="DATE_INTEGRATION" ref="resource.md#_1aFmi3-lEe6nffOUWEHP3g?fileId=_wdWFIHyDEe6F_fnQESD-eA$type=md$name=DATE_INTEGRATION?" update="true">
      <expression id="_Cuqa8n-mEe6nffOUWEHP3g" location="TRG" setDescriptorRef="_Cuqa8H-mEe6nffOUWEHP3g">
        <expression>current_timestamp</expression>
      </expression>
    </field>
    <field id="_865skn-lEe6nffOUWEHP3g" enable="true" fullAlias="SOURCE" insert="true" name="SOURCE" ref="resource.md#_1aFmhX-lEe6nffOUWEHP3g?fileId=_wdWFIHyDEe6F_fnQESD-eA$type=md$name=SOURCE?" update="true" updateKey="true">
      <expression id="_Cuqa83-mEe6nffOUWEHP3g" setDescriptorRef="_Cuqa8H-mEe6nffOUWEHP3g">
        <expression>FILE_CONTROL.SOURCE</expression>
      </expression>
    </field>
    <setDescriptor id="_Cuqa8H-mEe6nffOUWEHP3g" label="A"/>
  </datastore>
  <datastore id="_7FAvsH-qEe6nffOUWEHP3g" alias="SAS_ADRESSE" dataset="_7FAvzn-qEe6nffOUWEHP3g" priorityOrder="3" ref="resource.md#_AHAPsXyGEe6F_fnQESD-eA?fileId=_wdWFIHyDEe6F_fnQESD-eA$type=md$name=SAS_ADRESSE?" subExpression="[A]">
    <field id="_7FAvvX-qEe6nffOUWEHP3g" enable="true" insert="true" name="QUALITE" ref="resource.md#_ANYkgHyGEe6F_fnQESD-eA?fileId=_wdWFIHyDEe6F_fnQESD-eA$type=md$name=QUALITE?" update="true">
      <expression id="_jQIIwX-rEe6nffOUWEHP3g" setDescriptorRef="_jQIIwH-rEe6nffOUWEHP3g">
        <expression>stage.CHAMP13</expression>
      </expression>
    </field>
    <field id="_7FAvvn-qEe6nffOUWEHP3g" enable="true" insert="true" name="DATE_CREATION" ref="resource.md#_ANYkh3yGEe6F_fnQESD-eA?fileId=_wdWFIHyDEe6F_fnQESD-eA$type=md$name=DATE_CREATION?" update="true">
      <expression id="_jQIIwn-rEe6nffOUWEHP3g" location="TRG" setDescriptorRef="_jQIIwH-rEe6nffOUWEHP3g">
        <expression>current_timestamp</expression>
      </expression>
    </field>
    <field id="_7FAvtX-qEe6nffOUWEHP3g" enable="true" insert="true" name="LIGNE_1" ref="resource.md#_ANU6InyGEe6F_fnQESD-eA?fileId=_wdWFIHyDEe6F_fnQESD-eA$type=md$name=LIGNE_1?" update="true">
      <expression id="_jQIIw3-rEe6nffOUWEHP3g" setDescriptorRef="_jQIIwH-rEe6nffOUWEHP3g">
        <expression>stage.CHAMP5</expression>
      </expression>
    </field>
    <field id="_7FAvv3-qEe6nffOUWEHP3g" enable="true" insert="true" name="ID_SOURCE" ref="resource.md#_ANZLkHyGEe6F_fnQESD-eA?fileId=_wdWFIHyDEe6F_fnQESD-eA$type=md$name=ID_SOURCE?" update="true">
      <expression id="_jQIIxH-rEe6nffOUWEHP3g" setDescriptorRef="_jQIIwH-rEe6nffOUWEHP3g">
        <expression>SOURCE.ID_SOURCE</expression>
      </expression>
    </field>
    <field id="_7FAvvH-qEe6nffOUWEHP3g" enable="true" insert="true" name="PAYS" ref="resource.md#_ANX9c3yGEe6F_fnQESD-eA?fileId=_wdWFIHyDEe6F_fnQESD-eA$type=md$name=PAYS?" update="true">
      <expression id="_jQIIxX-rEe6nffOUWEHP3g" setDescriptorRef="_jQIIwH-rEe6nffOUWEHP3g">
        <expression>stage.CHAMP12</expression>
      </expression>
    </field>
    <field id="_7FAvuH-qEe6nffOUWEHP3g" name="LIGNE_4" ref="resource.md#_ANWvUHyGEe6F_fnQESD-eA?fileId=_wdWFIHyDEe6F_fnQESD-eA$type=md$name=LIGNE_4?">
      <expression id="_jQIIxn-rEe6nffOUWEHP3g" setDescriptorRef="_jQIIwH-rEe6nffOUWEHP3g">
        <expression></expression>
      </expression>
    </field>
    <field id="_7FAvu3-qEe6nffOUWEHP3g" enable="true" insert="true" name="CODE_POSTAL" ref="resource.md#_ANXWa3yGEe6F_fnQESD-eA?fileId=_wdWFIHyDEe6F_fnQESD-eA$type=md$name=CODE_POSTAL?" update="true">
      <expression id="_jQIIx3-rEe6nffOUWEHP3g" setDescriptorRef="_jQIIwH-rEe6nffOUWEHP3g">
        <expression>stage.CHAMP11</expression>
      </expression>
    </field>
    <field id="_7FAvtn-qEe6nffOUWEHP3g" enable="true" insert="true" name="LIGNE_2" ref="resource.md#_ANWIQHyGEe6F_fnQESD-eA?fileId=_wdWFIHyDEe6F_fnQESD-eA$type=md$name=LIGNE_2?" update="true">
      <expression id="_jQIIyH-rEe6nffOUWEHP3g" setDescriptorRef="_jQIIwH-rEe6nffOUWEHP3g">
        <expression>stage.CHAMP6</expression>
      </expression>
    </field>
    <field id="_7FAvuX-qEe6nffOUWEHP3g" name="LIGNE_5" ref="resource.md#_ANWvVnyGEe6F_fnQESD-eA?fileId=_wdWFIHyDEe6F_fnQESD-eA$type=md$name=LIGNE_5?">
      <expression id="_jQIIyX-rEe6nffOUWEHP3g" setDescriptorRef="_jQIIwH-rEe6nffOUWEHP3g">
        <expression></expression>
      </expression>
    </field>
    <field id="_7FAvs3-qEe6nffOUWEHP3g" enable="true" insert="true" name="ACTION" ref="resource.md#_ANTsAHyGEe6F_fnQESD-eA?fileId=_wdWFIHyDEe6F_fnQESD-eA$type=md$name=ACTION?" update="true">
      <expression id="_jQIIyn-rEe6nffOUWEHP3g" setDescriptorRef="_jQIIwH-rEe6nffOUWEHP3g">
        <expression>stage.CHAMP2</expression>
      </expression>
    </field>
    <field id="_7FAvt3-qEe6nffOUWEHP3g" name="LIGNE_3" ref="resource.md#_ANWIRnyGEe6F_fnQESD-eA?fileId=_wdWFIHyDEe6F_fnQESD-eA$type=md$name=LIGNE_3?">
      <expression id="_jQIIy3-rEe6nffOUWEHP3g" setDescriptorRef="_jQIIwH-rEe6nffOUWEHP3g">
        <expression></expression>
      </expression>
    </field>
    <field id="_7FAvsn-qEe6nffOUWEHP3g" enable="true" insert="true" name="CLE_CLIENT" ref="resource.md#_ANTE8HyGEe6F_fnQESD-eA?fileId=_wdWFIHyDEe6F_fnQESD-eA$type=md$name=CLE_CLIENT?" update="true" updateKey="true">
      <expression id="_jQIIzH-rEe6nffOUWEHP3g" setDescriptorRef="_jQIIwH-rEe6nffOUWEHP3g">
        <expression>stage.CHAMP3</expression>
      </expression>
    </field>
    <field id="_7FAvtH-qEe6nffOUWEHP3g" enable="true" insert="true" name="STATUS" ref="resource.md#_ANUTEHyGEe6F_fnQESD-eA?fileId=_wdWFIHyDEe6F_fnQESD-eA$type=md$name=STATUS?" update="true">
      <expression id="_jQIIzX-rEe6nffOUWEHP3g" setDescriptorRef="_jQIIwH-rEe6nffOUWEHP3g">
        <expression>stage.CHAMP4</expression>
      </expression>
    </field>
    <field id="_7FAvun-qEe6nffOUWEHP3g" enable="true" insert="true" name="VILLE" ref="resource.md#_ANXWZXyGEe6F_fnQESD-eA?fileId=_wdWFIHyDEe6F_fnQESD-eA$type=md$name=VILLE?" update="true">
      <expression id="_jQIIzn-rEe6nffOUWEHP3g" setDescriptorRef="_jQIIwH-rEe6nffOUWEHP3g">
        <expression>stage.CHAMP10</expression>
      </expression>
    </field>
    <setDescriptor id="_jQIIwH-rEe6nffOUWEHP3g" label="A"/>
    <targetFilter id="_hk_nMH-sEe6nffOUWEHP3g" enable="true" aggregate="false">
      <expression>stage.CHAMP1 = '204'</expression>
    </targetFilter>
  </datastore>
  <datastore id="_mhEfoH-sEe6nffOUWEHP3g" alias="SAS_EMAIL" dataset="_mhEfrn-sEe6nffOUWEHP3g" priorityOrder="3" ref="resource.md#_AN0CUXyGEe6F_fnQESD-eA?fileId=_wdWFIHyDEe6F_fnQESD-eA$type=md$name=SAS_EMAIL?" subExpression="[A]">
    <field id="_mhEfp3-sEe6nffOUWEHP3g" enable="true" insert="true" name="ID_SOURCE" ref="resource.md#_AS4vkHyGEe6F_fnQESD-eA?fileId=_wdWFIHyDEe6F_fnQESD-eA$type=md$name=ID_SOURCE?" update="true">
      <expression id="_vmgaIX-sEe6nffOUWEHP3g" setDescriptorRef="_vmgaIH-sEe6nffOUWEHP3g">
        <expression>SOURCE.ID_SOURCE</expression>
      </expression>
    </field>
    <field id="_mhEfpn-sEe6nffOUWEHP3g" enable="true" insert="true" name="DATE_CREATION" ref="resource.md#_AS4IjXyGEe6F_fnQESD-eA?fileId=_wdWFIHyDEe6F_fnQESD-eA$type=md$name=DATE_CREATION?" update="true">
      <expression id="_vmgaIn-sEe6nffOUWEHP3g" location="TRG" setDescriptorRef="_vmgaIH-sEe6nffOUWEHP3g">
        <expression>current_timestamp</expression>
      </expression>
    </field>
    <field id="_mhEfpX-sEe6nffOUWEHP3g" enable="true" insert="true" name="STATUS" ref="resource.md#_AS4IhnyGEe6F_fnQESD-eA?fileId=_wdWFIHyDEe6F_fnQESD-eA$type=md$name=STATUS?" update="true">
      <expression id="_vmgaI3-sEe6nffOUWEHP3g" setDescriptorRef="_vmgaIH-sEe6nffOUWEHP3g">
        <expression>stage.CHAMP5</expression>
      </expression>
    </field>
    <field id="_mhEfon-sEe6nffOUWEHP3g" enable="true" insert="true" name="CLE_CLIENT" ref="resource.md#_AS26YHyGEe6F_fnQESD-eA?fileId=_wdWFIHyDEe6F_fnQESD-eA$type=md$name=CLE_CLIENT?" update="true" updateKey="true">
      <expression id="_vmgaJH-sEe6nffOUWEHP3g" setDescriptorRef="_vmgaIH-sEe6nffOUWEHP3g">
        <expression>stage.CHAMP3</expression>
      </expression>
    </field>
    <field id="_mhEfo3-sEe6nffOUWEHP3g" enable="true" insert="true" name="ACTION" ref="resource.md#_AS3hdXyGEe6F_fnQESD-eA?fileId=_wdWFIHyDEe6F_fnQESD-eA$type=md$name=ACTION?" update="true">
      <expression id="_vmgaJX-sEe6nffOUWEHP3g" setDescriptorRef="_vmgaIH-sEe6nffOUWEHP3g">
        <expression>stage.CHAMP2</expression>
      </expression>
    </field>
    <field id="_mhEfpH-sEe6nffOUWEHP3g" enable="true" insert="true" name="EMAIL" ref="resource.md#_AS4IgHyGEe6F_fnQESD-eA?fileId=_wdWFIHyDEe6F_fnQESD-eA$type=md$name=EMAIL?" update="true">
      <expression id="_vmgaJn-sEe6nffOUWEHP3g" setDescriptorRef="_vmgaIH-sEe6nffOUWEHP3g">
        <expression>stage.CHAMP4</expression>
      </expression>
    </field>
    <setDescriptor id="_vmgaIH-sEe6nffOUWEHP3g" label="A"/>
    <targetFilter id="_YrRYAH-tEe6nffOUWEHP3g" enable="true" aggregate="false">
      <expression>stage.CHAMP1 = '203'</expression>
    </targetFilter>
  </datastore>
  <datastore id="_hcNpMH-tEe6nffOUWEHP3g" alias="SAS_TELEPHONE" dataset="_hcNpQn-tEe6nffOUWEHP3g" priorityOrder="3" ref="resource.md#_ABpOkXyGEe6F_fnQESD-eA?fileId=_wdWFIHyDEe6F_fnQESD-eA$type=md$name=SAS_TELEPHONE?" subExpression="[A]">
    <field id="_hcNpNH-tEe6nffOUWEHP3g" enable="true" insert="true" name="PHONE" ref="resource.md#_AGkx5nyGEe6F_fnQESD-eA?fileId=_wdWFIHyDEe6F_fnQESD-eA$type=md$name=PHONE?" update="true">
      <expression id="_vVzPMX-tEe6nffOUWEHP3g" setDescriptorRef="_vVzPMH-tEe6nffOUWEHP3g">
        <expression>stage.CHAMP4</expression>
      </expression>
    </field>
    <field id="_hcNpOX-tEe6nffOUWEHP3g" enable="true" insert="true" name="ID_SOURCE" ref="resource.md#_AGmnFnyGEe6F_fnQESD-eA?fileId=_wdWFIHyDEe6F_fnQESD-eA$type=md$name=ID_SOURCE?" update="true">
      <expression id="_vVzPMn-tEe6nffOUWEHP3g" location="SRC" setDescriptorRef="_vVzPMH-tEe6nffOUWEHP3g">
        <expression>SOURCE.ID_SOURCE</expression>
      </expression>
    </field>
    <field id="_hcNpN3-tEe6nffOUWEHP3g" enable="true" insert="true" name="TYPE" ref="resource.md#_AGmAAHyGEe6F_fnQESD-eA?fileId=_wdWFIHyDEe6F_fnQESD-eA$type=md$name=TYPE?" update="true">
      <expression id="_vVzPM3-tEe6nffOUWEHP3g" setDescriptorRef="_vVzPMH-tEe6nffOUWEHP3g">
        <expression>stage.CHAMP7</expression>
      </expression>
    </field>
    <field id="_hcNpMn-tEe6nffOUWEHP3g" enable="true" insert="true" name="CLE_CLIENT" ref="resource.md#_AGkK0HyGEe6F_fnQESD-eA?fileId=_wdWFIHyDEe6F_fnQESD-eA$type=md$name=CLE_CLIENT?" update="true" updateKey="true">
      <expression id="_vVzPNH-tEe6nffOUWEHP3g" setDescriptorRef="_vVzPMH-tEe6nffOUWEHP3g">
        <expression>stage.CHAMP3</expression>
      </expression>
    </field>
    <field id="_hcNpNX-tEe6nffOUWEHP3g" enable="true" insert="true" name="STATUS" ref="resource.md#_AGlY83yGEe6F_fnQESD-eA?fileId=_wdWFIHyDEe6F_fnQESD-eA$type=md$name=STATUS?" update="true">
      <expression id="_vVzPNX-tEe6nffOUWEHP3g" setDescriptorRef="_vVzPMH-tEe6nffOUWEHP3g">
        <expression>stage.CHAMP5</expression>
      </expression>
    </field>
    <field id="_hcNpM3-tEe6nffOUWEHP3g" enable="true" insert="true" name="ACTION" ref="resource.md#_AGkx4HyGEe6F_fnQESD-eA?fileId=_wdWFIHyDEe6F_fnQESD-eA$type=md$name=ACTION?" update="true">
      <expression id="_vVzPNn-tEe6nffOUWEHP3g" setDescriptorRef="_vVzPMH-tEe6nffOUWEHP3g">
        <expression>stage.CHAMP2</expression>
      </expression>
    </field>
    <field id="_hcNpNn-tEe6nffOUWEHP3g" enable="true" insert="true" name="FAVORI" ref="resource.md#_AGlY-nyGEe6F_fnQESD-eA?fileId=_wdWFIHyDEe6F_fnQESD-eA$type=md$name=FAVORI?" update="true">
      <expression id="_vVzPN3-tEe6nffOUWEHP3g" setDescriptorRef="_vVzPMH-tEe6nffOUWEHP3g">
        <expression>stage.CHAMP6</expression>
      </expression>
    </field>
    <field id="_hcNpOH-tEe6nffOUWEHP3g" enable="true" insert="true" name="DATE_CREATION" ref="resource.md#_AGmAB3yGEe6F_fnQESD-eA?fileId=_wdWFIHyDEe6F_fnQESD-eA$type=md$name=DATE_CREATION?" update="true">
      <expression id="_vVzPOH-tEe6nffOUWEHP3g" location="TRG" setDescriptorRef="_vVzPMH-tEe6nffOUWEHP3g">
        <expression>current_timestamp</expression>
      </expression>
    </field>
    <setDescriptor id="_vVzPMH-tEe6nffOUWEHP3g" label="A"/>
    <targetFilter id="_Nl6FwH-wEe6nffOUWEHP3g" enable="true" aggregate="false">
      <expression>stage.CHAMP1 = '205'</expression>
    </targetFilter>
  </datastore>
  <join id="_HVAT8H-mEe6nffOUWEHP3g" location="SRC" left="_CjDz0H11Ee6F_fnQESD-eA" order="10" right="_86v7kH-lEe6nffOUWEHP3g">
    <expression>stage.SOURCE = SOURCE.SOURCE</expression>
  </join>
  <template id="_C0kakH11Ee6F_fnQESD-eA" name="I_stage" process="resource.proc#_8zSzQdu8EeWIdu0rdnx7VQ?fileId=_8zSzQdu8EeWIdu0rdnx7VQ$type=proc$name=STAGING%20Oracle%20As%20Table?" targetId="_CjDz0H11Ee6F_fnQESD-eA"/>
  <template id="_Pkx9sH11Ee6F_fnQESD-eA" name="I_SAS_COMPTE" process="resource.proc#_jkWgEFEJEeO7Vo9WeM2sCg?fileId=_jkWgEFEJEeO7Vo9WeM2sCg$type=proc$name=INTEGRATION%20Oracle?" targetId="_aEscgH1REe6F_fnQESD-eA"/>
  <template id="_lmtRon-eEe6nffOUWEHP3g" name="I_SAS_CLIENT" process="resource.proc#_jkWgEFEJEeO7Vo9WeM2sCg?fileId=_jkWgEFEJEeO7Vo9WeM2sCg$type=proc$name=INTEGRATION%20Oracle?" targetId="_kAlBMH-eEe6nffOUWEHP3g"/>
  <template id="_Cuzk4H-mEe6nffOUWEHP3g" name="I_SOURCE" process="resource.proc#_jkWgEFEJEeO7Vo9WeM2sCg?fileId=_jkWgEFEJEeO7Vo9WeM2sCg$type=proc$name=INTEGRATION%20Oracle?" targetId="_86v7kH-lEe6nffOUWEHP3g">
    <parameter id="_0FSE0H-nEe6nffOUWEHP3g" name="useDistinct" value="true"/>
  </template>
  <template id="_jQVkIH-rEe6nffOUWEHP3g" name="I_SAS_ADRESSE" process="resource.proc#_jkWgEFEJEeO7Vo9WeM2sCg?fileId=_jkWgEFEJEeO7Vo9WeM2sCg$type=proc$name=INTEGRATION%20Oracle?" targetId="_7FAvsH-qEe6nffOUWEHP3g"/>
  <template id="_vmpkEH-sEe6nffOUWEHP3g" name="I_SAS_EMAIL" process="resource.proc#_jkWgEFEJEeO7Vo9WeM2sCg?fileId=_jkWgEFEJEeO7Vo9WeM2sCg$type=proc$name=INTEGRATION%20Oracle?" targetId="_mhEfoH-sEe6nffOUWEHP3g"/>
  <template id="_vV9AMH-tEe6nffOUWEHP3g" name="I_SAS_TELEPHONE" process="resource.proc#_jkWgEFEJEeO7Vo9WeM2sCg?fileId=_jkWgEFEJEeO7Vo9WeM2sCg$type=proc$name=INTEGRATION%20Oracle?" targetId="_hcNpMH-tEe6nffOUWEHP3g"/>
  <query id="_CjDz0H11Ee6F_fnQESD-eA" alias="stage" dataset="_865sl3-lEe6nffOUWEHP3g" priorityOrder="2" stagingArea="resource.md#_Amy08HyEEe6F_fnQESD-eA?fileId=_wdWFIHyDEe6F_fnQESD-eA$type=md$name=CSG1_ORA4?" subExpression="[A]">
    <field id="_C0fiEH11Ee6F_fnQESD-eA" name="CHAMP1">
      <expression id="_C0gJIX11Ee6F_fnQESD-eA" location="WRK" setDescriptorRef="_C0gJIH11Ee6F_fnQESD-eA">
        <expression>FILE_CONTROL.CHAMP1</expression>
      </expression>
    </field>
    <field id="_D75PAH11Ee6F_fnQESD-eA" name="CHAMP2">
      <expression id="_D75PAX11Ee6F_fnQESD-eA" location="WRK" setDescriptorRef="_C0gJIH11Ee6F_fnQESD-eA">
        <expression>FILE_CONTROL.CHAMP2</expression>
      </expression>
    </field>
    <field id="_ENNogH11Ee6F_fnQESD-eA" name="CHAMP3">
      <expression id="_ENNogX11Ee6F_fnQESD-eA" location="WRK" setDescriptorRef="_C0gJIH11Ee6F_fnQESD-eA">
        <expression>FILE_CONTROL.CHAMP3</expression>
      </expression>
    </field>
    <field id="_EbHhoH11Ee6F_fnQESD-eA" name="CHAMP4">
      <expression id="_EbHhoX11Ee6F_fnQESD-eA" location="WRK" setDescriptorRef="_C0gJIH11Ee6F_fnQESD-eA">
        <expression>FILE_CONTROL.CHAMP4</expression>
      </expression>
    </field>
    <field id="_Eur94H11Ee6F_fnQESD-eA" name="CHAMP5">
      <expression id="_Eur94X11Ee6F_fnQESD-eA" location="WRK" setDescriptorRef="_C0gJIH11Ee6F_fnQESD-eA">
        <expression>FILE_CONTROL.CHAMP5</expression>
      </expression>
    </field>
    <field id="_HrpeQH11Ee6F_fnQESD-eA" name="CHAMP6">
      <expression id="_HrpeQX11Ee6F_fnQESD-eA" location="WRK" setDescriptorRef="_C0gJIH11Ee6F_fnQESD-eA">
        <expression>FILE_CONTROL.CHAMP6</expression>
      </expression>
    </field>
    <field id="_H8UXgH11Ee6F_fnQESD-eA" name="CHAMP7">
      <expression id="_H8UXgX11Ee6F_fnQESD-eA" location="WRK" setDescriptorRef="_C0gJIH11Ee6F_fnQESD-eA">
        <expression>FILE_CONTROL.CHAMP7</expression>
      </expression>
    </field>
    <field id="_IOE14H11Ee6F_fnQESD-eA" name="CHAMP8">
      <expression id="_IOE14X11Ee6F_fnQESD-eA" location="WRK" setDescriptorRef="_C0gJIH11Ee6F_fnQESD-eA">
        <expression>FILE_CONTROL.CHAMP8</expression>
      </expression>
    </field>
    <field id="_Ie6uQH11Ee6F_fnQESD-eA" name="CHAMP9">
      <expression id="_Ie6uQX11Ee6F_fnQESD-eA" location="WRK" setDescriptorRef="_C0gJIH11Ee6F_fnQESD-eA">
        <expression>FILE_CONTROL.CHAMP9</expression>
      </expression>
    </field>
    <field id="_Iv_QIH11Ee6F_fnQESD-eA" name="CHAMP10">
      <expression id="_Iv_QIX11Ee6F_fnQESD-eA" location="WRK" setDescriptorRef="_C0gJIH11Ee6F_fnQESD-eA">
        <expression>FILE_CONTROL.CHAMP10</expression>
      </expression>
    </field>
    <field id="_JEp4kH11Ee6F_fnQESD-eA" name="CHAMP11">
      <expression id="_JEqfoH11Ee6F_fnQESD-eA" location="WRK" setDescriptorRef="_C0gJIH11Ee6F_fnQESD-eA">
        <expression>FILE_CONTROL.CHAMP11</expression>
      </expression>
    </field>
    <field id="_JcJLgH11Ee6F_fnQESD-eA" name="CHAMP12">
      <expression id="_JcJLgX11Ee6F_fnQESD-eA" location="WRK" setDescriptorRef="_C0gJIH11Ee6F_fnQESD-eA">
        <expression>FILE_CONTROL.CHAMP12</expression>
      </expression>
    </field>
    <field id="_KM0agH11Ee6F_fnQESD-eA" name="CHAMP13">
      <expression id="_KM0agX11Ee6F_fnQESD-eA" location="WRK" setDescriptorRef="_C0gJIH11Ee6F_fnQESD-eA">
        <expression>FILE_CONTROL.CHAMP13</expression>
      </expression>
    </field>
    <field id="_FP4a4H1_Ee6F_fnQESD-eA" name="SOURCE">
      <expression id="_FP4a4X1_Ee6F_fnQESD-eA" location="WRK" setDescriptorRef="_C0gJIH11Ee6F_fnQESD-eA">
        <expression>FILE_CONTROL.SOURCE</expression>
      </expression>
    </field>
    <setDescriptor id="_C0gJIH11Ee6F_fnQESD-eA" label="A"/>
  </query>
  <dataSet id="_s-D1ZX-lEe6nffOUWEHP3g">
    <container>_Au-xcH1REe6F_fnQESD-eA</container>
  </dataSet>
  <dataSet id="_s-D1Zn-lEe6nffOUWEHP3g">
    <container>_aEscgH1REe6F_fnQESD-eA</container>
  </dataSet>
  <dataSet id="_s-D1Z3-lEe6nffOUWEHP3g">
    <container>_kAlBMH-eEe6nffOUWEHP3g</container>
  </dataSet>
  <dataSet id="_865sl3-lEe6nffOUWEHP3g">
    <container>_86v7kH-lEe6nffOUWEHP3g</container>
    <container>_CjDz0H11Ee6F_fnQESD-eA</container>
  </dataSet>
  <dataSet id="_7FAvzn-qEe6nffOUWEHP3g">
    <container>_7FAvsH-qEe6nffOUWEHP3g</container>
  </dataSet>
  <dataSet id="_mhEfrn-sEe6nffOUWEHP3g">
    <container>_mhEfoH-sEe6nffOUWEHP3g</container>
  </dataSet>
  <dataSet id="_hcNpQn-tEe6nffOUWEHP3g">
    <container>_hcNpMH-tEe6nffOUWEHP3g</container>
  </dataSet>
  <hint>
    <usedField>#_AvAmoX1REe6F_fnQESD-eA</usedField>
    <usedField>#_AvAmon1REe6F_fnQESD-eA</usedField>
    <usedField>#_AvAmo31REe6F_fnQESD-eA</usedField>
    <usedField>#_AvAmoH1REe6F_fnQESD-eA</usedField>
    <usedField>#_AvAmpH1REe6F_fnQESD-eA</usedField>
    <usedField>#_AvAmpX1REe6F_fnQESD-eA</usedField>
    <usedField>#_CilVsn1UEe6F_fnQESD-eA</usedField>
    <usedField>#_CilVs31UEe6F_fnQESD-eA</usedField>
    <usedField>#_CilVsH1UEe6F_fnQESD-eA</usedField>
    <usedField>#_Cil8wH1UEe6F_fnQESD-eA</usedField>
    <usedField>#_Cil8wX1UEe6F_fnQESD-eA</usedField>
    <usedField>#_CilVsX1UEe6F_fnQESD-eA</usedField>
    <usedField>#_d5GlcH1VEe6F_fnQESD-eA</usedField>
    <usedField>#_Id2FUH13Ee6F_fnQESD-eA</usedField>
    <usedField>#_865skX-lEe6nffOUWEHP3g</usedField>
    <usedField>#_865skn-lEe6nffOUWEHP3g</usedField>
  </hint>
  <diagram><![CDATA[<?xml version="1.0" encoding="UTF-8"?>
<notation:Diagram xmi:version="2.0" xmlns:xmi="http://www.omg.org/XMI" xmlns:xsi="http://www.w3.org/2001/XMLSchema-instance" xmlns:map="http://www.indy.com/v2/map" xmlns:mapNot="http://www.indy.com/v2/map/notation" xmlns:notation="http://www.eclipse.org/gmf/runtime/1.0.1/notation" xsi:schemaLocation="http://www.eclipse.org/gmf/runtime/1.0.1/notation " xmi:id="__sMewH1QEe6F_fnQESD-eA" type="Map" measurementUnit="Pixel">
  <children xmi:type="mapNot:NodeView" xmi:id="_HVgqRX-mEe6nffOUWEHP3g" type="2006">
    <styles xmi:type="notation:DescriptionStyle" xmi:id="_HVgqRn-mEe6nffOUWEHP3g"/>
    <styles xmi:type="notation:FontStyle" xmi:id="_HVgqR3-mEe6nffOUWEHP3g" fontName="Segoe UI"/>
    <styles xmi:type="notation:FillStyle" xmi:id="_HVgqSH-mEe6nffOUWEHP3g"/>
    <element xmi:type="map:TargetFilter" href="resource.map#__3b9QH2DEe6F_fnQESD-eA?fileId=__rWxQH1QEe6F_fnQESD-eA$type=map?"/>
    <layoutConstraint xmi:type="notation:Bounds" xmi:id="_HVgqSX-mEe6nffOUWEHP3g" x="795" y="359"/>
    <subElement xmi:type="map:DataSet" href="resource.map#_865sl3-lEe6nffOUWEHP3g?fileId=__rWxQH1QEe6F_fnQESD-eA$type=map?"/>
  </children>
  <children xmi:type="mapNot:NodeView" xmi:id="_HVgqSn-mEe6nffOUWEHP3g" type="2006">
    <styles xmi:type="notation:DescriptionStyle" xmi:id="_HVgqS3-mEe6nffOUWEHP3g"/>
    <styles xmi:type="notation:FontStyle" xmi:id="_HVgqTH-mEe6nffOUWEHP3g" fontName="Segoe UI"/>
    <styles xmi:type="notation:FillStyle" xmi:id="_HVgqTX-mEe6nffOUWEHP3g"/>
    <element xmi:type="map:TargetFilter" href="resource.map#_1_YwIH-eEe6nffOUWEHP3g?fileId=__rWxQH1QEe6F_fnQESD-eA$type=map?"/>
    <layoutConstraint xmi:type="notation:Bounds" xmi:id="_HVgqTn-mEe6nffOUWEHP3g" x="805" y="369"/>
    <subElement xmi:type="map:DataSet" href="resource.map#_865sl3-lEe6nffOUWEHP3g?fileId=__rWxQH1QEe6F_fnQESD-eA$type=map?"/>
  </children>
  <children xmi:type="mapNot:NodeView" xmi:id="_hlJYMH-sEe6nffOUWEHP3g" type="2006">
    <styles xmi:type="notation:DescriptionStyle" xmi:id="_hlJYMX-sEe6nffOUWEHP3g"/>
    <styles xmi:type="notation:FontStyle" xmi:id="_hlJYMn-sEe6nffOUWEHP3g" fontName="Segoe UI"/>
    <styles xmi:type="notation:FillStyle" xmi:id="_hlJYM3-sEe6nffOUWEHP3g"/>
    <element xmi:type="map:TargetFilter" href="resource.map#_hk_nMH-sEe6nffOUWEHP3g?fileId=__rWxQH1QEe6F_fnQESD-eA$type=map?"/>
    <layoutConstraint xmi:type="notation:Bounds" xmi:id="_hlJYNH-sEe6nffOUWEHP3g" x="744" y="362"/>
    <subElement xmi:type="map:DataSet" href="resource.map#_865sl3-lEe6nffOUWEHP3g?fileId=__rWxQH1QEe6F_fnQESD-eA$type=map?"/>
  </children>
  <children xmi:type="mapNot:NodeView" xmi:id="_YrRYAn-tEe6nffOUWEHP3g" type="2006">
    <styles xmi:type="notation:DescriptionStyle" xmi:id="_YrRYA3-tEe6nffOUWEHP3g"/>
    <styles xmi:type="notation:FontStyle" xmi:id="_YrRYBH-tEe6nffOUWEHP3g" fontName="Segoe UI"/>
    <styles xmi:type="notation:FillStyle" xmi:id="_YrRYBX-tEe6nffOUWEHP3g"/>
    <element xmi:type="map:TargetFilter" href="resource.map#_YrRYAH-tEe6nffOUWEHP3g?fileId=__rWxQH1QEe6F_fnQESD-eA$type=map?"/>
    <layoutConstraint xmi:type="notation:Bounds" xmi:id="_YrRYBn-tEe6nffOUWEHP3g" x="744" y="369"/>
    <subElement xmi:type="map:DataSet" href="resource.map#_865sl3-lEe6nffOUWEHP3g?fileId=__rWxQH1QEe6F_fnQESD-eA$type=map?"/>
  </children>
  <children xmi:type="mapNot:NodeView" xmi:id="_Nl6Fwn-wEe6nffOUWEHP3g" type="2006">
    <styles xmi:type="notation:DescriptionStyle" xmi:id="_Nl6Fw3-wEe6nffOUWEHP3g"/>
    <styles xmi:type="notation:FontStyle" xmi:id="_Nl6FxH-wEe6nffOUWEHP3g" fontName="Segoe UI"/>
    <styles xmi:type="notation:FillStyle" xmi:id="_Nl6FxX-wEe6nffOUWEHP3g"/>
    <element xmi:type="map:TargetFilter" href="resource.map#_Nl6FwH-wEe6nffOUWEHP3g?fileId=__rWxQH1QEe6F_fnQESD-eA$type=map?"/>
    <layoutConstraint xmi:type="notation:Bounds" xmi:id="_Nl6Fxn-wEe6nffOUWEHP3g" x="744" y="283"/>
    <subElement xmi:type="map:DataSet" href="resource.map#_865sl3-lEe6nffOUWEHP3g?fileId=__rWxQH1QEe6F_fnQESD-eA$type=map?"/>
  </children>
  <children xmi:type="notation:Node" xmi:id="_HVgqQH-mEe6nffOUWEHP3g" type="2005">
    <styles xmi:type="notation:DescriptionStyle" xmi:id="_HVgqQX-mEe6nffOUWEHP3g"/>
    <styles xmi:type="notation:FontStyle" xmi:id="_HVgqQn-mEe6nffOUWEHP3g" fontName="Segoe UI"/>
    <styles xmi:type="notation:FillStyle" xmi:id="_HVgqQ3-mEe6nffOUWEHP3g"/>
    <element xmi:type="map:Join" href="resource.map#_HVAT8H-mEe6nffOUWEHP3g?fileId=__rWxQH1QEe6F_fnQESD-eA$type=map?"/>
    <layoutConstraint xmi:type="notation:Bounds" xmi:id="_HVgqRH-mEe6nffOUWEHP3g" x="687" y="765"/>
  </children>
  <children xmi:type="notation:Shape" xmi:id="_87MngH-lEe6nffOUWEHP3g" type="2004" fontName="Segoe UI">
    <children xmi:type="notation:DecorationNode" xmi:id="_87Mngn-lEe6nffOUWEHP3g" type="5005"/>
    <children xmi:type="notation:DecorationNode" xmi:id="_87Mng3-lEe6nffOUWEHP3g" type="5007"/>
    <children xmi:type="notation:DecorationNode" xmi:id="_87MnhH-lEe6nffOUWEHP3g" type="7003"/>
    <children xmi:type="notation:DecorationNode" xmi:id="_87MnhX-lEe6nffOUWEHP3g" type="7009"/>
    <children xmi:type="notation:BasicCompartment" xmi:id="_87Mnhn-lEe6nffOUWEHP3g" type="7004">
      <styles xmi:type="notation:SortingStyle" xmi:id="_87Mnh3-lEe6nffOUWEHP3g"/>
      <styles xmi:type="notation:FilteringStyle" xmi:id="_87MniH-lEe6nffOUWEHP3g"/>
    </children>
    <children xmi:type="notation:DecorationNode" xmi:id="_87MniX-lEe6nffOUWEHP3g" type="5009">
      <styles xmi:type="notation:DrawerStyle" xmi:id="_87Mnin-lEe6nffOUWEHP3g"/>
    </children>
    <children xmi:type="notation:DecorationNode" xmi:id="_87Mni3-lEe6nffOUWEHP3g" type="7005">
      <styles xmi:type="notation:SortingStyle" xmi:id="_87MnjH-lEe6nffOUWEHP3g"/>
      <styles xmi:type="notation:FilteringStyle" xmi:id="_87MnjX-lEe6nffOUWEHP3g"/>
    </children>
    <children xmi:type="notation:BasicCompartment" xmi:id="_87Mnjn-lEe6nffOUWEHP3g" type="7007"/>
    <element xmi:type="map:Datastore" href="resource.map#_86v7kH-lEe6nffOUWEHP3g?fileId=__rWxQH1QEe6F_fnQESD-eA$type=map?"/>
    <layoutConstraint xmi:type="notation:Bounds" xmi:id="_87MngX-lEe6nffOUWEHP3g" x="247" y="843"/>
  </children>
  <children xmi:type="notation:Shape" xmi:id="_mh0GgH-sEe6nffOUWEHP3g" type="2004" fontName="Segoe UI">
    <children xmi:type="notation:DecorationNode" xmi:id="_mh0Ggn-sEe6nffOUWEHP3g" type="5005"/>
    <children xmi:type="notation:DecorationNode" xmi:id="_mh0Gg3-sEe6nffOUWEHP3g" type="5007"/>
    <children xmi:type="notation:DecorationNode" xmi:id="_mh0GhH-sEe6nffOUWEHP3g" type="7003"/>
    <children xmi:type="notation:DecorationNode" xmi:id="_mh0GhX-sEe6nffOUWEHP3g" type="7009"/>
    <children xmi:type="notation:BasicCompartment" xmi:id="_mh0Ghn-sEe6nffOUWEHP3g" type="7004">
      <styles xmi:type="notation:SortingStyle" xmi:id="_mh0Gh3-sEe6nffOUWEHP3g"/>
      <styles xmi:type="notation:FilteringStyle" xmi:id="_mh0GiH-sEe6nffOUWEHP3g"/>
    </children>
    <children xmi:type="notation:DecorationNode" xmi:id="_mh0GiX-sEe6nffOUWEHP3g" type="5009">
      <styles xmi:type="notation:DrawerStyle" xmi:id="_mh0Gin-sEe6nffOUWEHP3g"/>
    </children>
    <children xmi:type="notation:DecorationNode" xmi:id="_mh0Gi3-sEe6nffOUWEHP3g" type="7005">
      <styles xmi:type="notation:SortingStyle" xmi:id="_mh0GjH-sEe6nffOUWEHP3g"/>
      <styles xmi:type="notation:FilteringStyle" xmi:id="_mh0GjX-sEe6nffOUWEHP3g"/>
    </children>
    <children xmi:type="notation:BasicCompartment" xmi:id="_mh0Gjn-sEe6nffOUWEHP3g" type="7007"/>
    <element xmi:type="map:Datastore" href="resource.map#_mhEfoH-sEe6nffOUWEHP3g?fileId=__rWxQH1QEe6F_fnQESD-eA$type=map?"/>
    <layoutConstraint xmi:type="notation:Bounds" xmi:id="_mh0GgX-sEe6nffOUWEHP3g" x="781" y="999"/>
  </children>
  <children xmi:type="notation:Shape" xmi:id="_aEx8EH1REe6F_fnQESD-eA" type="2004" fontName="Segoe UI">
    <children xmi:type="notation:DecorationNode" xmi:id="_aEx8En1REe6F_fnQESD-eA" type="5005"/>
    <children xmi:type="notation:DecorationNode" xmi:id="_aEx8E31REe6F_fnQESD-eA" type="5007"/>
    <children xmi:type="notation:DecorationNode" xmi:id="_aEx8FH1REe6F_fnQESD-eA" type="7003"/>
    <children xmi:type="notation:DecorationNode" xmi:id="_aEx8FX1REe6F_fnQESD-eA" type="7009"/>
    <children xmi:type="notation:BasicCompartment" xmi:id="_aEx8Fn1REe6F_fnQESD-eA" type="7004">
      <styles xmi:type="notation:SortingStyle" xmi:id="_aEx8F31REe6F_fnQESD-eA"/>
      <styles xmi:type="notation:FilteringStyle" xmi:id="_aEx8GH1REe6F_fnQESD-eA"/>
    </children>
    <children xmi:type="notation:DecorationNode" xmi:id="_aEx8GX1REe6F_fnQESD-eA" type="5009">
      <styles xmi:type="notation:DrawerStyle" xmi:id="_aEx8Gn1REe6F_fnQESD-eA"/>
    </children>
    <children xmi:type="notation:DecorationNode" xmi:id="_aEx8G31REe6F_fnQESD-eA" type="7005">
      <styles xmi:type="notation:SortingStyle" xmi:id="_aEx8HH1REe6F_fnQESD-eA"/>
      <styles xmi:type="notation:FilteringStyle" xmi:id="_aEx8HX1REe6F_fnQESD-eA"/>
    </children>
    <children xmi:type="notation:BasicCompartment" xmi:id="_aEx8Hn1REe6F_fnQESD-eA" type="7007"/>
    <element xmi:type="map:Datastore" href="resource.map#_aEscgH1REe6F_fnQESD-eA?fileId=__rWxQH1QEe6F_fnQESD-eA$type=map?"/>
    <layoutConstraint xmi:type="notation:Bounds" xmi:id="_aEx8EX1REe6F_fnQESD-eA" x="781" y="30"/>
  </children>
  <children xmi:type="notation:Shape" xmi:id="_hc3wgH-tEe6nffOUWEHP3g" type="2004" fontName="Segoe UI">
    <children xmi:type="notation:DecorationNode" xmi:id="_hc3wgn-tEe6nffOUWEHP3g" type="5005"/>
    <children xmi:type="notation:DecorationNode" xmi:id="_hc3wg3-tEe6nffOUWEHP3g" type="5007"/>
    <children xmi:type="notation:DecorationNode" xmi:id="_hc3whH-tEe6nffOUWEHP3g" type="7003"/>
    <children xmi:type="notation:DecorationNode" xmi:id="_hc3whX-tEe6nffOUWEHP3g" type="7009"/>
    <children xmi:type="notation:BasicCompartment" xmi:id="_hc3whn-tEe6nffOUWEHP3g" type="7004">
      <styles xmi:type="notation:SortingStyle" xmi:id="_hc3wh3-tEe6nffOUWEHP3g"/>
      <styles xmi:type="notation:FilteringStyle" xmi:id="_hc3wiH-tEe6nffOUWEHP3g"/>
    </children>
    <children xmi:type="notation:DecorationNode" xmi:id="_hc3wiX-tEe6nffOUWEHP3g" type="5009">
      <styles xmi:type="notation:DrawerStyle" xmi:id="_hc3win-tEe6nffOUWEHP3g"/>
    </children>
    <children xmi:type="notation:DecorationNode" xmi:id="_hc3wi3-tEe6nffOUWEHP3g" type="7005">
      <styles xmi:type="notation:SortingStyle" xmi:id="_hc3wjH-tEe6nffOUWEHP3g"/>
      <styles xmi:type="notation:FilteringStyle" xmi:id="_hc3wjX-tEe6nffOUWEHP3g"/>
    </children>
    <children xmi:type="notation:BasicCompartment" xmi:id="_hc3wjn-tEe6nffOUWEHP3g" type="7007"/>
    <element xmi:type="map:Datastore" href="resource.map#_hcNpMH-tEe6nffOUWEHP3g?fileId=__rWxQH1QEe6F_fnQESD-eA$type=map?"/>
    <layoutConstraint xmi:type="notation:Bounds" xmi:id="_hc3wgX-tEe6nffOUWEHP3g" x="781" y="1222"/>
  </children>
  <children xmi:type="notation:Shape" xmi:id="_kBBtIH-eEe6nffOUWEHP3g" type="2004" fontName="Segoe UI">
    <children xmi:type="notation:DecorationNode" xmi:id="_kBBtIn-eEe6nffOUWEHP3g" type="5005"/>
    <children xmi:type="notation:DecorationNode" xmi:id="_kBBtI3-eEe6nffOUWEHP3g" type="5007"/>
    <children xmi:type="notation:DecorationNode" xmi:id="_kBBtJH-eEe6nffOUWEHP3g" type="7003"/>
    <children xmi:type="notation:DecorationNode" xmi:id="_kBBtJX-eEe6nffOUWEHP3g" type="7009"/>
    <children xmi:type="notation:BasicCompartment" xmi:id="_kBBtJn-eEe6nffOUWEHP3g" type="7004">
      <styles xmi:type="notation:SortingStyle" xmi:id="_kBBtJ3-eEe6nffOUWEHP3g"/>
      <styles xmi:type="notation:FilteringStyle" xmi:id="_kBBtKH-eEe6nffOUWEHP3g"/>
    </children>
    <children xmi:type="notation:DecorationNode" xmi:id="_kBBtKX-eEe6nffOUWEHP3g" type="5009">
      <styles xmi:type="notation:DrawerStyle" xmi:id="_kBBtKn-eEe6nffOUWEHP3g"/>
    </children>
    <children xmi:type="notation:DecorationNode" xmi:id="_kBBtK3-eEe6nffOUWEHP3g" type="7005">
      <styles xmi:type="notation:SortingStyle" xmi:id="_kBBtLH-eEe6nffOUWEHP3g"/>
      <styles xmi:type="notation:FilteringStyle" xmi:id="_kBBtLX-eEe6nffOUWEHP3g"/>
    </children>
    <children xmi:type="notation:BasicCompartment" xmi:id="_kBBtLn-eEe6nffOUWEHP3g" type="7007"/>
    <element xmi:type="map:Datastore" href="resource.map#_kAlBMH-eEe6nffOUWEHP3g?fileId=__rWxQH1QEe6F_fnQESD-eA$type=map?"/>
    <layoutConstraint xmi:type="notation:Bounds" xmi:id="_kBBtIX-eEe6nffOUWEHP3g" x="781" y="273"/>
  </children>
  <children xmi:type="notation:Shape" xmi:id="_AvDC4H1REe6F_fnQESD-eA" type="2004" fontName="Segoe UI">
    <children xmi:type="notation:DecorationNode" xmi:id="_AvDC4n1REe6F_fnQESD-eA" type="5005"/>
    <children xmi:type="notation:DecorationNode" xmi:id="_AvDC431REe6F_fnQESD-eA" type="5007"/>
    <children xmi:type="notation:DecorationNode" xmi:id="_AvDC5H1REe6F_fnQESD-eA" type="7003"/>
    <children xmi:type="notation:DecorationNode" xmi:id="_AvDC5X1REe6F_fnQESD-eA" type="7009"/>
    <children xmi:type="notation:BasicCompartment" xmi:id="_AvDC5n1REe6F_fnQESD-eA" type="7004">
      <styles xmi:type="notation:SortingStyle" xmi:id="_AvDC531REe6F_fnQESD-eA"/>
      <styles xmi:type="notation:FilteringStyle" xmi:id="_AvDC6H1REe6F_fnQESD-eA"/>
    </children>
    <children xmi:type="notation:DecorationNode" xmi:id="_AvDC6X1REe6F_fnQESD-eA" type="5009">
      <styles xmi:type="notation:DrawerStyle" xmi:id="_AvDC6n1REe6F_fnQESD-eA"/>
    </children>
    <children xmi:type="notation:DecorationNode" xmi:id="_AvDC631REe6F_fnQESD-eA" type="7005">
      <styles xmi:type="notation:SortingStyle" xmi:id="_AvDC7H1REe6F_fnQESD-eA"/>
      <styles xmi:type="notation:FilteringStyle" xmi:id="_AvDC7X1REe6F_fnQESD-eA"/>
    </children>
    <children xmi:type="notation:BasicCompartment" xmi:id="_AvDC7n1REe6F_fnQESD-eA" type="7007"/>
    <element xmi:type="map:Datastore" href="resource.map#_Au-xcH1REe6F_fnQESD-eA?fileId=__rWxQH1QEe6F_fnQESD-eA$type=map?"/>
    <layoutConstraint xmi:type="notation:Bounds" xmi:id="_AvDC4X1REe6F_fnQESD-eA" x="30" y="592"/>
  </children>
  <children xmi:type="notation:Shape" xmi:id="_7FXVAH-qEe6nffOUWEHP3g" type="2004" fontName="Segoe UI">
    <children xmi:type="notation:DecorationNode" xmi:id="_7FXVAn-qEe6nffOUWEHP3g" type="5005"/>
    <children xmi:type="notation:DecorationNode" xmi:id="_7FXVA3-qEe6nffOUWEHP3g" type="5007"/>
    <children xmi:type="notation:DecorationNode" xmi:id="_7FXVBH-qEe6nffOUWEHP3g" type="7003"/>
    <children xmi:type="notation:DecorationNode" xmi:id="_7FXVBX-qEe6nffOUWEHP3g" type="7009"/>
    <children xmi:type="notation:BasicCompartment" xmi:id="_7FXVBn-qEe6nffOUWEHP3g" type="7004">
      <styles xmi:type="notation:SortingStyle" xmi:id="_7FXVB3-qEe6nffOUWEHP3g"/>
      <styles xmi:type="notation:FilteringStyle" xmi:id="_7FXVCH-qEe6nffOUWEHP3g"/>
    </children>
    <children xmi:type="notation:DecorationNode" xmi:id="_7FXVCX-qEe6nffOUWEHP3g" type="5009">
      <styles xmi:type="notation:DrawerStyle" xmi:id="_7FXVCn-qEe6nffOUWEHP3g"/>
    </children>
    <children xmi:type="notation:DecorationNode" xmi:id="_7FXVC3-qEe6nffOUWEHP3g" type="7005">
      <styles xmi:type="notation:SortingStyle" xmi:id="_7FXVDH-qEe6nffOUWEHP3g"/>
      <styles xmi:type="notation:FilteringStyle" xmi:id="_7FXVDX-qEe6nffOUWEHP3g"/>
    </children>
    <children xmi:type="notation:BasicCompartment" xmi:id="_7FXVDn-qEe6nffOUWEHP3g" type="7007"/>
    <element xmi:type="map:Datastore" href="resource.map#_7FAvsH-qEe6nffOUWEHP3g?fileId=__rWxQH1QEe6F_fnQESD-eA$type=map?"/>
    <layoutConstraint xmi:type="notation:Bounds" xmi:id="_7FXVAX-qEe6nffOUWEHP3g" x="781" y="616"/>
  </children>
  <children xmi:type="notation:Shape" xmi:id="_CjJ6cH11Ee6F_fnQESD-eA" type="2001" fontName="Segoe UI">
    <children xmi:type="notation:DecorationNode" xmi:id="_CjJ6cn11Ee6F_fnQESD-eA" type="5001"/>
    <children xmi:type="notation:DecorationNode" xmi:id="_CjJ6c311Ee6F_fnQESD-eA" type="5007"/>
    <children xmi:type="notation:DecorationNode" xmi:id="_CjKhgH11Ee6F_fnQESD-eA" type="7001"/>
    <children xmi:type="notation:DecorationNode" xmi:id="_CjKhgX11Ee6F_fnQESD-eA" type="7011"/>
    <children xmi:type="notation:BasicCompartment" xmi:id="_CjKhgn11Ee6F_fnQESD-eA" type="7002">
      <styles xmi:type="notation:SortingStyle" xmi:id="_CjKhg311Ee6F_fnQESD-eA"/>
      <styles xmi:type="notation:FilteringStyle" xmi:id="_CjKhhH11Ee6F_fnQESD-eA"/>
    </children>
    <children xmi:type="notation:DecorationNode" xmi:id="_CjKhhX11Ee6F_fnQESD-eA" type="5008">
      <styles xmi:type="notation:DrawerStyle" xmi:id="_CjKhhn11Ee6F_fnQESD-eA"/>
    </children>
    <children xmi:type="notation:BasicCompartment" xmi:id="_CjKhh311Ee6F_fnQESD-eA" type="7007"/>
    <element xmi:type="map:Query" href="resource.map#_CjDz0H11Ee6F_fnQESD-eA?fileId=__rWxQH1QEe6F_fnQESD-eA$type=map?"/>
    <layoutConstraint xmi:type="notation:Bounds" xmi:id="_CjJ6cX11Ee6F_fnQESD-eA" x="247" y="440"/>
  </children>
  <styles xmi:type="notation:DiagramStyle" xmi:id="__sMewX1QEe6F_fnQESD-eA"/>
  <element xmi:type="map:Map" href="resource.map#__rWxQH1QEe6F_fnQESD-eA?fileId=__rWxQH1QEe6F_fnQESD-eA$type=map$name=test3?"/>
  <edges xmi:type="notation:Edge" xmi:id="_C038kH11Ee6F_fnQESD-eA" type="targetLink" source="_CjJ6cH11Ee6F_fnQESD-eA" target="_AvDC4H1REe6F_fnQESD-eA">
    <element xsi:nil="true"/>
    <bendpoints xmi:type="notation:RelativeBendpoints" xmi:id="_C038kX11Ee6F_fnQESD-eA" points="[0, 0, 60, 0]$[-60, 0, 0, 0]"/>
    <sourceAnchor xmi:type="notation:IdentityAnchor" xmi:id="_f38XRH2CEe6F_fnQESD-eA" id="(0.0,0.9125364431486881)"/>
    <targetAnchor xmi:type="notation:IdentityAnchor" xmi:id="_f38XRX2CEe6F_fnQESD-eA" id="(1.0,0.4984520123839009)"/>
  </edges>
  <edges xmi:type="notation:Edge" xmi:id="_C05xwH11Ee6F_fnQESD-eA" type="targetSetLink" source="_CjJ6cH11Ee6F_fnQESD-eA" target="_CjJ6cH11Ee6F_fnQESD-eA">
    <element xmi:type="map:SetDescriptor" href="resource.map#_C0gJIH11Ee6F_fnQESD-eA?fileId=__rWxQH1QEe6F_fnQESD-eA$type=map?"/>
    <bendpoints xmi:type="notation:RelativeBendpoints" xmi:id="_C05xwX11Ee6F_fnQESD-eA" points="[0, 0, 0, 0]$[0, 0, 0, 0]"/>
  </edges>
  <edges xmi:type="notation:Edge" xmi:id="_PlK_QH11Ee6F_fnQESD-eA" type="targetSetLink" source="_aEx8EH1REe6F_fnQESD-eA" target="_aEx8EH1REe6F_fnQESD-eA">
    <element xmi:type="map:SetDescriptor" href="resource.map#_Pkqo8H11Ee6F_fnQESD-eA?fileId=__rWxQH1QEe6F_fnQESD-eA$type=map?"/>
    <bendpoints xmi:type="notation:RelativeBendpoints" xmi:id="_PlK_QX11Ee6F_fnQESD-eA" points="[0, 0, 0, 0]$[0, 0, 0, 0]"/>
  </edges>
  <edges xmi:type="notation:Edge" xmi:id="_X1NP4H2CEe6F_fnQESD-eA" type="targetLink" source="_aEx8EH1REe6F_fnQESD-eA" target="_CjJ6cH11Ee6F_fnQESD-eA">
    <element xsi:nil="true"/>
    <bendpoints xmi:type="notation:RelativeBendpoints" xmi:id="_X1NP4X2CEe6F_fnQESD-eA" points="[0, 0, 188, -409]$[-188, 409, 0, 0]"/>
    <sourceAnchor xmi:type="notation:IdentityAnchor" xmi:id="_f38-UX2CEe6F_fnQESD-eA" id="(0.0,0.19672131147540983)"/>
    <targetAnchor xmi:type="notation:IdentityAnchor" xmi:id="_f38-Un2CEe6F_fnQESD-eA" id="(1.0,0.10204081632653061)"/>
  </edges>
  <edges xmi:type="notation:Edge" xmi:id="_lnTHZn-eEe6nffOUWEHP3g" type="targetSetLink" source="_kBBtIH-eEe6nffOUWEHP3g" target="_kBBtIH-eEe6nffOUWEHP3g">
    <element xmi:type="map:SetDescriptor" href="resource.map#_lmjggH-eEe6nffOUWEHP3g?fileId=__rWxQH1QEe6F_fnQESD-eA$type=map?"/>
    <bendpoints xmi:type="notation:RelativeBendpoints" xmi:id="_lnTHZ3-eEe6nffOUWEHP3g" points="[0, 0, 0, 0]$[0, 0, 0, 0]"/>
  </edges>
  <edges xmi:type="notation:Edge" xmi:id="_7rv2AH-eEe6nffOUWEHP3g" type="targetLink" source="_kBBtIH-eEe6nffOUWEHP3g" target="_CjJ6cH11Ee6F_fnQESD-eA">
    <element xsi:nil="true"/>
    <bendpoints xmi:type="notation:RelativeBendpoints" xmi:id="_7rv2AX-eEe6nffOUWEHP3g" points="[0, 0, 188, 0]$[-188, 0, 0, 0]"/>
    <sourceAnchor xmi:type="notation:IdentityAnchor" xmi:id="_oPRCoX-zEe6nffOUWEHP3g" id="(0.0,0.8409893992932862)"/>
    <targetAnchor xmi:type="notation:IdentityAnchor" xmi:id="_oPRCon-zEe6nffOUWEHP3g" id="(1.0,0.20699708454810495)"/>
  </edges>
  <edges xmi:type="notation:Edge" xmi:id="_s-R30H-lEe6nffOUWEHP3g" type="targetDataSetLink" source="_CjJ6cH11Ee6F_fnQESD-eA" target="_CjJ6cH11Ee6F_fnQESD-eA">
    <element xmi:type="map:DataSet" href="resource.map#_s-D1ZX-lEe6nffOUWEHP3g?fileId=__rWxQH1QEe6F_fnQESD-eA$type=map?"/>
    <bendpoints xmi:type="notation:RelativeBendpoints" xmi:id="_s-R30X-lEe6nffOUWEHP3g" points="[0, 0, 0, 0]$[0, 0, 0, 0]"/>
  </edges>
  <edges xmi:type="notation:Edge" xmi:id="_CvKxQH-mEe6nffOUWEHP3g" type="targetLink" source="_87MngH-lEe6nffOUWEHP3g" target="_AvDC4H1REe6F_fnQESD-eA">
    <element xsi:nil="true"/>
    <bendpoints xmi:type="notation:RelativeBendpoints" xmi:id="_CvKxQX-mEe6nffOUWEHP3g" points="[0, 0, 60, 0]$[-60, 0, 0, 0]"/>
    <sourceAnchor xmi:type="notation:IdentityAnchor" xmi:id="_oPMKLH-zEe6nffOUWEHP3g" id="(0.0,0.49514563106796117)"/>
    <targetAnchor xmi:type="notation:IdentityAnchor" xmi:id="_oPMKLX-zEe6nffOUWEHP3g" id="(1.0,0.934984520123839)"/>
  </edges>
  <edges xmi:type="notation:Edge" xmi:id="_CvKxRH-mEe6nffOUWEHP3g" type="targetDataSetLink" source="_87MngH-lEe6nffOUWEHP3g" target="_87MngH-lEe6nffOUWEHP3g">
    <element xmi:type="map:DataSet" href="resource.map#_s-D1ZX-lEe6nffOUWEHP3g?fileId=__rWxQH1QEe6F_fnQESD-eA$type=map?"/>
    <bendpoints xmi:type="notation:RelativeBendpoints" xmi:id="_CvKxRX-mEe6nffOUWEHP3g" points="[0, 0, 0, 0]$[0, 0, 0, 0]"/>
  </edges>
  <edges xmi:type="notation:Edge" xmi:id="_CvKxRn-mEe6nffOUWEHP3g" type="targetSetLink" source="_87MngH-lEe6nffOUWEHP3g" target="_87MngH-lEe6nffOUWEHP3g">
    <element xmi:type="map:SetDescriptor" href="resource.map#_Cuqa8H-mEe6nffOUWEHP3g?fileId=__rWxQH1QEe6F_fnQESD-eA$type=map?"/>
    <bendpoints xmi:type="notation:RelativeBendpoints" xmi:id="_CvKxR3-mEe6nffOUWEHP3g" points="[0, 0, 0, 0]$[0, 0, 0, 0]"/>
  </edges>
  <edges xmi:type="notation:Edge" xmi:id="_HVqbQH-mEe6nffOUWEHP3g" type="joinLink" source="_HVgqQH-mEe6nffOUWEHP3g" target="_87MngH-lEe6nffOUWEHP3g">
    <element xsi:nil="true"/>
    <bendpoints xmi:type="notation:RelativeBendpoints" xmi:id="_HVqbQX-mEe6nffOUWEHP3g" points="[17, 8, 167, -343]$[77, 485, 227, 134]"/>
    <sourceAnchor xmi:type="notation:IdentityAnchor" xmi:id="_oPMKIH-zEe6nffOUWEHP3g" id="(1.0,0.8)"/>
    <targetAnchor xmi:type="notation:IdentityAnchor" xmi:id="_oPMKIX-zEe6nffOUWEHP3g" id="(1.0,0.42718446601941745)"/>
  </edges>
  <edges xmi:type="notation:Edge" xmi:id="_HVqbQn-mEe6nffOUWEHP3g" type="joinLink" source="_HVgqQH-mEe6nffOUWEHP3g" target="_CjJ6cH11Ee6F_fnQESD-eA">
    <element xsi:nil="true"/>
    <bendpoints xmi:type="notation:RelativeBendpoints" xmi:id="_HVqbQ3-mEe6nffOUWEHP3g" points="[17, 10, 153, 26]$[77, 526, 213, 542]"/>
    <sourceAnchor xmi:type="notation:IdentityAnchor" xmi:id="_oPMKIn-zEe6nffOUWEHP3g" id="(1.0,0.88)"/>
    <targetAnchor xmi:type="notation:IdentityAnchor" xmi:id="_oPMKI3-zEe6nffOUWEHP3g" id="(1.0,0.7638483965014577)"/>
  </edges>
  <edges xmi:type="notation:Edge" xmi:id="_HVqbRH-mEe6nffOUWEHP3g" type="targetDataSetLink" source="_aEx8EH1REe6F_fnQESD-eA" target="_aEx8EH1REe6F_fnQESD-eA">
    <element xmi:type="map:DataSet" href="resource.map#_865sl3-lEe6nffOUWEHP3g?fileId=__rWxQH1QEe6F_fnQESD-eA$type=map?"/>
    <bendpoints xmi:type="notation:RelativeBendpoints" xmi:id="_HVqbRX-mEe6nffOUWEHP3g" points="[0, 0, 0, 0]$[0, 0, 0, 0]"/>
  </edges>
  <edges xmi:type="notation:Edge" xmi:id="_HVqbRn-mEe6nffOUWEHP3g" type="joinLink" source="_HVgqRX-mEe6nffOUWEHP3g" target="_aEx8EH1REe6F_fnQESD-eA">
    <element xmi:type="map:DataSet" href="resource.map#_865sl3-lEe6nffOUWEHP3g?fileId=__rWxQH1QEe6F_fnQESD-eA$type=map?"/>
    <bendpoints xmi:type="notation:RelativeBendpoints" xmi:id="_HVqbR3-mEe6nffOUWEHP3g" points="[0, 0, 299, 0]$[-299, 0, 0, 0]"/>
    <sourceAnchor xmi:type="notation:IdentityAnchor" xmi:id="_oPMKKH-zEe6nffOUWEHP3g" id="(0.0,0.5)"/>
    <targetAnchor xmi:type="notation:IdentityAnchor" xmi:id="_oPMKKX-zEe6nffOUWEHP3g" id="(1.0,0.4972677595628415)"/>
  </edges>
  <edges xmi:type="notation:Edge" xmi:id="_HVqbSH-mEe6nffOUWEHP3g" type="targetDataSetLink" source="_kBBtIH-eEe6nffOUWEHP3g" target="_kBBtIH-eEe6nffOUWEHP3g">
    <element xmi:type="map:DataSet" href="resource.map#_865sl3-lEe6nffOUWEHP3g?fileId=__rWxQH1QEe6F_fnQESD-eA$type=map?"/>
    <bendpoints xmi:type="notation:RelativeBendpoints" xmi:id="_HVqbSX-mEe6nffOUWEHP3g" points="[0, 0, 0, 0]$[0, 0, 0, 0]"/>
  </edges>
  <edges xmi:type="notation:Edge" xmi:id="_HVqbSn-mEe6nffOUWEHP3g" type="joinLink" source="_HVgqSn-mEe6nffOUWEHP3g" target="_kBBtIH-eEe6nffOUWEHP3g">
    <element xmi:type="map:DataSet" href="resource.map#_865sl3-lEe6nffOUWEHP3g?fileId=__rWxQH1QEe6F_fnQESD-eA$type=map?"/>
    <bendpoints xmi:type="notation:RelativeBendpoints" xmi:id="_HVqbS3-mEe6nffOUWEHP3g" points="[0, 0, 60, 0]$[-60, 0, 0, 0]"/>
    <sourceAnchor xmi:type="notation:IdentityAnchor" xmi:id="_oPLjEH-zEe6nffOUWEHP3g" id="(0.0,0.5)"/>
    <targetAnchor xmi:type="notation:IdentityAnchor" xmi:id="_oPLjEX-zEe6nffOUWEHP3g" id="(1.0,0.49823321554770317)"/>
  </edges>
  <edges xmi:type="notation:Edge" xmi:id="_JK9wAH-mEe6nffOUWEHP3g" type="targetLink" source="_aEx8EH1REe6F_fnQESD-eA" target="_87MngH-lEe6nffOUWEHP3g">
    <element xsi:nil="true"/>
    <bendpoints xmi:type="notation:RelativeBendpoints" xmi:id="_JK9wAX-mEe6nffOUWEHP3g" points="[0, 0, 154, -754]$[-61, 406, 93, -348]$[-154, 754, 0, 0]"/>
    <sourceAnchor xmi:type="notation:IdentityAnchor" xmi:id="_oPSQyH-zEe6nffOUWEHP3g" id="(0.0,0.3989071038251366)"/>
    <targetAnchor xmi:type="notation:IdentityAnchor" xmi:id="_oPSQyX-zEe6nffOUWEHP3g" id="(1.0,0.13592233009708737)"/>
  </edges>
  <edges xmi:type="notation:Edge" xmi:id="_JyylAH-mEe6nffOUWEHP3g" type="targetLink" source="_kBBtIH-eEe6nffOUWEHP3g" target="_87MngH-lEe6nffOUWEHP3g">
    <element xsi:nil="true"/>
    <bendpoints xmi:type="notation:RelativeBendpoints" xmi:id="_JyylAX-mEe6nffOUWEHP3g" points="[0, 0, 154, -350]$[-61, 152, 93, -198]$[-94, 198, 60, -152]$[-154, 350, 0, 0]"/>
    <sourceAnchor xmi:type="notation:IdentityAnchor" xmi:id="_oPSQwn-zEe6nffOUWEHP3g" id="(0.0,0.8798586572438163)"/>
    <targetAnchor xmi:type="notation:IdentityAnchor" xmi:id="_oPSQw3-zEe6nffOUWEHP3g" id="(1.0,0.2815533980582524)"/>
  </edges>
  <edges xmi:type="notation:Edge" xmi:id="_jRcXYH-rEe6nffOUWEHP3g" type="targetLink" source="_7FXVAH-qEe6nffOUWEHP3g" target="_CjJ6cH11Ee6F_fnQESD-eA">
    <element xsi:nil="true"/>
    <bendpoints xmi:type="notation:RelativeBendpoints" xmi:id="_jRcXYX-rEe6nffOUWEHP3g" points="[0, 0, 188, 20]$[-61, -20, 127, 0]$[-188, -20, 0, 0]"/>
    <sourceAnchor xmi:type="notation:IdentityAnchor" xmi:id="_oPRpsn-zEe6nffOUWEHP3g" id="(0.0,0.2476780185758514)"/>
    <targetAnchor xmi:type="notation:IdentityAnchor" xmi:id="_oPRps3-zEe6nffOUWEHP3g" id="(1.0,0.6880466472303207)"/>
  </edges>
  <edges xmi:type="notation:Edge" xmi:id="_jRcXZH-rEe6nffOUWEHP3g" type="targetDataSetLink" source="_7FXVAH-qEe6nffOUWEHP3g" target="_7FXVAH-qEe6nffOUWEHP3g">
    <element xmi:type="map:DataSet" href="resource.map#_865sl3-lEe6nffOUWEHP3g?fileId=__rWxQH1QEe6F_fnQESD-eA$type=map?"/>
    <bendpoints xmi:type="notation:RelativeBendpoints" xmi:id="_jRcXZX-rEe6nffOUWEHP3g" points="[0, 0, 0, 0]$[0, 0, 0, 0]"/>
  </edges>
  <edges xmi:type="notation:Edge" xmi:id="_jRcXZn-rEe6nffOUWEHP3g" type="targetSetLink" source="_7FXVAH-qEe6nffOUWEHP3g" target="_7FXVAH-qEe6nffOUWEHP3g">
    <element xmi:type="map:SetDescriptor" href="resource.map#_jQIIwH-rEe6nffOUWEHP3g?fileId=__rWxQH1QEe6F_fnQESD-eA$type=map?"/>
    <bendpoints xmi:type="notation:RelativeBendpoints" xmi:id="_jRcXZ3-rEe6nffOUWEHP3g" points="[0, 0, 0, 0]$[0, 0, 0, 0]"/>
  </edges>
  <edges xmi:type="notation:Edge" xmi:id="_REzLUH-sEe6nffOUWEHP3g" type="targetLink" source="_7FXVAH-qEe6nffOUWEHP3g" target="_87MngH-lEe6nffOUWEHP3g">
    <element xsi:nil="true"/>
    <bendpoints xmi:type="notation:RelativeBendpoints" xmi:id="_REzLUX-sEe6nffOUWEHP3g" points="[0, 0, 154, 0]$[-154, 0, 0, 0]"/>
    <sourceAnchor xmi:type="notation:IdentityAnchor" xmi:id="_oPSQxn-zEe6nffOUWEHP3g" id="(0.0,0.8823529411764706)"/>
    <targetAnchor xmi:type="notation:IdentityAnchor" xmi:id="_oPSQx3-zEe6nffOUWEHP3g" id="(1.0,0.5631067961165048)"/>
  </edges>
  <edges xmi:type="notation:Edge" xmi:id="_hlJYNX-sEe6nffOUWEHP3g" type="joinLink" source="_hlJYMH-sEe6nffOUWEHP3g" target="_7FXVAH-qEe6nffOUWEHP3g">
    <element xmi:type="map:DataSet" href="resource.map#_865sl3-lEe6nffOUWEHP3g?fileId=__rWxQH1QEe6F_fnQESD-eA$type=map?"/>
    <bendpoints xmi:type="notation:RelativeBendpoints" xmi:id="_hlJYNn-sEe6nffOUWEHP3g" points="[0, 0, 293, 0]$[-293, 0, 0, 0]"/>
    <sourceAnchor xmi:type="notation:IdentityAnchor" xmi:id="_oPMKJH-zEe6nffOUWEHP3g" id="(0.0,0.5)"/>
    <targetAnchor xmi:type="notation:IdentityAnchor" xmi:id="_oPMKJX-zEe6nffOUWEHP3g" id="(1.0,0.4984520123839009)"/>
  </edges>
  <edges xmi:type="notation:Edge" xmi:id="_vnJ6YH-sEe6nffOUWEHP3g" type="targetLink" source="_mh0GgH-sEe6nffOUWEHP3g" target="_CjJ6cH11Ee6F_fnQESD-eA">
    <element xsi:nil="true"/>
    <bendpoints xmi:type="notation:RelativeBendpoints" xmi:id="_vnJ6YX-sEe6nffOUWEHP3g" points="[0, 0, 188, 367]$[-61, -245, 127, 122]$[-94, -262, 94, 105]$[-188, -367, 0, 0]"/>
    <sourceAnchor xmi:type="notation:IdentityAnchor" xmi:id="_oPRpsH-zEe6nffOUWEHP3g" id="(0.0,0.5950920245398773)"/>
    <targetAnchor xmi:type="notation:IdentityAnchor" xmi:id="_oPRpsX-zEe6nffOUWEHP3g" id="(1.0,0.8425655976676385)"/>
  </edges>
  <edges xmi:type="notation:Edge" xmi:id="_vnTrYH-sEe6nffOUWEHP3g" type="targetDataSetLink" source="_mh0GgH-sEe6nffOUWEHP3g" target="_mh0GgH-sEe6nffOUWEHP3g">
    <element xmi:type="map:DataSet" href="resource.map#_865sl3-lEe6nffOUWEHP3g?fileId=__rWxQH1QEe6F_fnQESD-eA$type=map?"/>
    <bendpoints xmi:type="notation:RelativeBendpoints" xmi:id="_vnTrYX-sEe6nffOUWEHP3g" points="[0, 0, 0, 0]$[0, 0, 0, 0]"/>
  </edges>
  <edges xmi:type="notation:Edge" xmi:id="_vnTrYn-sEe6nffOUWEHP3g" type="targetSetLink" source="_mh0GgH-sEe6nffOUWEHP3g" target="_mh0GgH-sEe6nffOUWEHP3g">
    <element xmi:type="map:SetDescriptor" href="resource.map#_vmgaIH-sEe6nffOUWEHP3g?fileId=__rWxQH1QEe6F_fnQESD-eA$type=map?"/>
    <bendpoints xmi:type="notation:RelativeBendpoints" xmi:id="_vnTrY3-sEe6nffOUWEHP3g" points="[0, 0, 0, 0]$[0, 0, 0, 0]"/>
  </edges>
  <edges xmi:type="notation:Edge" xmi:id="_BD6FIH-tEe6nffOUWEHP3g" type="targetLink" source="_mh0GgH-sEe6nffOUWEHP3g" target="_87MngH-lEe6nffOUWEHP3g">
    <element xsi:nil="true"/>
    <bendpoints xmi:type="notation:RelativeBendpoints" xmi:id="_BD6FIX-tEe6nffOUWEHP3g" points="[0, 0, 154, 213]$[-154, -213, 0, 0]"/>
    <sourceAnchor xmi:type="notation:IdentityAnchor" xmi:id="_oPSQxH-zEe6nffOUWEHP3g" id="(0.0,0.7975460122699386)"/>
    <targetAnchor xmi:type="notation:IdentityAnchor" xmi:id="_oPSQxX-zEe6nffOUWEHP3g" id="(1.0,0.7087378640776699)"/>
  </edges>
  <edges xmi:type="notation:Edge" xmi:id="_YrWQgH-tEe6nffOUWEHP3g" type="joinLink" source="_YrRYAn-tEe6nffOUWEHP3g" target="_mh0GgH-sEe6nffOUWEHP3g">
    <element xmi:type="map:DataSet" href="resource.map#_865sl3-lEe6nffOUWEHP3g?fileId=__rWxQH1QEe6F_fnQESD-eA$type=map?"/>
    <bendpoints xmi:type="notation:RelativeBendpoints" xmi:id="_YrWQgX-tEe6nffOUWEHP3g" points="[0, 0, 304, 0]$[-304, 0, 0, 0]"/>
    <sourceAnchor xmi:type="notation:IdentityAnchor" xmi:id="_oPMKJn-zEe6nffOUWEHP3g" id="(0.0,0.5)"/>
    <targetAnchor xmi:type="notation:IdentityAnchor" xmi:id="_oPMKJ3-zEe6nffOUWEHP3g" id="(1.0,0.49693251533742333)"/>
  </edges>
  <edges xmi:type="notation:Edge" xmi:id="_vWwRcH-tEe6nffOUWEHP3g" type="targetLink" source="_hc3wgH-tEe6nffOUWEHP3g" target="_CjJ6cH11Ee6F_fnQESD-eA">
    <element xsi:nil="true"/>
    <bendpoints xmi:type="notation:RelativeBendpoints" xmi:id="_vWwRcX-tEe6nffOUWEHP3g" points="[0, 0, 188, 587]$[-61, -365, 127, 222]$[-155, -545, 33, 42]$[-188, -587, 0, 0]"/>
    <sourceAnchor xmi:type="notation:IdentityAnchor" xmi:id="_oPMKLn-zEe6nffOUWEHP3g" id="(0.0,0.5960591133004927)"/>
    <targetAnchor xmi:type="notation:IdentityAnchor" xmi:id="_oPRCoH-zEe6nffOUWEHP3g" id="(1.0,0.9212827988338192)"/>
  </edges>
  <edges xmi:type="notation:Edge" xmi:id="_vWwRdH-tEe6nffOUWEHP3g" type="targetDataSetLink" source="_hc3wgH-tEe6nffOUWEHP3g" target="_hc3wgH-tEe6nffOUWEHP3g">
    <element xmi:type="map:DataSet" href="resource.map#_865sl3-lEe6nffOUWEHP3g?fileId=__rWxQH1QEe6F_fnQESD-eA$type=map?"/>
    <bendpoints xmi:type="notation:RelativeBendpoints" xmi:id="_vWwRdX-tEe6nffOUWEHP3g" points="[0, 0, 0, 0]$[0, 0, 0, 0]"/>
  </edges>
  <edges xmi:type="notation:Edge" xmi:id="_vWwRdn-tEe6nffOUWEHP3g" type="targetSetLink" source="_hc3wgH-tEe6nffOUWEHP3g" target="_hc3wgH-tEe6nffOUWEHP3g">
    <element xmi:type="map:SetDescriptor" href="resource.map#_vVzPMH-tEe6nffOUWEHP3g?fileId=__rWxQH1QEe6F_fnQESD-eA$type=map?"/>
    <bendpoints xmi:type="notation:RelativeBendpoints" xmi:id="_vWwRd3-tEe6nffOUWEHP3g" points="[0, 0, 0, 0]$[0, 0, 0, 0]"/>
  </edges>
  <edges xmi:type="notation:Edge" xmi:id="_Nl6Fx3-wEe6nffOUWEHP3g" type="joinLink" source="_Nl6Fwn-wEe6nffOUWEHP3g" target="_hc3wgH-tEe6nffOUWEHP3g">
    <element xmi:type="map:DataSet" href="resource.map#_865sl3-lEe6nffOUWEHP3g?fileId=__rWxQH1QEe6F_fnQESD-eA$type=map?"/>
    <bendpoints xmi:type="notation:RelativeBendpoints" xmi:id="_Nl6FyH-wEe6nffOUWEHP3g" points="[0, 0, 304, 0]$[-304, 0, 0, 0]"/>
    <sourceAnchor xmi:type="notation:IdentityAnchor" xmi:id="_oPMKKn-zEe6nffOUWEHP3g" id="(0.0,0.5)"/>
    <targetAnchor xmi:type="notation:IdentityAnchor" xmi:id="_oPMKK3-zEe6nffOUWEHP3g" id="(1.0,0.4975369458128079)"/>
  </edges>
  <edges xmi:type="notation:Edge" xmi:id="_FCqAYH-yEe6nffOUWEHP3g" type="targetLink" source="_hc3wgH-tEe6nffOUWEHP3g" target="_87MngH-lEe6nffOUWEHP3g">
    <element xsi:nil="true"/>
    <bendpoints xmi:type="notation:RelativeBendpoints" xmi:id="_FCqAYX-yEe6nffOUWEHP3g" points="[0, 0, 154, 453]$[-154, -453, 0, 0]"/>
    <sourceAnchor xmi:type="notation:IdentityAnchor" xmi:id="_oPSQwH-zEe6nffOUWEHP3g" id="(0.0,0.7980295566502463)"/>
    <targetAnchor xmi:type="notation:IdentityAnchor" xmi:id="_oPSQwX-zEe6nffOUWEHP3g" id="(1.0,0.8543689320388349)"/>
  </edges>
</notation:Diagram>
]]></diagram>
</map:map>