<?xml version="1.0" encoding="UTF-8"?>
<map:map xmlns:map="http://www.indy.com/v2/map" id="_XnLuUIa_Ee6ks8FmZ4As0Q" internalVersion="7" tech="resource.tech#_waYSMH8VEd2__Mzb_dB76A?fileId=_waYSMH8VEd2__Mzb_dB76A$type=tech$name=flow?">
  <datastore id="_cY5w4Ia_Ee6ks8FmZ4As0Q" alias="SAS_CLIENT" dataset="_dKSxmoa_Ee6ks8FmZ4As0Q" ref="resource.md#_knCaoYU4Ee6_ZKlljuliUA?fileId=_jy4uQIPiEe6_ZKlljuliUA$type=md$name=SAS_CLIENT?">
    <field id="_cY5w44a_Ee6ks8FmZ4As0Q" name="CLE_COMPTE" ref="resource.md#_kuyocIU4Ee6_ZKlljuliUA?fileId=_jy4uQIPiEe6_ZKlljuliUA$type=md$name=CLE_COMPTE?"/>
    <field id="_cY5w5oa_Ee6ks8FmZ4As0Q" fullAlias="TYPE" name="TYPE" ref="resource.md#_ku1EsIU4Ee6_ZKlljuliUA?fileId=_jy4uQIPiEe6_ZKlljuliUA$type=md$name=TYPE?"/>
    <field id="_cY5w6Ya_Ee6ks8FmZ4As0Q" name="NOM" ref="resource.md#_ku254IU4Ee6_ZKlljuliUA?fileId=_jy4uQIPiEe6_ZKlljuliUA$type=md$name=NOM?"/>
    <field id="_cY5w5Ia_Ee6ks8FmZ4As0Q" name="ACTION" ref="resource.md#_kuzPgoU4Ee6_ZKlljuliUA?fileId=_jy4uQIPiEe6_ZKlljuliUA$type=md$name=ACTION?"/>
    <field id="_cY5w54a_Ee6ks8FmZ4As0Q" name="CIVILITE" ref="resource.md#_ku1rwIU4Ee6_ZKlljuliUA?fileId=_jy4uQIPiEe6_ZKlljuliUA$type=md$name=CIVILITE?"/>
    <field id="_cY5w5Ya_Ee6ks8FmZ4As0Q" name="STATUS" ref="resource.md#_kuz2k4U4Ee6_ZKlljuliUA?fileId=_jy4uQIPiEe6_ZKlljuliUA$type=md$name=STATUS?"/>
    <field id="_cY5w4oa_Ee6ks8FmZ4As0Q" fullAlias="CLE_CLIENT" name="CLE_CLIENT" ref="resource.md#_kuyBYIU4Ee6_ZKlljuliUA?fileId=_jy4uQIPiEe6_ZKlljuliUA$type=md$name=CLE_CLIENT?" updateKey="true"/>
    <field id="_cY5w6oa_Ee6ks8FmZ4As0Q" name="DATE_ANNIVERSAIRE" ref="resource.md#_ku3g8IU4Ee6_ZKlljuliUA?fileId=_jy4uQIPiEe6_ZKlljuliUA$type=md$name=DATE_ANNIVERSAIRE?"/>
    <field id="_cY5w7Ia_Ee6ks8FmZ4As0Q" name="MUTUELLE" ref="resource.md#_ku4vEIU4Ee6_ZKlljuliUA?fileId=_jy4uQIPiEe6_ZKlljuliUA$type=md$name=MUTUELLE?"/>
    <field id="_cY5w7oa_Ee6ks8FmZ4As0Q" name="ID_SOURCE" ref="resource.md#_ku59MIU4Ee6_ZKlljuliUA?fileId=_jy4uQIPiEe6_ZKlljuliUA$type=md$name=ID_SOURCE?"/>
    <field id="_cY5w7Ya_Ee6ks8FmZ4As0Q" name="DATE_CREATION" ref="resource.md#_ku5WIIU4Ee6_ZKlljuliUA?fileId=_jy4uQIPiEe6_ZKlljuliUA$type=md$name=DATE_CREATION?"/>
    <field id="_cY5w6Ia_Ee6ks8FmZ4As0Q" name="PRENOM" ref="resource.md#_ku2S0IU4Ee6_ZKlljuliUA?fileId=_jy4uQIPiEe6_ZKlljuliUA$type=md$name=PRENOM?"/>
    <field id="_cY5w64a_Ee6ks8FmZ4As0Q" name="SEXE" ref="resource.md#_ku4IAIU4Ee6_ZKlljuliUA?fileId=_jy4uQIPiEe6_ZKlljuliUA$type=md$name=SEXE?"/>
    <constraint id="_cY5w74a_Ee6ks8FmZ4As0Q" name="PK_SAS_CLIENT" ref="resource.md#_kvB5AIU4Ee6_ZKlljuliUA?fileId=_jy4uQIPiEe6_ZKlljuliUA$type=md$name=PK_SAS_CLIENT?" reject="true"/>
  </datastore>
  <datastore id="_dKSxkIa_Ee6ks8FmZ4As0Q" alias="TRANSCO" dataset="_dKSxmoa_Ee6ks8FmZ4As0Q" ref="resource.md#_Xv_mMYV5Ee6_ZKlljuliUA?fileId=_jy4uQIPiEe6_ZKlljuliUA$type=md$name=TRANSCO?" subExpression="">
    <field id="_dKSxlIa_Ee6ks8FmZ4As0Q" fullAlias="LIBELLE" name="LIBELLE" ref="resource.md#_X3GTwIV5Ee6_ZKlljuliUA?fileId=_jy4uQIPiEe6_ZKlljuliUA$type=md$name=LIBELLE?"/>
    <field id="_dKSxlYa_Ee6ks8FmZ4As0Q" fullAlias="CATEGORIE" name="CATEGORIE" ref="resource.md#_X3G60IV5Ee6_ZKlljuliUA?fileId=_jy4uQIPiEe6_ZKlljuliUA$type=md$name=CATEGORIE?"/>
    <field id="_dKSxkoa_Ee6ks8FmZ4As0Q" fullAlias="TYPE" name="TYPE" ref="resource.md#_X3FFoIV5Ee6_ZKlljuliUA?fileId=_jy4uQIPiEe6_ZKlljuliUA$type=md$name=TYPE?"/>
    <field id="_dKSxk4a_Ee6ks8FmZ4As0Q" fullAlias="CODE" name="CODE" ref="resource.md#_X3FssIV5Ee6_ZKlljuliUA?fileId=_jy4uQIPiEe6_ZKlljuliUA$type=md$name=CODE?"/>
  </datastore>
  <datastore id="_d-PXAIa_Ee6ks8FmZ4As0Q" alias="SAS_CLIENT_2" dataset="_d-Yg9oa_Ee6ks8FmZ4As0Q" ref="resource.md#_knCaoYU4Ee6_ZKlljuliUA?fileId=_jy4uQIPiEe6_ZKlljuliUA$type=md$name=SAS_CLIENT?" subExpression="[A]">
    <field id="_d-PXA4a_Ee6ks8FmZ4As0Q" name="CLE_COMPTE" ref="resource.md#_kuyocIU4Ee6_ZKlljuliUA?fileId=_jy4uQIPiEe6_ZKlljuliUA$type=md$name=CLE_COMPTE?">
      <expression id="_UwvQMYbAEe6ks8FmZ4As0Q" setDescriptorRef="_UwvQMIbAEe6ks8FmZ4As0Q"/>
    </field>
    <field id="_d-PXBoa_Ee6ks8FmZ4As0Q" enable="true" insert="false" name="TYPE" ref="resource.md#_ku1EsIU4Ee6_ZKlljuliUA?fileId=_jy4uQIPiEe6_ZKlljuliUA$type=md$name=TYPE?" update="true">
      <expression id="_UwvQMobAEe6ks8FmZ4As0Q" setDescriptorRef="_UwvQMIbAEe6ks8FmZ4As0Q">
        <expression>nvl(TRANSCO.LIBELLE,'Autre')</expression>
      </expression>
    </field>
    <field id="_d-PXCYa_Ee6ks8FmZ4As0Q" name="NOM" ref="resource.md#_ku254IU4Ee6_ZKlljuliUA?fileId=_jy4uQIPiEe6_ZKlljuliUA$type=md$name=NOM?">
      <expression id="_UwvQM4bAEe6ks8FmZ4As0Q" setDescriptorRef="_UwvQMIbAEe6ks8FmZ4As0Q"/>
    </field>
    <field id="_d-PXBIa_Ee6ks8FmZ4As0Q" name="ACTION" ref="resource.md#_kuzPgoU4Ee6_ZKlljuliUA?fileId=_jy4uQIPiEe6_ZKlljuliUA$type=md$name=ACTION?">
      <expression id="_UwvQNIbAEe6ks8FmZ4As0Q" setDescriptorRef="_UwvQMIbAEe6ks8FmZ4As0Q"/>
    </field>
    <field id="_d-PXB4a_Ee6ks8FmZ4As0Q" name="CIVILITE" ref="resource.md#_ku1rwIU4Ee6_ZKlljuliUA?fileId=_jy4uQIPiEe6_ZKlljuliUA$type=md$name=CIVILITE?">
      <expression id="_UwvQNYbAEe6ks8FmZ4As0Q" setDescriptorRef="_UwvQMIbAEe6ks8FmZ4As0Q"/>
    </field>
    <field id="_d-PXBYa_Ee6ks8FmZ4As0Q" name="STATUS" ref="resource.md#_kuz2k4U4Ee6_ZKlljuliUA?fileId=_jy4uQIPiEe6_ZKlljuliUA$type=md$name=STATUS?">
      <expression id="_Uw1W0IbAEe6ks8FmZ4As0Q" setDescriptorRef="_UwvQMIbAEe6ks8FmZ4As0Q"/>
    </field>
    <field id="_d-PXAoa_Ee6ks8FmZ4As0Q" enable="true" insert="false" name="CLE_CLIENT" ref="resource.md#_kuyBYIU4Ee6_ZKlljuliUA?fileId=_jy4uQIPiEe6_ZKlljuliUA$type=md$name=CLE_CLIENT?" update="true" updateKey="true">
      <expression id="_Uw1W0YbAEe6ks8FmZ4As0Q" setDescriptorRef="_UwvQMIbAEe6ks8FmZ4As0Q">
        <expression>SAS_CLIENT.CLE_CLIENT</expression>
      </expression>
    </field>
    <field id="_d-PXCoa_Ee6ks8FmZ4As0Q" name="DATE_ANNIVERSAIRE" ref="resource.md#_ku3g8IU4Ee6_ZKlljuliUA?fileId=_jy4uQIPiEe6_ZKlljuliUA$type=md$name=DATE_ANNIVERSAIRE?">
      <expression id="_Uw1W0obAEe6ks8FmZ4As0Q" setDescriptorRef="_UwvQMIbAEe6ks8FmZ4As0Q"/>
    </field>
    <field id="_d-PXDIa_Ee6ks8FmZ4As0Q" name="MUTUELLE" ref="resource.md#_ku4vEIU4Ee6_ZKlljuliUA?fileId=_jy4uQIPiEe6_ZKlljuliUA$type=md$name=MUTUELLE?">
      <expression id="_Uw1W04bAEe6ks8FmZ4As0Q" setDescriptorRef="_UwvQMIbAEe6ks8FmZ4As0Q"/>
    </field>
    <field id="_d-PXDoa_Ee6ks8FmZ4As0Q" name="ID_SOURCE" ref="resource.md#_ku59MIU4Ee6_ZKlljuliUA?fileId=_jy4uQIPiEe6_ZKlljuliUA$type=md$name=ID_SOURCE?">
      <expression id="_Uw1W1IbAEe6ks8FmZ4As0Q" setDescriptorRef="_UwvQMIbAEe6ks8FmZ4As0Q"/>
    </field>
    <field id="_d-PXDYa_Ee6ks8FmZ4As0Q" name="DATE_CREATION" ref="resource.md#_ku5WIIU4Ee6_ZKlljuliUA?fileId=_jy4uQIPiEe6_ZKlljuliUA$type=md$name=DATE_CREATION?">
      <expression id="_Uw1W1YbAEe6ks8FmZ4As0Q" setDescriptorRef="_UwvQMIbAEe6ks8FmZ4As0Q"/>
    </field>
    <field id="_d-PXCIa_Ee6ks8FmZ4As0Q" name="PRENOM" ref="resource.md#_ku2S0IU4Ee6_ZKlljuliUA?fileId=_jy4uQIPiEe6_ZKlljuliUA$type=md$name=PRENOM?">
      <expression id="_Uw1W1obAEe6ks8FmZ4As0Q" setDescriptorRef="_UwvQMIbAEe6ks8FmZ4As0Q"/>
    </field>
    <field id="_d-PXC4a_Ee6ks8FmZ4As0Q" name="SEXE" ref="resource.md#_ku4IAIU4Ee6_ZKlljuliUA?fileId=_jy4uQIPiEe6_ZKlljuliUA$type=md$name=SEXE?">
      <expression id="_Uw1W14bAEe6ks8FmZ4As0Q" setDescriptorRef="_UwvQMIbAEe6ks8FmZ4As0Q"/>
    </field>
    <constraint id="_d-PXD4a_Ee6ks8FmZ4As0Q" name="PK_SAS_CLIENT" ref="resource.md#_kvB5AIU4Ee6_ZKlljuliUA?fileId=_jy4uQIPiEe6_ZKlljuliUA$type=md$name=PK_SAS_CLIENT?" reject="true"/>
    <setDescriptor id="_UwvQMIbAEe6ks8FmZ4As0Q" label="A"/>
  </datastore>
  <datastore id="_ef_ZMIa_Ee6ks8FmZ4As0Q" alias="SAS_CLIENT_3" dataset="_egIjO4a_Ee6ks8FmZ4As0Q" ref="resource.md#_knCaoYU4Ee6_ZKlljuliUA?fileId=_jy4uQIPiEe6_ZKlljuliUA$type=md$name=SAS_CLIENT?">
    <field id="_egIjIYa_Ee6ks8FmZ4As0Q" name="CLE_COMPTE" ref="resource.md#_kuyocIU4Ee6_ZKlljuliUA?fileId=_jy4uQIPiEe6_ZKlljuliUA$type=md$name=CLE_COMPTE?"/>
    <field id="_egIjJIa_Ee6ks8FmZ4As0Q" name="TYPE" ref="resource.md#_ku1EsIU4Ee6_ZKlljuliUA?fileId=_jy4uQIPiEe6_ZKlljuliUA$type=md$name=TYPE?"/>
    <field id="_egIjJ4a_Ee6ks8FmZ4As0Q" name="NOM" ref="resource.md#_ku254IU4Ee6_ZKlljuliUA?fileId=_jy4uQIPiEe6_ZKlljuliUA$type=md$name=NOM?"/>
    <field id="_egIjIoa_Ee6ks8FmZ4As0Q" name="ACTION" ref="resource.md#_kuzPgoU4Ee6_ZKlljuliUA?fileId=_jy4uQIPiEe6_ZKlljuliUA$type=md$name=ACTION?"/>
    <field id="_egIjJYa_Ee6ks8FmZ4As0Q" fullAlias="CIVILITE" name="CIVILITE" ref="resource.md#_ku1rwIU4Ee6_ZKlljuliUA?fileId=_jy4uQIPiEe6_ZKlljuliUA$type=md$name=CIVILITE?"/>
    <field id="_egIjI4a_Ee6ks8FmZ4As0Q" name="STATUS" ref="resource.md#_kuz2k4U4Ee6_ZKlljuliUA?fileId=_jy4uQIPiEe6_ZKlljuliUA$type=md$name=STATUS?"/>
    <field id="_egIjIIa_Ee6ks8FmZ4As0Q" fullAlias="CLE_CLIENT" name="CLE_CLIENT" ref="resource.md#_kuyBYIU4Ee6_ZKlljuliUA?fileId=_jy4uQIPiEe6_ZKlljuliUA$type=md$name=CLE_CLIENT?" updateKey="true"/>
    <field id="_egIjKIa_Ee6ks8FmZ4As0Q" name="DATE_ANNIVERSAIRE" ref="resource.md#_ku3g8IU4Ee6_ZKlljuliUA?fileId=_jy4uQIPiEe6_ZKlljuliUA$type=md$name=DATE_ANNIVERSAIRE?"/>
    <field id="_egIjKoa_Ee6ks8FmZ4As0Q" name="MUTUELLE" ref="resource.md#_ku4vEIU4Ee6_ZKlljuliUA?fileId=_jy4uQIPiEe6_ZKlljuliUA$type=md$name=MUTUELLE?"/>
    <field id="_egIjLIa_Ee6ks8FmZ4As0Q" name="ID_SOURCE" ref="resource.md#_ku59MIU4Ee6_ZKlljuliUA?fileId=_jy4uQIPiEe6_ZKlljuliUA$type=md$name=ID_SOURCE?"/>
    <field id="_egIjK4a_Ee6ks8FmZ4As0Q" name="DATE_CREATION" ref="resource.md#_ku5WIIU4Ee6_ZKlljuliUA?fileId=_jy4uQIPiEe6_ZKlljuliUA$type=md$name=DATE_CREATION?"/>
    <field id="_egIjJoa_Ee6ks8FmZ4As0Q" name="PRENOM" ref="resource.md#_ku2S0IU4Ee6_ZKlljuliUA?fileId=_jy4uQIPiEe6_ZKlljuliUA$type=md$name=PRENOM?"/>
    <field id="_egIjKYa_Ee6ks8FmZ4As0Q" name="SEXE" ref="resource.md#_ku4IAIU4Ee6_ZKlljuliUA?fileId=_jy4uQIPiEe6_ZKlljuliUA$type=md$name=SEXE?"/>
    <constraint id="_egIjLYa_Ee6ks8FmZ4As0Q" name="PK_SAS_CLIENT" ref="resource.md#_kvB5AIU4Ee6_ZKlljuliUA?fileId=_jy4uQIPiEe6_ZKlljuliUA$type=md$name=PK_SAS_CLIENT?" reject="true"/>
  </datastore>
  <datastore id="_e6F7QIa_Ee6ks8FmZ4As0Q" alias="SAS_CLIENT_4" dataset="_e6JlrYa_Ee6ks8FmZ4As0Q" ref="resource.md#_knCaoYU4Ee6_ZKlljuliUA?fileId=_jy4uQIPiEe6_ZKlljuliUA$type=md$name=SAS_CLIENT?" subExpression="[A]">
    <field id="_e6F7Q4a_Ee6ks8FmZ4As0Q" name="CLE_COMPTE" ref="resource.md#_kuyocIU4Ee6_ZKlljuliUA?fileId=_jy4uQIPiEe6_ZKlljuliUA$type=md$name=CLE_COMPTE?">
      <expression id="_a0gUAYbBEe6ks8FmZ4As0Q" setDescriptorRef="_a0gUAIbBEe6ks8FmZ4As0Q"/>
    </field>
    <field id="_e6F7Roa_Ee6ks8FmZ4As0Q" name="TYPE" ref="resource.md#_ku1EsIU4Ee6_ZKlljuliUA?fileId=_jy4uQIPiEe6_ZKlljuliUA$type=md$name=TYPE?">
      <expression id="_a0gUAobBEe6ks8FmZ4As0Q" setDescriptorRef="_a0gUAIbBEe6ks8FmZ4As0Q">
        <expression></expression>
      </expression>
    </field>
    <field id="_e6F7SYa_Ee6ks8FmZ4As0Q" name="NOM" ref="resource.md#_ku254IU4Ee6_ZKlljuliUA?fileId=_jy4uQIPiEe6_ZKlljuliUA$type=md$name=NOM?">
      <expression id="_a0gUA4bBEe6ks8FmZ4As0Q" setDescriptorRef="_a0gUAIbBEe6ks8FmZ4As0Q"/>
    </field>
    <field id="_e6F7RIa_Ee6ks8FmZ4As0Q" name="ACTION" ref="resource.md#_kuzPgoU4Ee6_ZKlljuliUA?fileId=_jy4uQIPiEe6_ZKlljuliUA$type=md$name=ACTION?">
      <expression id="_a0gUBIbBEe6ks8FmZ4As0Q" setDescriptorRef="_a0gUAIbBEe6ks8FmZ4As0Q"/>
    </field>
    <field id="_e6F7R4a_Ee6ks8FmZ4As0Q" enable="true" insert="false" name="CIVILITE" ref="resource.md#_ku1rwIU4Ee6_ZKlljuliUA?fileId=_jy4uQIPiEe6_ZKlljuliUA$type=md$name=CIVILITE?" update="true">
      <expression id="_a0gUBYbBEe6ks8FmZ4As0Q" setDescriptorRef="_a0gUAIbBEe6ks8FmZ4As0Q">
        <expression>TRANSCO_2.LIBELLE</expression>
      </expression>
    </field>
    <field id="_e6F7RYa_Ee6ks8FmZ4As0Q" name="STATUS" ref="resource.md#_kuz2k4U4Ee6_ZKlljuliUA?fileId=_jy4uQIPiEe6_ZKlljuliUA$type=md$name=STATUS?">
      <expression id="_a0gUBobBEe6ks8FmZ4As0Q" setDescriptorRef="_a0gUAIbBEe6ks8FmZ4As0Q"/>
    </field>
    <field id="_e6F7Qoa_Ee6ks8FmZ4As0Q" enable="true" insert="false" name="CLE_CLIENT" ref="resource.md#_kuyBYIU4Ee6_ZKlljuliUA?fileId=_jy4uQIPiEe6_ZKlljuliUA$type=md$name=CLE_CLIENT?" update="true" updateKey="true">
      <expression id="_a0gUB4bBEe6ks8FmZ4As0Q" setDescriptorRef="_a0gUAIbBEe6ks8FmZ4As0Q">
        <expression>SAS_CLIENT_3.CLE_CLIENT</expression>
      </expression>
    </field>
    <field id="_e6F7Soa_Ee6ks8FmZ4As0Q" name="DATE_ANNIVERSAIRE" ref="resource.md#_ku3g8IU4Ee6_ZKlljuliUA?fileId=_jy4uQIPiEe6_ZKlljuliUA$type=md$name=DATE_ANNIVERSAIRE?">
      <expression id="_a0gUCIbBEe6ks8FmZ4As0Q" setDescriptorRef="_a0gUAIbBEe6ks8FmZ4As0Q"/>
    </field>
    <field id="_e6F7TIa_Ee6ks8FmZ4As0Q" name="MUTUELLE" ref="resource.md#_ku4vEIU4Ee6_ZKlljuliUA?fileId=_jy4uQIPiEe6_ZKlljuliUA$type=md$name=MUTUELLE?">
      <expression id="_a0gUCYbBEe6ks8FmZ4As0Q" setDescriptorRef="_a0gUAIbBEe6ks8FmZ4As0Q"/>
    </field>
    <field id="_e6F7Toa_Ee6ks8FmZ4As0Q" name="ID_SOURCE" ref="resource.md#_ku59MIU4Ee6_ZKlljuliUA?fileId=_jy4uQIPiEe6_ZKlljuliUA$type=md$name=ID_SOURCE?">
      <expression id="_a0gUCobBEe6ks8FmZ4As0Q" setDescriptorRef="_a0gUAIbBEe6ks8FmZ4As0Q"/>
    </field>
    <field id="_e6F7TYa_Ee6ks8FmZ4As0Q" name="DATE_CREATION" ref="resource.md#_ku5WIIU4Ee6_ZKlljuliUA?fileId=_jy4uQIPiEe6_ZKlljuliUA$type=md$name=DATE_CREATION?">
      <expression id="_a0gUC4bBEe6ks8FmZ4As0Q" setDescriptorRef="_a0gUAIbBEe6ks8FmZ4As0Q"/>
    </field>
    <field id="_e6F7SIa_Ee6ks8FmZ4As0Q" name="PRENOM" ref="resource.md#_ku2S0IU4Ee6_ZKlljuliUA?fileId=_jy4uQIPiEe6_ZKlljuliUA$type=md$name=PRENOM?">
      <expression id="_a0gUDIbBEe6ks8FmZ4As0Q" setDescriptorRef="_a0gUAIbBEe6ks8FmZ4As0Q"/>
    </field>
    <field id="_e6F7S4a_Ee6ks8FmZ4As0Q" name="SEXE" ref="resource.md#_ku4IAIU4Ee6_ZKlljuliUA?fileId=_jy4uQIPiEe6_ZKlljuliUA$type=md$name=SEXE?">
      <expression id="_a0gUDYbBEe6ks8FmZ4As0Q" setDescriptorRef="_a0gUAIbBEe6ks8FmZ4As0Q"/>
    </field>
    <constraint id="_e6F7T4a_Ee6ks8FmZ4As0Q" name="PK_SAS_CLIENT" ref="resource.md#_kvB5AIU4Ee6_ZKlljuliUA?fileId=_jy4uQIPiEe6_ZKlljuliUA$type=md$name=PK_SAS_CLIENT?" reject="true"/>
    <setDescriptor id="_a0gUAIbBEe6ks8FmZ4As0Q" label="A"/>
  </datastore>
  <datastore id="_fdSu8Ia_Ee6ks8FmZ4As0Q" alias="TRANSCO_2" dataset="_egIjO4a_Ee6ks8FmZ4As0Q" ref="resource.md#_Xv_mMYV5Ee6_ZKlljuliUA?fileId=_jy4uQIPiEe6_ZKlljuliUA$type=md$name=TRANSCO?">
    <field id="_fdSu9Ia_Ee6ks8FmZ4As0Q" fullAlias="LIBELLE" name="LIBELLE" ref="resource.md#_X3GTwIV5Ee6_ZKlljuliUA?fileId=_jy4uQIPiEe6_ZKlljuliUA$type=md$name=LIBELLE?"/>
    <field id="_fdSu9Ya_Ee6ks8FmZ4As0Q" fullAlias="CATEGORIE" name="CATEGORIE" ref="resource.md#_X3G60IV5Ee6_ZKlljuliUA?fileId=_jy4uQIPiEe6_ZKlljuliUA$type=md$name=CATEGORIE?"/>
    <field id="_fdSu8oa_Ee6ks8FmZ4As0Q" fullAlias="TYPE" name="TYPE" ref="resource.md#_X3FFoIV5Ee6_ZKlljuliUA?fileId=_jy4uQIPiEe6_ZKlljuliUA$type=md$name=TYPE?"/>
    <field id="_fdSu84a_Ee6ks8FmZ4As0Q" fullAlias="CODE" name="CODE" ref="resource.md#_X3FssIV5Ee6_ZKlljuliUA?fileId=_jy4uQIPiEe6_ZKlljuliUA$type=md$name=CODE?"/>
  </datastore>
  <datastore id="_fvAKAIa_Ee6ks8FmZ4As0Q" alias="TRANSCO_3" dataset="_fvAKCoa_Ee6ks8FmZ4As0Q" ref="resource.md#_Xv_mMYV5Ee6_ZKlljuliUA?fileId=_jy4uQIPiEe6_ZKlljuliUA$type=md$name=TRANSCO?">
    <field id="_fvAKBIa_Ee6ks8FmZ4As0Q" name="LIBELLE" ref="resource.md#_X3GTwIV5Ee6_ZKlljuliUA?fileId=_jy4uQIPiEe6_ZKlljuliUA$type=md$name=LIBELLE?"/>
    <field id="_fvAKBYa_Ee6ks8FmZ4As0Q" name="CATEGORIE" ref="resource.md#_X3G60IV5Ee6_ZKlljuliUA?fileId=_jy4uQIPiEe6_ZKlljuliUA$type=md$name=CATEGORIE?"/>
    <field id="_fvAKAoa_Ee6ks8FmZ4As0Q" name="TYPE" ref="resource.md#_X3FFoIV5Ee6_ZKlljuliUA?fileId=_jy4uQIPiEe6_ZKlljuliUA$type=md$name=TYPE?"/>
    <field id="_fvAKA4a_Ee6ks8FmZ4As0Q" name="CODE" ref="resource.md#_X3FssIV5Ee6_ZKlljuliUA?fileId=_jy4uQIPiEe6_ZKlljuliUA$type=md$name=CODE?"/>
  </datastore>
  <join id="_J9w10IbAEe6ks8FmZ4As0Q" location="SRC" joinType="Left_Join" left="_cY5w4Ia_Ee6ks8FmZ4As0Q" order="10" right="_dKSxkIa_Ee6ks8FmZ4As0Q">
    <expression><![CDATA[SAS_CLIENT.TYPE = TRANSCO.CODE
and TRANSCO.TYPE = 'TYPE'
and TRANSCO.CATEGORIE = 'CLIENT']]></expression>
  </join>
  <join id="_n1MjIIbBEe6ks8FmZ4As0Q" location="SRC" joinType="Right_Join" left="_fdSu8Ia_Ee6ks8FmZ4As0Q" order="30" right="_ef_ZMIa_Ee6ks8FmZ4As0Q">
    <expression><![CDATA[TRANSCO_2.CODE = SAS_CLIENT_3.CIVILITE
and TRANSCO_2.TYPE = 'CIVILITE'
and TRANSCO_2.CATEGORIE = 'CLIENT']]></expression>
  </join>
  <template id="_Uw1W8obAEe6ks8FmZ4As0Q" name="I_SAS_CLIENT_2" process="resource.proc#_jkWgEFEJEeO7Vo9WeM2sCg?fileId=_jkWgEFEJEeO7Vo9WeM2sCg$type=proc$name=INTEGRATION%20Oracle?" targetId="_d-PXAIa_Ee6ks8FmZ4As0Q">
    <parameter id="_CeWBcIbBEe6ks8FmZ4As0Q" name="doInsert" value="false"/>
  </template>
  <template id="_a0gUKobBEe6ks8FmZ4As0Q" name="I_SAS_CLIENT_4" process="resource.proc#_jkWgEFEJEeO7Vo9WeM2sCg?fileId=_jkWgEFEJEeO7Vo9WeM2sCg$type=proc$name=INTEGRATION%20Oracle?" targetId="_e6F7QIa_Ee6ks8FmZ4As0Q">
    <parameter id="_N563cIbCEe6ks8FmZ4As0Q" name="doInsert" value="false"/>
  </template>
  <dataSet id="_dKSxmoa_Ee6ks8FmZ4As0Q">
    <container>_dKSxkIa_Ee6ks8FmZ4As0Q</container>
    <container>_cY5w4Ia_Ee6ks8FmZ4As0Q</container>
  </dataSet>
  <dataSet id="_d-Yg9oa_Ee6ks8FmZ4As0Q">
    <container>_d-PXAIa_Ee6ks8FmZ4As0Q</container>
  </dataSet>
  <dataSet id="_egIjO4a_Ee6ks8FmZ4As0Q">
    <container>_ef_ZMIa_Ee6ks8FmZ4As0Q</container>
    <container>_fdSu8Ia_Ee6ks8FmZ4As0Q</container>
  </dataSet>
  <dataSet id="_e6JlrYa_Ee6ks8FmZ4As0Q">
    <container>_e6F7QIa_Ee6ks8FmZ4As0Q</container>
  </dataSet>
  <dataSet id="_fvAKCoa_Ee6ks8FmZ4As0Q">
    <container>_fvAKAIa_Ee6ks8FmZ4As0Q</container>
  </dataSet>
  <hint>
    <usedField>#_cY5w5oa_Ee6ks8FmZ4As0Q</usedField>
    <usedField>#_cY5w4oa_Ee6ks8FmZ4As0Q</usedField>
    <usedField>#_dKSxlIa_Ee6ks8FmZ4As0Q</usedField>
    <usedField>#_dKSxlYa_Ee6ks8FmZ4As0Q</usedField>
    <usedField>#_dKSxkoa_Ee6ks8FmZ4As0Q</usedField>
    <usedField>#_dKSxk4a_Ee6ks8FmZ4As0Q</usedField>
    <usedField>#_egIjJYa_Ee6ks8FmZ4As0Q</usedField>
    <usedField>#_egIjIIa_Ee6ks8FmZ4As0Q</usedField>
    <usedField>#_fdSu9Ia_Ee6ks8FmZ4As0Q</usedField>
    <usedField>#_fdSu9Ya_Ee6ks8FmZ4As0Q</usedField>
    <usedField>#_fdSu8oa_Ee6ks8FmZ4As0Q</usedField>
    <usedField>#_fdSu84a_Ee6ks8FmZ4As0Q</usedField>
  </hint>
  <diagram><![CDATA[<?xml version="1.0" encoding="UTF-8"?>
<notation:Diagram xmi:version="2.0" xmlns:xmi="http://www.omg.org/XMI" xmlns:xsi="http://www.w3.org/2001/XMLSchema-instance" xmlns:ecore="http://www.eclipse.org/emf/2002/Ecore" xmlns:map="http://www.indy.com/v2/map" xmlns:notation="http://www.eclipse.org/gmf/runtime/1.0.1/notation" xsi:schemaLocation="http://www.eclipse.org/gmf/runtime/1.0.1/notation " xmi:id="_Xn_mo4a_Ee6ks8FmZ4As0Q" type="Map" measurementUnit="Pixel">
  <children xmi:type="notation:Shape" xmi:id="_e6Jlw4a_Ee6ks8FmZ4As0Q" type="2004" fontName="Segoe UI">
    <children xmi:type="notation:DecorationNode" xmi:id="_e6JlxYa_Ee6ks8FmZ4As0Q" type="5005"/>
    <children xmi:type="notation:DecorationNode" xmi:id="_e6Jlxoa_Ee6ks8FmZ4As0Q" type="5007"/>
    <children xmi:type="notation:DecorationNode" xmi:id="_e6Jlx4a_Ee6ks8FmZ4As0Q" type="7003"/>
    <children xmi:type="notation:DecorationNode" xmi:id="_e6JlyIa_Ee6ks8FmZ4As0Q" type="7009"/>
    <children xmi:type="notation:BasicCompartment" xmi:id="_e6JlyYa_Ee6ks8FmZ4As0Q" type="7004">
      <styles xmi:type="notation:SortingStyle" xmi:id="_e6Jlyoa_Ee6ks8FmZ4As0Q"/>
      <styles xmi:type="notation:FilteringStyle" xmi:id="_e6Jly4a_Ee6ks8FmZ4As0Q"/>
    </children>
    <children xmi:type="notation:DecorationNode" xmi:id="_e6JlzIa_Ee6ks8FmZ4As0Q" type="5009">
      <styles xmi:type="notation:DrawerStyle" xmi:id="_e6JlzYa_Ee6ks8FmZ4As0Q"/>
    </children>
    <children xmi:type="notation:DecorationNode" xmi:id="_e6Jlzoa_Ee6ks8FmZ4As0Q" type="7005">
      <styles xmi:type="notation:SortingStyle" xmi:id="_e6Jlz4a_Ee6ks8FmZ4As0Q"/>
      <styles xmi:type="notation:FilteringStyle" xmi:id="_e6Jl0Ia_Ee6ks8FmZ4As0Q"/>
    </children>
    <children xmi:type="notation:BasicCompartment" xmi:id="_e6Jl0Ya_Ee6ks8FmZ4As0Q" type="7007"/>
    <element xmi:type="map:Datastore" href="resource.map#_e6F7QIa_Ee6ks8FmZ4As0Q?fileId=_XnLuUIa_Ee6ks8FmZ4As0Q$type=map?"/>
    <layoutConstraint xmi:type="notation:Bounds" xmi:id="_e6JlxIa_Ee6ks8FmZ4As0Q" x="1310" y="57"/>
  </children>
  <children xmi:type="notation:Shape" xmi:id="_dKSxo4a_Ee6ks8FmZ4As0Q" type="2004" fontName="Segoe UI">
    <children xmi:type="notation:DecorationNode" xmi:id="_dKSxpYa_Ee6ks8FmZ4As0Q" type="5005"/>
    <children xmi:type="notation:DecorationNode" xmi:id="_dKSxpoa_Ee6ks8FmZ4As0Q" type="5007"/>
    <children xmi:type="notation:DecorationNode" xmi:id="_dKSxp4a_Ee6ks8FmZ4As0Q" type="7003"/>
    <children xmi:type="notation:DecorationNode" xmi:id="_dKSxqIa_Ee6ks8FmZ4As0Q" type="7009"/>
    <children xmi:type="notation:BasicCompartment" xmi:id="_dKSxqYa_Ee6ks8FmZ4As0Q" type="7004">
      <styles xmi:type="notation:SortingStyle" xmi:id="_dKSxqoa_Ee6ks8FmZ4As0Q"/>
      <styles xmi:type="notation:FilteringStyle" xmi:id="_dKSxq4a_Ee6ks8FmZ4As0Q"/>
    </children>
    <children xmi:type="notation:DecorationNode" xmi:id="_dKSxrIa_Ee6ks8FmZ4As0Q" type="5009">
      <styles xmi:type="notation:DrawerStyle" xmi:id="_dKSxrYa_Ee6ks8FmZ4As0Q"/>
    </children>
    <children xmi:type="notation:DecorationNode" xmi:id="_dKSxroa_Ee6ks8FmZ4As0Q" type="7005">
      <styles xmi:type="notation:SortingStyle" xmi:id="_dKSxr4a_Ee6ks8FmZ4As0Q"/>
      <styles xmi:type="notation:FilteringStyle" xmi:id="_dKSxsIa_Ee6ks8FmZ4As0Q"/>
    </children>
    <children xmi:type="notation:BasicCompartment" xmi:id="_dKSxsYa_Ee6ks8FmZ4As0Q" type="7007"/>
    <element xmi:type="map:Datastore" href="resource.map#_dKSxkIa_Ee6ks8FmZ4As0Q?fileId=_XnLuUIa_Ee6ks8FmZ4As0Q$type=map?"/>
    <layoutConstraint xmi:type="notation:Bounds" xmi:id="_dKSxpIa_Ee6ks8FmZ4As0Q" x="134" y="362"/>
  </children>
  <children xmi:type="notation:Shape" xmi:id="_cZQWM4a_Ee6ks8FmZ4As0Q" type="2004" fontName="Segoe UI">
    <eAnnotations xmi:type="ecore:EAnnotation" xmi:id="_E6ViwIbBEe6ks8FmZ4As0Q" source="com.indy.gmf.map.diagram.sort">
      <details xmi:type="ecore:EStringToStringMapEntry" xmi:id="_E6essIbBEe6ks8FmZ4As0Q" key="filterMode" value="com.indy.gmf.map.diagram.filter.unused"/>
    </eAnnotations>
    <children xmi:type="notation:DecorationNode" xmi:id="_cZQWNYa_Ee6ks8FmZ4As0Q" type="5005"/>
    <children xmi:type="notation:DecorationNode" xmi:id="_cZQWNoa_Ee6ks8FmZ4As0Q" type="5007"/>
    <children xmi:type="notation:DecorationNode" xmi:id="_cZQWN4a_Ee6ks8FmZ4As0Q" type="7003"/>
    <children xmi:type="notation:DecorationNode" xmi:id="_cZQWOIa_Ee6ks8FmZ4As0Q" type="7009"/>
    <children xmi:type="notation:BasicCompartment" xmi:id="_cZQWOYa_Ee6ks8FmZ4As0Q" type="7004">
      <styles xmi:type="notation:SortingStyle" xmi:id="_cZQWOoa_Ee6ks8FmZ4As0Q"/>
      <styles xmi:type="notation:FilteringStyle" xmi:id="_cZQWO4a_Ee6ks8FmZ4As0Q"/>
    </children>
    <children xmi:type="notation:DecorationNode" xmi:id="_cZQWPIa_Ee6ks8FmZ4As0Q" type="5009">
      <styles xmi:type="notation:DrawerStyle" xmi:id="_cZQWPYa_Ee6ks8FmZ4As0Q"/>
    </children>
    <children xmi:type="notation:DecorationNode" xmi:id="_cZQWPoa_Ee6ks8FmZ4As0Q" type="7005">
      <styles xmi:type="notation:SortingStyle" xmi:id="_cZQWP4a_Ee6ks8FmZ4As0Q"/>
      <styles xmi:type="notation:FilteringStyle" xmi:id="_cZQWQIa_Ee6ks8FmZ4As0Q"/>
    </children>
    <children xmi:type="notation:BasicCompartment" xmi:id="_cZQWQYa_Ee6ks8FmZ4As0Q" type="7007"/>
    <element xmi:type="map:Datastore" href="resource.map#_cY5w4Ia_Ee6ks8FmZ4As0Q?fileId=_XnLuUIa_Ee6ks8FmZ4As0Q$type=map?"/>
    <layoutConstraint xmi:type="notation:Bounds" xmi:id="_cZQWNIa_Ee6ks8FmZ4As0Q" x="110" y="-21"/>
  </children>
  <children xmi:type="notation:Node" xmi:id="_KCioNobAEe6ks8FmZ4As0Q" type="2005">
    <styles xmi:type="notation:DescriptionStyle" xmi:id="_KCioN4bAEe6ks8FmZ4As0Q"/>
    <styles xmi:type="notation:FontStyle" xmi:id="_KCioOIbAEe6ks8FmZ4As0Q" fontName="Segoe UI"/>
    <styles xmi:type="notation:FillStyle" xmi:id="_KCioOYbAEe6ks8FmZ4As0Q"/>
    <element xmi:type="map:Join" href="resource.map#_J9w10IbAEe6ks8FmZ4As0Q?fileId=_XnLuUIa_Ee6ks8FmZ4As0Q$type=map?"/>
    <layoutConstraint xmi:type="notation:Bounds" xmi:id="_KCioOobAEe6ks8FmZ4As0Q" x="29" y="244"/>
  </children>
  <children xmi:type="notation:Shape" xmi:id="_d-YhBIa_Ee6ks8FmZ4As0Q" type="2004" fontName="Segoe UI">
    <eAnnotations xmi:type="ecore:EAnnotation" xmi:id="_GooQkIbBEe6ks8FmZ4As0Q" source="com.indy.gmf.map.diagram.sort">
      <details xmi:type="ecore:EStringToStringMapEntry" xmi:id="_GooQkYbBEe6ks8FmZ4As0Q" key="filterMode" value="com.indy.gmf.map.diagram.filter.unmapped"/>
    </eAnnotations>
    <children xmi:type="notation:DecorationNode" xmi:id="_d-YhBoa_Ee6ks8FmZ4As0Q" type="5005"/>
    <children xmi:type="notation:DecorationNode" xmi:id="_d-YhB4a_Ee6ks8FmZ4As0Q" type="5007"/>
    <children xmi:type="notation:DecorationNode" xmi:id="_d-YhCIa_Ee6ks8FmZ4As0Q" type="7003"/>
    <children xmi:type="notation:DecorationNode" xmi:id="_d-YhCYa_Ee6ks8FmZ4As0Q" type="7009"/>
    <children xmi:type="notation:BasicCompartment" xmi:id="_d-YhCoa_Ee6ks8FmZ4As0Q" type="7004">
      <styles xmi:type="notation:SortingStyle" xmi:id="_d-YhC4a_Ee6ks8FmZ4As0Q"/>
      <styles xmi:type="notation:FilteringStyle" xmi:id="_d-YhDIa_Ee6ks8FmZ4As0Q"/>
    </children>
    <children xmi:type="notation:DecorationNode" xmi:id="_d-YhDYa_Ee6ks8FmZ4As0Q" type="5009">
      <styles xmi:type="notation:DrawerStyle" xmi:id="_d-YhDoa_Ee6ks8FmZ4As0Q"/>
    </children>
    <children xmi:type="notation:DecorationNode" xmi:id="_d-YhD4a_Ee6ks8FmZ4As0Q" type="7005">
      <styles xmi:type="notation:SortingStyle" xmi:id="_d-YhEIa_Ee6ks8FmZ4As0Q"/>
      <styles xmi:type="notation:FilteringStyle" xmi:id="_d-YhEYa_Ee6ks8FmZ4As0Q"/>
    </children>
    <children xmi:type="notation:BasicCompartment" xmi:id="_d-YhEoa_Ee6ks8FmZ4As0Q" type="7007"/>
    <element xmi:type="map:Datastore" href="resource.map#_d-PXAIa_Ee6ks8FmZ4As0Q?fileId=_XnLuUIa_Ee6ks8FmZ4As0Q$type=map?"/>
    <layoutConstraint xmi:type="notation:Bounds" xmi:id="_d-YhBYa_Ee6ks8FmZ4As0Q" x="354" y="141"/>
  </children>
  <children xmi:type="notation:Shape" xmi:id="_fvAKJ4a_Ee6ks8FmZ4As0Q" type="2004" fontName="Segoe UI">
    <children xmi:type="notation:DecorationNode" xmi:id="_fvAKKYa_Ee6ks8FmZ4As0Q" type="5005"/>
    <children xmi:type="notation:DecorationNode" xmi:id="_fvAKKoa_Ee6ks8FmZ4As0Q" type="5007"/>
    <children xmi:type="notation:DecorationNode" xmi:id="_fvAKK4a_Ee6ks8FmZ4As0Q" type="7003"/>
    <children xmi:type="notation:DecorationNode" xmi:id="_fvAKLIa_Ee6ks8FmZ4As0Q" type="7009"/>
    <children xmi:type="notation:BasicCompartment" xmi:id="_fvAKLYa_Ee6ks8FmZ4As0Q" type="7004">
      <styles xmi:type="notation:SortingStyle" xmi:id="_fvAKLoa_Ee6ks8FmZ4As0Q"/>
      <styles xmi:type="notation:FilteringStyle" xmi:id="_fvAKL4a_Ee6ks8FmZ4As0Q"/>
    </children>
    <children xmi:type="notation:DecorationNode" xmi:id="_fvAKMIa_Ee6ks8FmZ4As0Q" type="5009">
      <styles xmi:type="notation:DrawerStyle" xmi:id="_fvAKMYa_Ee6ks8FmZ4As0Q"/>
    </children>
    <children xmi:type="notation:DecorationNode" xmi:id="_fvAKMoa_Ee6ks8FmZ4As0Q" type="7005">
      <styles xmi:type="notation:SortingStyle" xmi:id="_fvAKM4a_Ee6ks8FmZ4As0Q"/>
      <styles xmi:type="notation:FilteringStyle" xmi:id="_fvAKNIa_Ee6ks8FmZ4As0Q"/>
    </children>
    <children xmi:type="notation:BasicCompartment" xmi:id="_fvAKNYa_Ee6ks8FmZ4As0Q" type="7007"/>
    <element xmi:type="map:Datastore" href="resource.map#_fvAKAIa_Ee6ks8FmZ4As0Q?fileId=_XnLuUIa_Ee6ks8FmZ4As0Q$type=map?"/>
    <layoutConstraint xmi:type="notation:Bounds" xmi:id="_fvAKKIa_Ee6ks8FmZ4As0Q" x="1713" y="118"/>
  </children>
  <children xmi:type="notation:Shape" xmi:id="_fdSvE4a_Ee6ks8FmZ4As0Q" type="2004" fontName="Segoe UI">
    <children xmi:type="notation:DecorationNode" xmi:id="_fdSvFYa_Ee6ks8FmZ4As0Q" type="5005"/>
    <children xmi:type="notation:DecorationNode" xmi:id="_fdSvFoa_Ee6ks8FmZ4As0Q" type="5007"/>
    <children xmi:type="notation:DecorationNode" xmi:id="_fdSvF4a_Ee6ks8FmZ4As0Q" type="7003"/>
    <children xmi:type="notation:DecorationNode" xmi:id="_fdSvGIa_Ee6ks8FmZ4As0Q" type="7009"/>
    <children xmi:type="notation:BasicCompartment" xmi:id="_fdSvGYa_Ee6ks8FmZ4As0Q" type="7004">
      <styles xmi:type="notation:SortingStyle" xmi:id="_fdSvGoa_Ee6ks8FmZ4As0Q"/>
      <styles xmi:type="notation:FilteringStyle" xmi:id="_fdSvG4a_Ee6ks8FmZ4As0Q"/>
    </children>
    <children xmi:type="notation:DecorationNode" xmi:id="_fdSvHIa_Ee6ks8FmZ4As0Q" type="5009">
      <styles xmi:type="notation:DrawerStyle" xmi:id="_fdSvHYa_Ee6ks8FmZ4As0Q"/>
    </children>
    <children xmi:type="notation:DecorationNode" xmi:id="_fdSvHoa_Ee6ks8FmZ4As0Q" type="7005">
      <styles xmi:type="notation:SortingStyle" xmi:id="_fdSvH4a_Ee6ks8FmZ4As0Q"/>
      <styles xmi:type="notation:FilteringStyle" xmi:id="_fdSvIIa_Ee6ks8FmZ4As0Q"/>
    </children>
    <children xmi:type="notation:BasicCompartment" xmi:id="_fdSvIYa_Ee6ks8FmZ4As0Q" type="7007"/>
    <element xmi:type="map:Datastore" href="resource.map#_fdSu8Ia_Ee6ks8FmZ4As0Q?fileId=_XnLuUIa_Ee6ks8FmZ4As0Q$type=map?"/>
    <layoutConstraint xmi:type="notation:Bounds" xmi:id="_fdSvFIa_Ee6ks8FmZ4As0Q" x="809" y="298"/>
  </children>
  <children xmi:type="notation:Shape" xmi:id="_egIjTYa_Ee6ks8FmZ4As0Q" type="2004" fontName="Segoe UI">
    <children xmi:type="notation:DecorationNode" xmi:id="_egIjT4a_Ee6ks8FmZ4As0Q" type="5005"/>
    <children xmi:type="notation:DecorationNode" xmi:id="_egIjUIa_Ee6ks8FmZ4As0Q" type="5007"/>
    <children xmi:type="notation:DecorationNode" xmi:id="_egIjUYa_Ee6ks8FmZ4As0Q" type="7003"/>
    <children xmi:type="notation:DecorationNode" xmi:id="_egIjUoa_Ee6ks8FmZ4As0Q" type="7009"/>
    <children xmi:type="notation:BasicCompartment" xmi:id="_egIjU4a_Ee6ks8FmZ4As0Q" type="7004">
      <styles xmi:type="notation:SortingStyle" xmi:id="_egIjVIa_Ee6ks8FmZ4As0Q"/>
      <styles xmi:type="notation:FilteringStyle" xmi:id="_egIjVYa_Ee6ks8FmZ4As0Q"/>
    </children>
    <children xmi:type="notation:DecorationNode" xmi:id="_egIjVoa_Ee6ks8FmZ4As0Q" type="5009">
      <styles xmi:type="notation:DrawerStyle" xmi:id="_egIjV4a_Ee6ks8FmZ4As0Q"/>
    </children>
    <children xmi:type="notation:DecorationNode" xmi:id="_egIjWIa_Ee6ks8FmZ4As0Q" type="7005">
      <styles xmi:type="notation:SortingStyle" xmi:id="_egIjWYa_Ee6ks8FmZ4As0Q"/>
      <styles xmi:type="notation:FilteringStyle" xmi:id="_egIjWoa_Ee6ks8FmZ4As0Q"/>
    </children>
    <children xmi:type="notation:BasicCompartment" xmi:id="_egIjW4a_Ee6ks8FmZ4As0Q" type="7007"/>
    <element xmi:type="map:Datastore" href="resource.map#_ef_ZMIa_Ee6ks8FmZ4As0Q?fileId=_XnLuUIa_Ee6ks8FmZ4As0Q$type=map?"/>
    <layoutConstraint xmi:type="notation:Bounds" xmi:id="_egIjToa_Ee6ks8FmZ4As0Q" x="792" y="-39"/>
  </children>
  <children xmi:type="notation:Node" xmi:id="_n1feEIbBEe6ks8FmZ4As0Q" type="2005">
    <styles xmi:type="notation:DescriptionStyle" xmi:id="_n1feEYbBEe6ks8FmZ4As0Q"/>
    <styles xmi:type="notation:FontStyle" xmi:id="_n1feEobBEe6ks8FmZ4As0Q" fontName="Segoe UI"/>
    <styles xmi:type="notation:FillStyle" xmi:id="_n1feE4bBEe6ks8FmZ4As0Q"/>
    <element xmi:type="map:Join" href="resource.map#_n1MjIIbBEe6ks8FmZ4As0Q?fileId=_XnLuUIa_Ee6ks8FmZ4As0Q$type=map?"/>
    <layoutConstraint xmi:type="notation:Bounds" xmi:id="_n1feFIbBEe6ks8FmZ4As0Q" x="715" y="233"/>
  </children>
  <styles xmi:type="notation:DiagramStyle" xmi:id="_Xn_mpIa_Ee6ks8FmZ4As0Q"/>
  <element xmi:type="map:Map" href="resource.map#_XnLuUIa_Ee6ks8FmZ4As0Q?fileId=_XnLuUIa_Ee6ks8FmZ4As0Q$type=map$name=TRANSCO_CLIENT?"/>
  <edges xmi:type="notation:Edge" xmi:id="_KCsZIIbAEe6ks8FmZ4As0Q" type="joinLink" source="_KCioNobAEe6ks8FmZ4As0Q" target="_dKSxo4a_Ee6ks8FmZ4As0Q">
    <element xsi:nil="true"/>
    <bendpoints xmi:type="notation:RelativeBendpoints" xmi:id="_KCsZIYbAEe6ks8FmZ4As0Q" points="[-1, -1, -217, -424]$[185, 362, -31, -61]"/>
  </edges>
  <edges xmi:type="notation:Edge" xmi:id="_KCsZIobAEe6ks8FmZ4As0Q" type="joinLink" source="_KCioNobAEe6ks8FmZ4As0Q" target="_cZQWM4a_Ee6ks8FmZ4As0Q">
    <element xsi:nil="true"/>
    <bendpoints xmi:type="notation:RelativeBendpoints" xmi:id="_KCsZI4bAEe6ks8FmZ4As0Q" points="[-1, -1, -227, -131]$[110, 63, -116, -67]"/>
  </edges>
  <edges xmi:type="notation:Edge" xmi:id="_1EbaAIbAEe6ks8FmZ4As0Q" type="targetLink" source="_d-YhBIa_Ee6ks8FmZ4As0Q" target="_dKSxo4a_Ee6ks8FmZ4As0Q">
    <element xsi:nil="true"/>
    <bendpoints xmi:type="notation:RelativeBendpoints" xmi:id="_1EbaAYbAEe6ks8FmZ4As0Q" points="[-152, 30, 406, -79]$[-475, 93, 83, -16]"/>
  </edges>
  <edges xmi:type="notation:Edge" xmi:id="_1EbaAobAEe6ks8FmZ4As0Q" type="targetDataSetLink" source="_d-YhBIa_Ee6ks8FmZ4As0Q" target="_d-YhBIa_Ee6ks8FmZ4As0Q">
    <element xmi:type="map:DataSet" href="resource.map#_dKSxmoa_Ee6ks8FmZ4As0Q?fileId=_XnLuUIa_Ee6ks8FmZ4As0Q$type=map?"/>
    <bendpoints xmi:type="notation:RelativeBendpoints" xmi:id="_1EbaA4bAEe6ks8FmZ4As0Q" points="[0, 0, 0, 0]$[0, 0, 0, 0]"/>
  </edges>
  <edges xmi:type="notation:Edge" xmi:id="_1EbaBIbAEe6ks8FmZ4As0Q" type="targetSetLink" source="_d-YhBIa_Ee6ks8FmZ4As0Q" target="_d-YhBIa_Ee6ks8FmZ4As0Q">
    <element xmi:type="map:SetDescriptor" href="resource.map#_UwvQMIbAEe6ks8FmZ4As0Q?fileId=_XnLuUIa_Ee6ks8FmZ4As0Q$type=map?"/>
    <bendpoints xmi:type="notation:RelativeBendpoints" xmi:id="_1EbaBYbAEe6ks8FmZ4As0Q" points="[0, 0, 0, 0]$[0, 0, 0, 0]"/>
  </edges>
  <edges xmi:type="notation:Edge" xmi:id="_6OxX8IbAEe6ks8FmZ4As0Q" type="targetLink" source="_d-YhBIa_Ee6ks8FmZ4As0Q" target="_cZQWM4a_Ee6ks8FmZ4As0Q">
    <element xsi:nil="true"/>
    <bendpoints xmi:type="notation:RelativeBendpoints" xmi:id="_6OxX8YbAEe6ks8FmZ4As0Q" points="[-173, -56, 396, 128]$[-453, -147, 116, 37]"/>
  </edges>
  <edges xmi:type="notation:Edge" xmi:id="_a0qFD4bBEe6ks8FmZ4As0Q" type="targetLink" source="_e6Jlw4a_Ee6ks8FmZ4As0Q" target="_egIjTYa_Ee6ks8FmZ4As0Q">
    <element xsi:nil="true"/>
    <bendpoints xmi:type="notation:RelativeBendpoints" xmi:id="_a0qFEIbBEe6ks8FmZ4As0Q" points="[-116, -22, 402, 74]$[-402, -75, 116, 21]"/>
  </edges>
  <edges xmi:type="notation:Edge" xmi:id="_a0qFE4bBEe6ks8FmZ4As0Q" type="targetDataSetLink" source="_e6Jlw4a_Ee6ks8FmZ4As0Q" target="_e6Jlw4a_Ee6ks8FmZ4As0Q">
    <element xmi:type="map:DataSet" href="resource.map#_egIjO4a_Ee6ks8FmZ4As0Q?fileId=_XnLuUIa_Ee6ks8FmZ4As0Q$type=map?"/>
    <bendpoints xmi:type="notation:RelativeBendpoints" xmi:id="_a0qFFIbBEe6ks8FmZ4As0Q" points="[0, 0, 0, 0]$[0, 0, 0, 0]"/>
  </edges>
  <edges xmi:type="notation:Edge" xmi:id="_a0z2AIbBEe6ks8FmZ4As0Q" type="targetSetLink" source="_e6Jlw4a_Ee6ks8FmZ4As0Q" target="_e6Jlw4a_Ee6ks8FmZ4As0Q">
    <element xmi:type="map:SetDescriptor" href="resource.map#_a0gUAIbBEe6ks8FmZ4As0Q?fileId=_XnLuUIa_Ee6ks8FmZ4As0Q$type=map?"/>
    <bendpoints xmi:type="notation:RelativeBendpoints" xmi:id="_a0z2AYbBEe6ks8FmZ4As0Q" points="[0, 0, 0, 0]$[0, 0, 0, 0]"/>
  </edges>
  <edges xmi:type="notation:Edge" xmi:id="_n1feFYbBEe6ks8FmZ4As0Q" type="joinLink" source="_n1feEIbBEe6ks8FmZ4As0Q" target="_fdSvE4a_Ee6ks8FmZ4As0Q">
    <element xsi:nil="true"/>
    <bendpoints xmi:type="notation:RelativeBendpoints" xmi:id="_n1feFobBEe6ks8FmZ4As0Q" points="[-1, -1, -892, -359]$[809, 324, -82, -34]"/>
  </edges>
  <edges xmi:type="notation:Edge" xmi:id="_n1feF4bBEe6ks8FmZ4As0Q" type="joinLink" source="_n1feEIbBEe6ks8FmZ4As0Q" target="_egIjTYa_Ee6ks8FmZ4As0Q">
    <element xsi:nil="true"/>
    <bendpoints xmi:type="notation:RelativeBendpoints" xmi:id="_n1feGIbBEe6ks8FmZ4As0Q" points="[-1, -1, -909, -112]$[792, 96, -116, -15]"/>
  </edges>
  <edges xmi:type="notation:Edge" xmi:id="_pZRlAIbBEe6ks8FmZ4As0Q" type="targetLink" source="_e6Jlw4a_Ee6ks8FmZ4As0Q" target="_fdSvE4a_Ee6ks8FmZ4As0Q">
    <element xsi:nil="true"/>
    <bendpoints xmi:type="notation:RelativeBendpoints" xmi:id="_pZRlAYbBEe6ks8FmZ4As0Q" points="[-186, 46, 419, -105]$[-522, 130, 83, -21]"/>
  </edges>
</notation:Diagram>
]]></diagram>
</map:map>